Using pre-set license
Built from '2021.3/china_unity/release' branch; Version is '2021.3.29f1c1 (0b77087ad835) revision 751368'; Using compiler version '192829333'; Build Type 'Release'
OS: 'Windows 11  (10.0.26200) 64bit Professional' Language: 'zh' Physical Memory: 32556 MB
BatchMode: 1, IsHumanControllingUs: 0, StartBugReporterOnCrash: 0, Is64bit: 1, IsPro: 1

COMMAND LINE ARGUMENTS:
C:\Program Files\Unity\Hub\Editor\2021.3.29f1c1\Editor\Unity.exe
-adb2
-batchMode
-noUpm
-name
AssetImportWorker10
-projectPath
D:/QuatumRaven/Code/Moonset-Valley
-logFile
Logs/AssetImportWorker10.log
-srvPort
58069
Successfully changed project path to: D:/QuatumRaven/Code/Moonset-Valley
D:/QuatumRaven/Code/Moonset-Valley
[UnityMemory] Configuration Parameters - Can be set up in boot.config
    "memorysetup-bucket-allocator-granularity=16"
    "memorysetup-bucket-allocator-bucket-count=8"
    "memorysetup-bucket-allocator-block-size=33554432"
    "memorysetup-bucket-allocator-block-count=8"
    "memorysetup-main-allocator-block-size=16777216"
    "memorysetup-thread-allocator-block-size=16777216"
    "memorysetup-gfx-main-allocator-block-size=16777216"
    "memorysetup-gfx-thread-allocator-block-size=16777216"
    "memorysetup-cache-allocator-block-size=4194304"
    "memorysetup-typetree-allocator-block-size=2097152"
    "memorysetup-profiler-bucket-allocator-granularity=16"
    "memorysetup-profiler-bucket-allocator-bucket-count=8"
    "memorysetup-profiler-bucket-allocator-block-size=33554432"
    "memorysetup-profiler-bucket-allocator-block-count=8"
    "memorysetup-profiler-allocator-block-size=16777216"
    "memorysetup-profiler-editor-allocator-block-size=1048576"
    "memorysetup-temp-allocator-size-main=16777216"
    "memorysetup-job-temp-allocator-block-size=2097152"
    "memorysetup-job-temp-allocator-block-size-background=1048576"
    "memorysetup-job-temp-allocator-reduction-small-platforms=262144"
    "memorysetup-temp-allocator-size-background-worker=32768"
    "memorysetup-temp-allocator-size-job-worker=262144"
    "memorysetup-temp-allocator-size-preload-manager=33554432"
    "memorysetup-temp-allocator-size-nav-mesh-worker=65536"
    "memorysetup-temp-allocator-size-audio-worker=65536"
    "memorysetup-temp-allocator-size-cloud-worker=32768"
    "memorysetup-temp-allocator-size-gi-baking-worker=262144"
    "memorysetup-temp-allocator-size-gfx=262144"
Player connection [22432] Host "[IP] 192.168.31.82 [Port] 0 [Flags] 2 [Guid] 1929913642 [EditorId] 1929913642 [Version] 1048832 [Id] WindowsEditor(7,HerseyHome) [Debug] 1 [PackageName] WindowsEditor [ProjectName] Editor" joined multi-casting on [225.0.0.222:54997]...

Player connection [22432] Host "[IP] 192.168.31.82 [Port] 0 [Flags] 2 [Guid] 1929913642 [EditorId] 1929913642 [Version] 1048832 [Id] WindowsEditor(7,HerseyHome) [Debug] 1 [PackageName] WindowsEditor [ProjectName] Editor" joined alternative multi-casting on [225.0.0.222:34997]...

AS: AutoStreaming module initializing.
Refreshing native plugins compatible for Editor in 41.36 ms, found 1 plugins.
Preloading 0 native plugins for Editor in 0.00 ms.
Initialize engine version: 2021.3.29f1c1 (0b77087ad835)
[Subsystems] Discovering subsystems at path C:/Program Files/Unity/Hub/Editor/2021.3.29f1c1/Editor/Data/Resources/UnitySubsystems
[Subsystems] Discovering subsystems at path D:/QuatumRaven/Code/Moonset-Valley/Assets
GfxDevice: creating device client; threaded=0; jobified=0
Direct3D:
    Version:  Direct3D 11.0 [level 11.1]
    Renderer: NVIDIA GeForce RTX 4060 Ti (ID=0x2803)
    Vendor:   NVIDIA
    VRAM:     7949 MB
    Driver:   32.0.16.1656
Initialize mono
Mono path[0] = 'C:/Program Files/Unity/Hub/Editor/2021.3.29f1c1/Editor/Data/Managed'
Mono path[1] = 'C:/Program Files/Unity/Hub/Editor/2021.3.29f1c1/Editor/Data/MonoBleedingEdge/lib/mono/unityjit-win32'
Mono config path = 'C:/Program Files/Unity/Hub/Editor/2021.3.29f1c1/Editor/Data/MonoBleedingEdge/etc'
Using monoOptions --debugger-agent=transport=dt_socket,embedding=1,server=y,suspend=n,address=127.0.0.1:56392
Begin MonoManager ReloadAssembly
Registering precompiled unity dll's ...
Register platform support module: C:/Program Files/Unity/Hub/Editor/2021.3.29f1c1/Editor/Data/PlaybackEngines/WindowsStandaloneSupport/UnityEditor.WindowsStandalone.Extensions.dll
Registered in 0.003630 seconds.
Native extension for WindowsStandalone target not found
Refreshing native plugins compatible for Editor in 37.25 ms, found 1 plugins.
Preloading 0 native plugins for Editor in 0.00 ms.
Mono: successfully reloaded assembly
- Completed reload, in  0.364 seconds
Domain Reload Profiling:
	ReloadAssembly (364ms)
		BeginReloadAssembly (59ms)
			ExecutionOrderSort (0ms)
			DisableScriptedObjects (0ms)
			BackupInstance (0ms)
			ReleaseScriptingObjects (0ms)
			CreateAndSetChildDomain (1ms)
		EndReloadAssembly (243ms)
			LoadAssemblies (55ms)
			RebuildTransferFunctionScriptingTraits (0ms)
			SetupTypeCache (59ms)
			ReleaseScriptCaches (0ms)
			RebuildScriptCaches (15ms)
			SetupLoadedEditorAssemblies (136ms)
				LogAssemblyErrors (0ms)
				InitializePlatformSupportModulesInManaged (5ms)
				SetLoadedEditorAssemblies (0ms)
				RefreshPlugins (37ms)
				BeforeProcessingInitializeOnLoad (1ms)
				ProcessInitializeOnLoadAttributes (66ms)
				ProcessInitializeOnLoadMethodAttributes (27ms)
				AfterProcessingInitializeOnLoad (0ms)
				EditorAssembliesLoaded (0ms)
			ExecutionOrderSort2 (0ms)
			AwakeInstancesAfterBackupRestoration (0ms)
Platform modules already initialized, skipping
Registering precompiled user dll's ...
Registered in 0.008602 seconds.
Begin MonoManager ReloadAssembly
Native extension for WindowsStandalone target not found
Refreshing native plugins compatible for Editor in 40.64 ms, found 1 plugins.
Preloading 0 native plugins for Editor in 0.00 ms.
Mono: successfully reloaded assembly
- Completed reload, in  0.551 seconds
Domain Reload Profiling:
	ReloadAssembly (552ms)
		BeginReloadAssembly (76ms)
			ExecutionOrderSort (0ms)
			DisableScriptedObjects (3ms)
			BackupInstance (0ms)
			ReleaseScriptingObjects (0ms)
			CreateAndSetChildDomain (10ms)
		EndReloadAssembly (409ms)
			LoadAssemblies (59ms)
			RebuildTransferFunctionScriptingTraits (0ms)
			SetupTypeCache (92ms)
			ReleaseScriptCaches (0ms)
			RebuildScriptCaches (30ms)
			SetupLoadedEditorAssemblies (209ms)
				LogAssemblyErrors (0ms)
				InitializePlatformSupportModulesInManaged (3ms)
				SetLoadedEditorAssemblies (0ms)
				RefreshPlugins (41ms)
				BeforeProcessingInitializeOnLoad (43ms)
				ProcessInitializeOnLoadAttributes (78ms)
				ProcessInitializeOnLoadMethodAttributes (37ms)
				AfterProcessingInitializeOnLoad (7ms)
				EditorAssembliesLoaded (0ms)
			ExecutionOrderSort2 (0ms)
			AwakeInstancesAfterBackupRestoration (3ms)
Platform modules already initialized, skipping
========================================================================
Worker process is ready to serve import requests
Launched and connected shader compiler UnityShaderCompiler.exe after 0.02 seconds
Refreshing native plugins compatible for Editor in 0.64 ms, found 1 plugins.
Preloading 0 native plugins for Editor in 0.00 ms.
Unloading 2167 Unused Serialized files (Serialized files now loaded: 0)
Unloading 51 unused Assets / (119.4 KB). Loaded Objects now: 2629.
Memory consumption went from 107.6 MB to 107.4 MB.
Total: 1.865900 ms (FindLiveObjects: 0.103900 ms CreateObjectMapping: 0.026500 ms MarkObjects: 1.673800 ms  DeleteObjects: 0.061000 ms)

AssetImportParameters requested are different than current active one (requested -> active):
  custom:video-decoder-ogg-theora: a1e56fd34408186e4bbccfd4996cb3dc -> 
  custom:container-muxer-webm: aa71ff27fc2769a1b78a27578f13a17b -> 
  custom:container-demuxer-webm: 4f35f7cbe854078d1ac9338744f61a02 -> 
  custom:video-encoder-webm-vp8: eb34c28f22e8b96e1ab97ce403110664 -> 
  custom:video-codec-MediaFoundation-h265: 746d11721c4dcdbdad8f713fa42b33f4 -> 
  custom:CustomObjectIndexerAttribute: bc11b3a6c3213fcdd17b65e7da85e133 -> 
  custom:audio-encoder-webm-vorbis: bf7c407c2cedff20999df2af8eb42d56 -> 
  custom:framework-win-MediaFoundation: 216162199b28c13a410421893ffa2e32 -> 
  custom:container-demuxer-ogg: 62fdf1f143b41e24485cea50d1cbac27 -> 
  custom:video-decoder-webm-vp8: 9c59270c3fd7afecdb556c50c9e8de78 -> 
  custom:audio-decoder-ogg-vorbis: bf7c407c2cedff20999df2af8eb42d56 -> 
========================================================================
Received Import Request.
  Time since last request: 28389.246055 seconds.
  path: Assets/QuantumRaven/Art/Enviroment/Trees/Tree02/Size5/Tree01_Size5_NoLeaf.png
  artifactKey: Guid(bbaeeac1ed0a2a4418bea5d15845a3af) Importer(815301076,1909f56bfc062723c751e8b465ee728b)
Start importing Assets/QuantumRaven/Art/Enviroment/Trees/Tree02/Size5/Tree01_Size5_NoLeaf.png using Guid(bbaeeac1ed0a2a4418bea5d15845a3af) Importer(815301076,1909f56bfc062723c751e8b465ee728b)  -> (artifact id: '695a4bac5dec9f1eec3da676f4769050') in 0.067263 seconds 
========================================================================
Received Import Request.
  Time since last request: 403.397136 seconds.
  path: Assets/QuantumRaven/Art/Enviroment/Trees/Tree02/Size4/Tree02_Size4_Color2.png
  artifactKey: Guid(48de21fdae1d865469aab5a7b4c7ec49) Importer(815301076,1909f56bfc062723c751e8b465ee728b)
Start importing Assets/QuantumRaven/Art/Enviroment/Trees/Tree02/Size4/Tree02_Size4_Color2.png using Guid(48de21fdae1d865469aab5a7b4c7ec49) Importer(815301076,1909f56bfc062723c751e8b465ee728b)  -> (artifact id: 'b48add68d268d750a44a8459d3a1c0af') in 0.039357 seconds 
========================================================================
Received Import Request.
  Time since last request: 0.000026 seconds.
  path: Assets/QuantumRaven/Art/Enviroment/Trees/Tree02/Size4/Tree02_Size4_Color5.png
  artifactKey: Guid(cbf6ef2b1029d0a48ad2da8f424cfc92) Importer(815301076,1909f56bfc062723c751e8b465ee728b)
Start importing Assets/QuantumRaven/Art/Enviroment/Trees/Tree02/Size4/Tree02_Size4_Color5.png using Guid(cbf6ef2b1029d0a48ad2da8f424cfc92) Importer(815301076,1909f56bfc062723c751e8b465ee728b)  -> (artifact id: '9340850ae044a42f94a1750759613db7') in 0.018256 seconds 
========================================================================
Received Import Request.
  Time since last request: 0.000022 seconds.
  path: Assets/QuantumRaven/Art/Enviroment/Trees/Tree02/Size4/Tree02_Size4_Color4.png
  artifactKey: Guid(2fe956da416691f4f9c1a15e98b677f0) Importer(815301076,1909f56bfc062723c751e8b465ee728b)
Start importing Assets/QuantumRaven/Art/Enviroment/Trees/Tree02/Size4/Tree02_Size4_Color4.png using Guid(2fe956da416691f4f9c1a15e98b677f0) Importer(815301076,1909f56bfc062723c751e8b465ee728b)  -> (artifact id: '7bdca7ae1601b226376afe7050738516') in 0.013959 seconds 
========================================================================
Received Import Request.
  Time since last request: 6.607364 seconds.
  path: Assets/QuantumRaven/Art/Enviroment/Trees/Tree02/Size4/Tree02_Size4_Color3.png
  artifactKey: Guid(8ca9a05ca93014c47ac14de3ba655d03) Importer(815301076,1909f56bfc062723c751e8b465ee728b)
Start importing Assets/QuantumRaven/Art/Enviroment/Trees/Tree02/Size4/Tree02_Size4_Color3.png using Guid(8ca9a05ca93014c47ac14de3ba655d03) Importer(815301076,1909f56bfc062723c751e8b465ee728b)  -> (artifact id: '0717c327e2c2614034c2c270e299ccd2') in 0.034892 seconds 
========================================================================
Received Import Request.
  Time since last request: 0.000016 seconds.
  path: Assets/QuantumRaven/Art/Enviroment/Trees/Tree02/Size4/Tree02_Size4_Color5.png
  artifactKey: Guid(cbf6ef2b1029d0a48ad2da8f424cfc92) Importer(815301076,1909f56bfc062723c751e8b465ee728b)
Start importing Assets/QuantumRaven/Art/Enviroment/Trees/Tree02/Size4/Tree02_Size4_Color5.png using Guid(cbf6ef2b1029d0a48ad2da8f424cfc92) Importer(815301076,1909f56bfc062723c751e8b465ee728b)  -> (artifact id: 'dfd4953e9103d5047017fa59df8c0425') in 0.048018 seconds 
========================================================================
Received Import Request.
  Time since last request: 0.000015 seconds.
  path: Assets/QuantumRaven/Art/Enviroment/Trees/Tree02/Size4/Tree02_Size4_Color4.png
  artifactKey: Guid(2fe956da416691f4f9c1a15e98b677f0) Importer(815301076,1909f56bfc062723c751e8b465ee728b)
Start importing Assets/QuantumRaven/Art/Enviroment/Trees/Tree02/Size4/Tree02_Size4_Color4.png using Guid(2fe956da416691f4f9c1a15e98b677f0) Importer(815301076,1909f56bfc062723c751e8b465ee728b)  -> (artifact id: '9a57ef42c4915de16c17d3ef5b244b7d') in 0.099883 seconds 
========================================================================
Received Import Request.
  Time since last request: 4436.692137 seconds.
  path: Assets/QuantumRaven/Art/Enviroment/Trees/Tree02/Size5/Tree02_Size5_Color2.png
  artifactKey: Guid(7b5b7db199cd91a40b9fe5561797798b) Importer(815301076,1909f56bfc062723c751e8b465ee728b)
Start importing Assets/QuantumRaven/Art/Enviroment/Trees/Tree02/Size5/Tree02_Size5_Color2.png using Guid(7b5b7db199cd91a40b9fe5561797798b) Importer(815301076,1909f56bfc062723c751e8b465ee728b)  -> (artifact id: 'dc7f9406d01a6d54709569d547c67939') in 0.022258 seconds 
========================================================================
Received Import Request.
  Time since last request: 0.000034 seconds.
  path: Assets/QuantumRaven/Art/Enviroment/Trees/Tree02/Size5/Tree02_Size5_Shadow.png
  artifactKey: Guid(477d63ac77d2fd946937f19dd7f4c918) Importer(815301076,1909f56bfc062723c751e8b465ee728b)
Start importing Assets/QuantumRaven/Art/Enviroment/Trees/Tree02/Size5/Tree02_Size5_Shadow.png using Guid(477d63ac77d2fd946937f19dd7f4c918) Importer(815301076,1909f56bfc062723c751e8b465ee728b)  -> (artifact id: '026434a9fb2235ce7fc1e79c94ef8c4d') in 0.013204 seconds 
========================================================================
Received Import Request.
  Time since last request: 0.000022 seconds.
  path: Assets/QuantumRaven/Art/Enviroment/Trees/Tree02/Size5/Tree02_Size5_Color3.png
  artifactKey: Guid(814c631adb6b157489b3057ad13eb1a1) Importer(815301076,1909f56bfc062723c751e8b465ee728b)
Start importing Assets/QuantumRaven/Art/Enviroment/Trees/Tree02/Size5/Tree02_Size5_Color3.png using Guid(814c631adb6b157489b3057ad13eb1a1) Importer(815301076,1909f56bfc062723c751e8b465ee728b)  -> (artifact id: 'a2b58da10a2b672b7016f89e46237de0') in 0.015759 seconds 
Editor requested this worker to shutdown with reason: Scaling down because of idle timeout
AssetImportWorker is now disconnected from the server
Process exiting
Exiting without the bug reporter. Application will terminate with return code 0