Using pre-set license
Built from '2021.3/china_unity/release' branch; Version is '2021.3.29f1c1 (0b77087ad835) revision 751368'; Using compiler version '192829333'; Build Type 'Release'
OS: 'Windows 11  (10.0.26200) 64bit Professional' Language: 'zh' Physical Memory: 32536 MB
BatchMode: 1, IsHumanControllingUs: 0, StartBugReporterOnCrash: 0, Is64bit: 1, IsPro: 1

COMMAND LINE ARGUMENTS:
C:\Program Files\Unity\Hub\Editor\2021.3.29f1c1\Editor\Unity.exe
-adb2
-batchMode
-noUpm
-name
AssetImportWorker2
-projectPath
E:/Hersey/CODE/Moonset-Valley
-logFile
Logs/AssetImportWorker2.log
-srvPort
57437
Successfully changed project path to: E:/Hersey/CODE/Moonset-Valley
E:/Hersey/CODE/Moonset-Valley
[UnityMemory] Configuration Parameters - Can be set up in boot.config
    "memorysetup-bucket-allocator-granularity=16"
    "memorysetup-bucket-allocator-bucket-count=8"
    "memorysetup-bucket-allocator-block-size=33554432"
    "memorysetup-bucket-allocator-block-count=8"
    "memorysetup-main-allocator-block-size=16777216"
    "memorysetup-thread-allocator-block-size=16777216"
    "memorysetup-gfx-main-allocator-block-size=16777216"
    "memorysetup-gfx-thread-allocator-block-size=16777216"
    "memorysetup-cache-allocator-block-size=4194304"
    "memorysetup-typetree-allocator-block-size=2097152"
    "memorysetup-profiler-bucket-allocator-granularity=16"
    "memorysetup-profiler-bucket-allocator-bucket-count=8"
    "memorysetup-profiler-bucket-allocator-block-size=33554432"
    "memorysetup-profiler-bucket-allocator-block-count=8"
    "memorysetup-profiler-allocator-block-size=16777216"
    "memorysetup-profiler-editor-allocator-block-size=1048576"
    "memorysetup-temp-allocator-size-main=16777216"
    "memorysetup-job-temp-allocator-block-size=2097152"
    "memorysetup-job-temp-allocator-block-size-background=1048576"
    "memorysetup-job-temp-allocator-reduction-small-platforms=262144"
    "memorysetup-temp-allocator-size-background-worker=32768"
    "memorysetup-temp-allocator-size-job-worker=262144"
    "memorysetup-temp-allocator-size-preload-manager=33554432"
    "memorysetup-temp-allocator-size-nav-mesh-worker=65536"
    "memorysetup-temp-allocator-size-audio-worker=65536"
    "memorysetup-temp-allocator-size-cloud-worker=32768"
    "memorysetup-temp-allocator-size-gi-baking-worker=262144"
    "memorysetup-temp-allocator-size-gfx=262144"
Player connection [29476] Host "[IP] 192.168.1.57 [Port] 0 [Flags] 2 [Guid] 1066515449 [EditorId] 1066515449 [Version] 1048832 [Id] WindowsEditor(7,DESKTOP-3N5T7D2) [Debug] 1 [PackageName] WindowsEditor [ProjectName] Editor" joined multi-casting on [225.0.0.222:54997]...

Player connection [29476] Host "[IP] 192.168.1.57 [Port] 0 [Flags] 2 [Guid] 1066515449 [EditorId] 1066515449 [Version] 1048832 [Id] WindowsEditor(7,DESKTOP-3N5T7D2) [Debug] 1 [PackageName] WindowsEditor [ProjectName] Editor" joined alternative multi-casting on [225.0.0.222:34997]...

AS: AutoStreaming module initializing.
Refreshing native plugins compatible for Editor in 49.88 ms, found 1 plugins.
Preloading 0 native plugins for Editor in 0.00 ms.
Initialize engine version: 2021.3.29f1c1 (0b77087ad835)
[Subsystems] Discovering subsystems at path C:/Program Files/Unity/Hub/Editor/2021.3.29f1c1/Editor/Data/Resources/UnitySubsystems
[Subsystems] Discovering subsystems at path E:/Hersey/CODE/Moonset-Valley/Assets
GfxDevice: creating device client; threaded=0; jobified=0
Direct3D:
    Version:  Direct3D 11.0 [level 11.1]
    Renderer: NVIDIA GeForce RTX 4060 (ID=0x2882)
    Vendor:   NVIDIA
    VRAM:     7957 MB
    Driver:   32.0.15.9186
Initialize mono
Mono path[0] = 'C:/Program Files/Unity/Hub/Editor/2021.3.29f1c1/Editor/Data/Managed'
Mono path[1] = 'C:/Program Files/Unity/Hub/Editor/2021.3.29f1c1/Editor/Data/MonoBleedingEdge/lib/mono/unityjit-win32'
Mono config path = 'C:/Program Files/Unity/Hub/Editor/2021.3.29f1c1/Editor/Data/MonoBleedingEdge/etc'
Using monoOptions --debugger-agent=transport=dt_socket,embedding=1,server=y,suspend=n,address=127.0.0.1:56472
Begin MonoManager ReloadAssembly
Registering precompiled unity dll's ...
Register platform support module: C:/Program Files/Unity/Hub/Editor/2021.3.29f1c1/Editor/Data/PlaybackEngines/WebGLSupport/UnityEditor.WebGL.Extensions.dll
Register platform support module: C:/Program Files/Unity/Hub/Editor/2021.3.29f1c1/Editor/Data/PlaybackEngines/WindowsStandaloneSupport/UnityEditor.WindowsStandalone.Extensions.dll
Registered in 0.003749 seconds.
Native extension for WindowsStandalone target not found
Native extension for WebGL target not found
Refreshing native plugins compatible for Editor in 46.14 ms, found 1 plugins.
Preloading 0 native plugins for Editor in 0.00 ms.
Mono: successfully reloaded assembly
- Completed reload, in  0.435 seconds
Domain Reload Profiling:
	ReloadAssembly (436ms)
		BeginReloadAssembly (63ms)
			ExecutionOrderSort (0ms)
			DisableScriptedObjects (0ms)
			BackupInstance (0ms)
			ReleaseScriptingObjects (0ms)
			CreateAndSetChildDomain (1ms)
		EndReloadAssembly (303ms)
			LoadAssemblies (60ms)
			RebuildTransferFunctionScriptingTraits (0ms)
			SetupTypeCache (68ms)
			ReleaseScriptCaches (0ms)
			RebuildScriptCaches (17ms)
			SetupLoadedEditorAssemblies (180ms)
				LogAssemblyErrors (0ms)
				InitializePlatformSupportModulesInManaged (6ms)
				SetLoadedEditorAssemblies (0ms)
				RefreshPlugins (46ms)
				BeforeProcessingInitializeOnLoad (1ms)
				ProcessInitializeOnLoadAttributes (90ms)
				ProcessInitializeOnLoadMethodAttributes (36ms)
				AfterProcessingInitializeOnLoad (0ms)
				EditorAssembliesLoaded (0ms)
			ExecutionOrderSort2 (0ms)
			AwakeInstancesAfterBackupRestoration (0ms)
Platform modules already initialized, skipping
Registering precompiled user dll's ...
Registered in 0.008574 seconds.
Begin MonoManager ReloadAssembly
Native extension for WindowsStandalone target not found
Native extension for WebGL target not found
Refreshing native plugins compatible for Editor in 44.26 ms, found 1 plugins.
Preloading 0 native plugins for Editor in 0.00 ms.
Mono: successfully reloaded assembly
- Completed reload, in  0.646 seconds
Domain Reload Profiling:
	ReloadAssembly (646ms)
		BeginReloadAssembly (85ms)
			ExecutionOrderSort (0ms)
			DisableScriptedObjects (4ms)
			BackupInstance (0ms)
			ReleaseScriptingObjects (0ms)
			CreateAndSetChildDomain (13ms)
		EndReloadAssembly (481ms)
			LoadAssemblies (62ms)
			RebuildTransferFunctionScriptingTraits (0ms)
			SetupTypeCache (108ms)
			ReleaseScriptCaches (0ms)
			RebuildScriptCaches (35ms)
			SetupLoadedEditorAssemblies (245ms)
				LogAssemblyErrors (0ms)
				InitializePlatformSupportModulesInManaged (4ms)
				SetLoadedEditorAssemblies (0ms)
				RefreshPlugins (44ms)
				BeforeProcessingInitializeOnLoad (50ms)
				ProcessInitializeOnLoadAttributes (96ms)
				ProcessInitializeOnLoadMethodAttributes (44ms)
				AfterProcessingInitializeOnLoad (6ms)
				EditorAssembliesLoaded (0ms)
			ExecutionOrderSort2 (0ms)
			AwakeInstancesAfterBackupRestoration (6ms)
Platform modules already initialized, skipping
========================================================================
Worker process is ready to serve import requests
Launched and connected shader compiler UnityShaderCompiler.exe after 0.03 seconds
Refreshing native plugins compatible for Editor in 0.63 ms, found 1 plugins.
Preloading 0 native plugins for Editor in 0.00 ms.
Unloading 2167 Unused Serialized files (Serialized files now loaded: 0)
Unloading 51 unused Assets / (119.3 KB). Loaded Objects now: 2629.
Memory consumption went from 111.8 MB to 111.6 MB.
Total: 2.024600 ms (FindLiveObjects: 0.109400 ms CreateObjectMapping: 0.034900 ms MarkObjects: 1.807800 ms  DeleteObjects: 0.071800 ms)

AssetImportParameters requested are different than current active one (requested -> active):
  custom:video-decoder-ogg-theora: a1e56fd34408186e4bbccfd4996cb3dc -> 
  custom:container-muxer-webm: aa71ff27fc2769a1b78a27578f13a17b -> 
  custom:container-demuxer-webm: 4f35f7cbe854078d1ac9338744f61a02 -> 
  custom:video-encoder-webm-vp8: eb34c28f22e8b96e1ab97ce403110664 -> 
  custom:audio-encoder-webm-vorbis: bf7c407c2cedff20999df2af8eb42d56 -> 
  custom:framework-win-MediaFoundation: 216162199b28c13a410421893ffa2e32 -> 
  custom:container-demuxer-ogg: 62fdf1f143b41e24485cea50d1cbac27 -> 
  custom:video-decoder-webm-vp8: 9c59270c3fd7afecdb556c50c9e8de78 -> 
  custom:audio-decoder-ogg-vorbis: bf7c407c2cedff20999df2af8eb42d56 -> 
========================================================================
Received Import Request.
  Time since last request: 13684.917655 seconds.
  path: Assets/QuantumRaven/Art/Enviroment/Buildings
  artifactKey: Guid(a7eb398de790f9540841e4f11a08bd05) Importer(815301076,1909f56bfc062723c751e8b465ee728b)
Start importing Assets/QuantumRaven/Art/Enviroment/Buildings using Guid(a7eb398de790f9540841e4f11a08bd05) Importer(815301076,1909f56bfc062723c751e8b465ee728b)  -> (artifact id: '79a14f165a2c9e75d35f025e85aa0918') in 0.005850 seconds 
========================================================================
Received Import Request.
  Time since last request: 0.861771 seconds.
  path: Assets/QuantumRaven/Art/Enviroment/Interior
  artifactKey: Guid(816a4ccf6b4aaff4fba2ab8e6a5b8d96) Importer(815301076,1909f56bfc062723c751e8b465ee728b)
Start importing Assets/QuantumRaven/Art/Enviroment/Interior using Guid(816a4ccf6b4aaff4fba2ab8e6a5b8d96) Importer(815301076,1909f56bfc062723c751e8b465ee728b)  -> (artifact id: 'be15f378c7dc3ea7fa5001e548c6b6f7') in 0.001128 seconds 
========================================================================
Received Import Request.
  Time since last request: 0.692196 seconds.
  path: Assets/QuantumRaven/Art/Enviroment/Interior/Interior_Props_01.png
  artifactKey: Guid(3f0685c2c0a7e94458a9a53e9015a868) Importer(815301076,1909f56bfc062723c751e8b465ee728b)
Start importing Assets/QuantumRaven/Art/Enviroment/Interior/Interior_Props_01.png using Guid(3f0685c2c0a7e94458a9a53e9015a868) Importer(815301076,1909f56bfc062723c751e8b465ee728b)  -> (artifact id: '9b9e99334703e2156ffa52e7ebe3d888') in 0.531476 seconds 
========================================================================
Received Import Request.
  Time since last request: 3.325309 seconds.
  path: Assets/QuantumRaven/Art/Enviroment/Other
  artifactKey: Guid(c6c6b05e5e13f7e4695251cbdc6a01bd) Importer(815301076,1909f56bfc062723c751e8b465ee728b)
Start importing Assets/QuantumRaven/Art/Enviroment/Other using Guid(c6c6b05e5e13f7e4695251cbdc6a01bd) Importer(815301076,1909f56bfc062723c751e8b465ee728b)  -> (artifact id: '6333919d254e59597deb38ffab06d162') in 0.001282 seconds 
========================================================================
Received Import Request.
  Time since last request: 0.095108 seconds.
  path: Assets/QuantumRaven/Art/Enviroment/Other/collision.png
  artifactKey: Guid(c36eabe17dac3a14fbb54a14bf366f5e) Importer(815301076,1909f56bfc062723c751e8b465ee728b)
Start importing Assets/QuantumRaven/Art/Enviroment/Other/collision.png using Guid(c36eabe17dac3a14fbb54a14bf366f5e) Importer(815301076,1909f56bfc062723c751e8b465ee728b)  -> (artifact id: 'a0cc7754508e05c25153b3f01e1edd84') in 0.019348 seconds 
========================================================================
Received Import Request.
  Time since last request: 4.183352 seconds.
  path: Assets/QuantumRaven/Art/Enviroment/Trees/Tree01
  artifactKey: Guid(e5b28e9e2fdc96c46974f767202f17a2) Importer(815301076,1909f56bfc062723c751e8b465ee728b)
Start importing Assets/QuantumRaven/Art/Enviroment/Trees/Tree01 using Guid(e5b28e9e2fdc96c46974f767202f17a2) Importer(815301076,1909f56bfc062723c751e8b465ee728b)  -> (artifact id: 'd1304895e8838923ecb5d53c82b3066a') in 0.001370 seconds 
========================================================================
Received Import Request.
  Time since last request: 5.671194 seconds.
  path: Assets/QuantumRaven/Art/Enviroment/Trees/Tree02/Size4
  artifactKey: Guid(f36dee979b8fce640a75eaae8d939efd) Importer(815301076,1909f56bfc062723c751e8b465ee728b)
Start importing Assets/QuantumRaven/Art/Enviroment/Trees/Tree02/Size4 using Guid(f36dee979b8fce640a75eaae8d939efd) Importer(815301076,1909f56bfc062723c751e8b465ee728b)  -> (artifact id: '2510ab077156a70d64b7ec86c9896856') in 0.001247 seconds 
========================================================================
Received Import Request.
  Time since last request: 5.681137 seconds.
  path: Assets/QuantumRaven/Art/Enviroment/Trees/Tree03
  artifactKey: Guid(e77f195aebcf88045ba96e817b6549c2) Importer(815301076,1909f56bfc062723c751e8b465ee728b)
Start importing Assets/QuantumRaven/Art/Enviroment/Trees/Tree03 using Guid(e77f195aebcf88045ba96e817b6549c2) Importer(815301076,1909f56bfc062723c751e8b465ee728b)  -> (artifact id: 'fa931782293c14a4456cb7500da64d7e') in 0.001437 seconds 
========================================================================
Received Import Request.
  Time since last request: 1.909212 seconds.
  path: Assets/QuantumRaven/Art/Enviroment/Trees/Tree03/Tree03_Size3_Green
  artifactKey: Guid(527d2ba162d84e844879da85724749c7) Importer(815301076,1909f56bfc062723c751e8b465ee728b)
Start importing Assets/QuantumRaven/Art/Enviroment/Trees/Tree03/Tree03_Size3_Green using Guid(527d2ba162d84e844879da85724749c7) Importer(815301076,1909f56bfc062723c751e8b465ee728b)  -> (artifact id: 'ced6ef1a79283046118988869fb717df') in 0.001108 seconds 
========================================================================
Received Import Request.
  Time since last request: 0.107689 seconds.
  path: Assets/QuantumRaven/Art/Enviroment/Trees/Tree03/Tree03_Size3_Green/Tree03_body.png
  artifactKey: Guid(84d46fcb191974e41b8b85a5ddbba84b) Importer(815301076,1909f56bfc062723c751e8b465ee728b)
Start importing Assets/QuantumRaven/Art/Enviroment/Trees/Tree03/Tree03_Size3_Green/Tree03_body.png using Guid(84d46fcb191974e41b8b85a5ddbba84b) Importer(815301076,1909f56bfc062723c751e8b465ee728b)  -> (artifact id: '677b573ff6f28caf0919968c12eb70dd') in 0.012181 seconds 
========================================================================
Received Import Request.
  Time since last request: 31.893981 seconds.
  path: Assets/QuantumRaven/Art/Enviroment/Trees/Tree02/Size5
  artifactKey: Guid(90ed72564300f6944acc027380f4d853) Importer(815301076,1909f56bfc062723c751e8b465ee728b)
Start importing Assets/QuantumRaven/Art/Enviroment/Trees/Tree02/Size5 using Guid(90ed72564300f6944acc027380f4d853) Importer(815301076,1909f56bfc062723c751e8b465ee728b)  -> (artifact id: 'd0870ce426dfaed345ded17f02b0e3ec') in 0.001270 seconds 
========================================================================
Received Prepare
Refreshing native plugins compatible for Editor in 3.53 ms, found 1 plugins.
Preloading 0 native plugins for Editor in 0.00 ms.
Unloading 27 Unused Serialized files (Serialized files now loaded: 0)
Unloading 27 unused Assets / (93.6 KB). Loaded Objects now: 2642.
Memory consumption went from 70.6 MB to 70.5 MB.
Total: 2.726900 ms (FindLiveObjects: 0.127400 ms CreateObjectMapping: 0.043200 ms MarkObjects: 2.518700 ms  DeleteObjects: 0.036600 ms)

AssetImportParameters requested are different than current active one (requested -> active):
  custom:video-decoder-ogg-theora: a1e56fd34408186e4bbccfd4996cb3dc -> 
  custom:container-muxer-webm: aa71ff27fc2769a1b78a27578f13a17b -> 
  custom:container-demuxer-webm: 4f35f7cbe854078d1ac9338744f61a02 -> 
  custom:video-encoder-webm-vp8: eb34c28f22e8b96e1ab97ce403110664 -> 
  custom:CustomObjectIndexerAttribute: bc11b3a6c3213fcdd17b65e7da85e133 -> 
  custom:audio-encoder-webm-vorbis: bf7c407c2cedff20999df2af8eb42d56 -> 
  custom:framework-win-MediaFoundation: 216162199b28c13a410421893ffa2e32 -> 
  custom:container-demuxer-ogg: 62fdf1f143b41e24485cea50d1cbac27 -> 
  custom:video-decoder-webm-vp8: 9c59270c3fd7afecdb556c50c9e8de78 -> 
  custom:audio-decoder-ogg-vorbis: bf7c407c2cedff20999df2af8eb42d56 -> 
========================================================================
Received Import Request.
  Time since last request: 8.147205 seconds.
  path: Assets/QuantumRaven/Art/Enviroment/Trees/Tree02/Size5/Tree02_Size5_Color5.png
  artifactKey: Guid(300ecdd2d2ce1324790b11d8f9c5bc43) Importer(815301076,1909f56bfc062723c751e8b465ee728b)
Start importing Assets/QuantumRaven/Art/Enviroment/Trees/Tree02/Size5/Tree02_Size5_Color5.png using Guid(300ecdd2d2ce1324790b11d8f9c5bc43) Importer(815301076,1909f56bfc062723c751e8b465ee728b)  -> (artifact id: '953f9c888611d8cb508f243cc1c22b7c') in 0.034356 seconds 
========================================================================
Received Import Request.
  Time since last request: 0.000019 seconds.
  path: Assets/QuantumRaven/Art/Enviroment/Trees/Tree02/Size5/Tree02_Size5_Shadow.png
  artifactKey: Guid(477d63ac77d2fd946937f19dd7f4c918) Importer(815301076,1909f56bfc062723c751e8b465ee728b)
Start importing Assets/QuantumRaven/Art/Enviroment/Trees/Tree02/Size5/Tree02_Size5_Shadow.png using Guid(477d63ac77d2fd946937f19dd7f4c918) Importer(815301076,1909f56bfc062723c751e8b465ee728b)  -> (artifact id: '41d972229cda4087d19818082ad68a4e') in 0.011388 seconds 
========================================================================
Received Import Request.
  Time since last request: 22.978374 seconds.
  path: Assets/QuantumRaven/Art/Enviroment/Trees/Tree02/Tree02_Size3_Color1/Tree02_body.png
  artifactKey: Guid(6b4949eae1e2c4043844c6ba3104c53d) Importer(815301076,1909f56bfc062723c751e8b465ee728b)
Start importing Assets/QuantumRaven/Art/Enviroment/Trees/Tree02/Tree02_Size3_Color1/Tree02_body.png using Guid(6b4949eae1e2c4043844c6ba3104c53d) Importer(815301076,1909f56bfc062723c751e8b465ee728b)  -> (artifact id: '11afb5141d23675077449de2147710e5') in 0.010182 seconds 
========================================================================
Received Import Request.
  Time since last request: 0.015961 seconds.
  path: Assets/QuantumRaven/Art/Enviroment/Trees/Tree02/Tree02_Size3_Color1/Tree02_Sapling.png
  artifactKey: Guid(63a59ccd986912c4897b82d296929cb4) Importer(815301076,1909f56bfc062723c751e8b465ee728b)
Start importing Assets/QuantumRaven/Art/Enviroment/Trees/Tree02/Tree02_Size3_Color1/Tree02_Sapling.png using Guid(63a59ccd986912c4897b82d296929cb4) Importer(815301076,1909f56bfc062723c751e8b465ee728b)  -> (artifact id: 'beba07c89544fa7114d7acab80b7c969') in 0.031543 seconds 
========================================================================
Received Import Request.
  Time since last request: 0.000056 seconds.
  path: Assets/QuantumRaven/Art/Enviroment/Trees/Tree02/Tree02_Size3_Color1/Tree02_Size3_tunk.png
  artifactKey: Guid(df8e2f1017fcf6b43826976ee72d3fba) Importer(815301076,1909f56bfc062723c751e8b465ee728b)
Start importing Assets/QuantumRaven/Art/Enviroment/Trees/Tree02/Tree02_Size3_Color1/Tree02_Size3_tunk.png using Guid(df8e2f1017fcf6b43826976ee72d3fba) Importer(815301076,1909f56bfc062723c751e8b465ee728b)  -> (artifact id: '689d9ecf2d2eecb813ced429092d5082') in 0.009321 seconds 
========================================================================
Received Import Request.
  Time since last request: 4.688942 seconds.
  path: Assets/QuantumRaven/Art/Enviroment/Trees/Tree02/Tree02_Size3_Color3
  artifactKey: Guid(0170f1181a5fb8e4da25f8749e8b71d4) Importer(815301076,1909f56bfc062723c751e8b465ee728b)
Start importing Assets/QuantumRaven/Art/Enviroment/Trees/Tree02/Tree02_Size3_Color3 using Guid(0170f1181a5fb8e4da25f8749e8b71d4) Importer(815301076,1909f56bfc062723c751e8b465ee728b)  -> (artifact id: '110cfb51b2a42133726b96db689de007') in 0.001618 seconds 
========================================================================
Received Import Request.
  Time since last request: 6.348572 seconds.
  path: Assets/QuantumRaven/Art/Enviroment/Trees/Tree02/Tree02_Size3_Color3/Tree02_body.png
  artifactKey: Guid(2da8c5ef9790b5742b8b820c08ba1993) Importer(815301076,1909f56bfc062723c751e8b465ee728b)
Start importing Assets/QuantumRaven/Art/Enviroment/Trees/Tree02/Tree02_Size3_Color3/Tree02_body.png using Guid(2da8c5ef9790b5742b8b820c08ba1993) Importer(815301076,1909f56bfc062723c751e8b465ee728b)  -> (artifact id: '36eeadc1faf889bb747aa00b32d48194') in 0.019935 seconds 
========================================================================
Received Import Request.
  Time since last request: 0.000023 seconds.
  path: Assets/QuantumRaven/Art/Enviroment/Trees/Tree02/Tree02_Size3_Color3/Tree02_Size3_body.png
  artifactKey: Guid(d388d5cdf4e4f5d4c99ed9d4d1870eba) Importer(815301076,1909f56bfc062723c751e8b465ee728b)
Start importing Assets/QuantumRaven/Art/Enviroment/Trees/Tree02/Tree02_Size3_Color3/Tree02_Size3_body.png using Guid(d388d5cdf4e4f5d4c99ed9d4d1870eba) Importer(815301076,1909f56bfc062723c751e8b465ee728b)  -> (artifact id: '9b1daaceef7d28b3819286bf4a219059') in 0.028003 seconds 
========================================================================
Received Import Request.
  Time since last request: 2.638519 seconds.
  path: Assets/QuantumRaven/Art/Enviroment/Trees/Tree02/Tree02_Size3_Color4
  artifactKey: Guid(c8a39b0921a670e4ca3a420078e64b78) Importer(815301076,1909f56bfc062723c751e8b465ee728b)
Start importing Assets/QuantumRaven/Art/Enviroment/Trees/Tree02/Tree02_Size3_Color4 using Guid(c8a39b0921a670e4ca3a420078e64b78) Importer(815301076,1909f56bfc062723c751e8b465ee728b)  -> (artifact id: '57bfc09b546a744ce12b438876fb3a8b') in 0.001144 seconds 
========================================================================
Received Import Request.
  Time since last request: 6.605805 seconds.
  path: Assets/QuantumRaven/Art/Enviroment/Trees/Tree02/Tree02_Size3_Color4/Tree02_body.png
  artifactKey: Guid(b59f4cf93f1c9bf47996317e5efbcbd9) Importer(815301076,1909f56bfc062723c751e8b465ee728b)
Start importing Assets/QuantumRaven/Art/Enviroment/Trees/Tree02/Tree02_Size3_Color4/Tree02_body.png using Guid(b59f4cf93f1c9bf47996317e5efbcbd9) Importer(815301076,1909f56bfc062723c751e8b465ee728b)  -> (artifact id: '2a1119d8449b11281de6c30f1a004cf7') in 0.014400 seconds 
========================================================================
Received Import Request.
  Time since last request: 0.000019 seconds.
  path: Assets/QuantumRaven/Art/Enviroment/Trees/Tree02/Tree02_Size3_Color4/Tree02_Size3_shadow.png
  artifactKey: Guid(a143011a2ef493142a1135e9db337ce6) Importer(815301076,1909f56bfc062723c751e8b465ee728b)
Start importing Assets/QuantumRaven/Art/Enviroment/Trees/Tree02/Tree02_Size3_Color4/Tree02_Size3_shadow.png using Guid(a143011a2ef493142a1135e9db337ce6) Importer(815301076,1909f56bfc062723c751e8b465ee728b)  -> (artifact id: 'fe13ff0dbac5f03c74f2b35ca7231813') in 0.013234 seconds 
========================================================================
Received Import Request.
  Time since last request: 2.556227 seconds.
  path: Assets/QuantumRaven/Art/Enviroment/Trees/Tree02/Tree02_Size3_Color5
  artifactKey: Guid(86d8390e7da8d1d498fa1a246281388e) Importer(815301076,1909f56bfc062723c751e8b465ee728b)
Start importing Assets/QuantumRaven/Art/Enviroment/Trees/Tree02/Tree02_Size3_Color5 using Guid(86d8390e7da8d1d498fa1a246281388e) Importer(815301076,1909f56bfc062723c751e8b465ee728b)  -> (artifact id: '1902669878661d7293848bb2e39259f7') in 0.001448 seconds 
========================================================================
Received Import Request.
  Time since last request: 9.195456 seconds.
  path: Assets/QuantumRaven/Art/Enviroment/Trees/Tree02/Tree02_Size3_Color5/Tree02_Size3_body.png
  artifactKey: Guid(539c45fd7a3e4e049b2bddf784a98a31) Importer(815301076,1909f56bfc062723c751e8b465ee728b)
Start importing Assets/QuantumRaven/Art/Enviroment/Trees/Tree02/Tree02_Size3_Color5/Tree02_Size3_body.png using Guid(539c45fd7a3e4e049b2bddf784a98a31) Importer(815301076,1909f56bfc062723c751e8b465ee728b)  -> (artifact id: '0a8cb8d76ea08533d7008369c3717edf') in 0.018294 seconds 
========================================================================
Received Import Request.
  Time since last request: 21.471272 seconds.
  path: Assets/QuantumRaven/Animations
  artifactKey: Guid(920d8b44ba63c1444ba9fe2104d2ca20) Importer(815301076,1909f56bfc062723c751e8b465ee728b)
Start importing Assets/QuantumRaven/Animations using Guid(920d8b44ba63c1444ba9fe2104d2ca20) Importer(815301076,1909f56bfc062723c751e8b465ee728b)  -> (artifact id: 'e1d911074fbb2d3be7b8a8f092f367bb') in 0.001241 seconds 
========================================================================
Received Import Request.
  Time since last request: 5.605180 seconds.
  path: Assets/QuantumRaven/Art/Enviroment/Trees/Tree03/Size4
  artifactKey: Guid(07ff29c55ebf29947b89e7dc28aea341) Importer(815301076,1909f56bfc062723c751e8b465ee728b)
Start importing Assets/QuantumRaven/Art/Enviroment/Trees/Tree03/Size4 using Guid(07ff29c55ebf29947b89e7dc28aea341) Importer(815301076,1909f56bfc062723c751e8b465ee728b)  -> (artifact id: '5024f515a4f169ab6fd855cda24eea75') in 0.001452 seconds 
========================================================================
Received Import Request.
  Time since last request: 3.752061 seconds.
  path: Assets/QuantumRaven/Art/Enviroment/Trees/Tree03/Size5
  artifactKey: Guid(b81b23745bcf83541bcca901f434992e) Importer(815301076,1909f56bfc062723c751e8b465ee728b)
Start importing Assets/QuantumRaven/Art/Enviroment/Trees/Tree03/Size5 using Guid(b81b23745bcf83541bcca901f434992e) Importer(815301076,1909f56bfc062723c751e8b465ee728b)  -> (artifact id: 'f76a870dbd6fa8fe3e5999bf4e946ee4') in 0.001160 seconds 
========================================================================
Received Import Request.
  Time since last request: 4.415799 seconds.
  path: Assets/QuantumRaven/Art/Enviroment/Trees/Tree03/Tree03_Size3_Brown
  artifactKey: Guid(16466167ec0d34d46ab1529252ad84ce) Importer(815301076,1909f56bfc062723c751e8b465ee728b)
Start importing Assets/QuantumRaven/Art/Enviroment/Trees/Tree03/Tree03_Size3_Brown using Guid(16466167ec0d34d46ab1529252ad84ce) Importer(815301076,1909f56bfc062723c751e8b465ee728b)  -> (artifact id: '4e215e60807443083ff6c7ec12515f47') in 0.001297 seconds 
========================================================================
Received Import Request.
  Time since last request: 0.072156 seconds.
  path: Assets/QuantumRaven/Art/Enviroment/Trees/Tree03/Tree03_Size3_Brown/Tree03_body.png
  artifactKey: Guid(f11d060851e7bb14a9e61a619dc76b16) Importer(815301076,1909f56bfc062723c751e8b465ee728b)
Start importing Assets/QuantumRaven/Art/Enviroment/Trees/Tree03/Tree03_Size3_Brown/Tree03_body.png using Guid(f11d060851e7bb14a9e61a619dc76b16) Importer(815301076,1909f56bfc062723c751e8b465ee728b)  -> (artifact id: '32da0bfc0d1d83c600a6e7acec0e6e37') in 0.013486 seconds 
========================================================================
Received Import Request.
  Time since last request: 0.000015 seconds.
  path: Assets/QuantumRaven/Art/Enviroment/Trees/Tree03/Tree03_Size3_Brown/Tree03_Size3_body.png
  artifactKey: Guid(63159b15dbe327e4a859c0ce374c7271) Importer(815301076,1909f56bfc062723c751e8b465ee728b)
Start importing Assets/QuantumRaven/Art/Enviroment/Trees/Tree03/Tree03_Size3_Brown/Tree03_Size3_body.png using Guid(63159b15dbe327e4a859c0ce374c7271) Importer(815301076,1909f56bfc062723c751e8b465ee728b)  -> (artifact id: '845a7b81e25184f328f7d00cb898aee1') in 0.016169 seconds 
========================================================================
Received Import Request.
  Time since last request: 7.023420 seconds.
  path: Assets/QuantumRaven/Art/Enviroment/Trees/Tree03/Tree03_Size3_Brown/Tree03_body.png
  artifactKey: Guid(f11d060851e7bb14a9e61a619dc76b16) Importer(815301076,1909f56bfc062723c751e8b465ee728b)
Start importing Assets/QuantumRaven/Art/Enviroment/Trees/Tree03/Tree03_Size3_Brown/Tree03_body.png using Guid(f11d060851e7bb14a9e61a619dc76b16) Importer(815301076,1909f56bfc062723c751e8b465ee728b)  -> (artifact id: 'c824735f9523dc990af1bfe6b33722ca') in 0.016797 seconds 
========================================================================
Received Import Request.
  Time since last request: 0.000017 seconds.
  path: Assets/QuantumRaven/Art/Enviroment/Trees/Tree03/Tree03_Size3_Brown/Tree03_Size3_shadow.png
  artifactKey: Guid(b9255afcec462d14bad2da67c61d775d) Importer(815301076,1909f56bfc062723c751e8b465ee728b)
Start importing Assets/QuantumRaven/Art/Enviroment/Trees/Tree03/Tree03_Size3_Brown/Tree03_Size3_shadow.png using Guid(b9255afcec462d14bad2da67c61d775d) Importer(815301076,1909f56bfc062723c751e8b465ee728b)  -> (artifact id: '9f8525084ef360fd8373d2b07e021965') in 0.037053 seconds 
========================================================================
Received Import Request.
  Time since last request: 9.630829 seconds.
  path: Assets/QuantumRaven/Art/Enviroment/Trees/Tree03/Tree03_Size3_Green/Tree03_body.png
  artifactKey: Guid(84d46fcb191974e41b8b85a5ddbba84b) Importer(815301076,1909f56bfc062723c751e8b465ee728b)
Start importing Assets/QuantumRaven/Art/Enviroment/Trees/Tree03/Tree03_Size3_Green/Tree03_body.png using Guid(84d46fcb191974e41b8b85a5ddbba84b) Importer(815301076,1909f56bfc062723c751e8b465ee728b)  -> (artifact id: '0b5c7d4d7006c90769e40cfb8cee9a65') in 0.018207 seconds 
========================================================================
Received Import Request.
  Time since last request: 0.000026 seconds.
  path: Assets/QuantumRaven/Art/Enviroment/Trees/Tree03/Tree03_Size3_Green/Tree03_Size3_tunk.png
  artifactKey: Guid(608802d3b0d980149aaa25376b64d02a) Importer(815301076,1909f56bfc062723c751e8b465ee728b)
Start importing Assets/QuantumRaven/Art/Enviroment/Trees/Tree03/Tree03_Size3_Green/Tree03_Size3_tunk.png using Guid(608802d3b0d980149aaa25376b64d02a) Importer(815301076,1909f56bfc062723c751e8b465ee728b)  -> (artifact id: '10b51b152192c21a83569f349e243f9e') in 0.040537 seconds 
========================================================================
Received Import Request.
  Time since last request: 1.884635 seconds.
  path: Assets/QuantumRaven/Art/Enviroment/Trees/Tree03/Tree03_Size3_NoLeaf
  artifactKey: Guid(d1c9a29318f6bd34f824c2d5e638b64a) Importer(815301076,1909f56bfc062723c751e8b465ee728b)
Start importing Assets/QuantumRaven/Art/Enviroment/Trees/Tree03/Tree03_Size3_NoLeaf using Guid(d1c9a29318f6bd34f824c2d5e638b64a) Importer(815301076,1909f56bfc062723c751e8b465ee728b)  -> (artifact id: 'c3615f67c59169b78fd54b39068dd55e') in 0.001100 seconds 
========================================================================
Received Import Request.
  Time since last request: 0.065922 seconds.
  path: Assets/QuantumRaven/Art/Enviroment/Trees/Tree03/Tree03_Size3_NoLeaf/Tree03_Size3_body.png
  artifactKey: Guid(8ed73a6b252865e4ab833771f5f46491) Importer(815301076,1909f56bfc062723c751e8b465ee728b)
Start importing Assets/QuantumRaven/Art/Enviroment/Trees/Tree03/Tree03_Size3_NoLeaf/Tree03_Size3_body.png using Guid(8ed73a6b252865e4ab833771f5f46491) Importer(815301076,1909f56bfc062723c751e8b465ee728b)  -> (artifact id: '8134918fe676b09e1491f312d924ba7b') in 0.019678 seconds 
========================================================================
Received Import Request.
  Time since last request: 6.116505 seconds.
  path: Assets/QuantumRaven/Art/Enviroment/Trees/Tree03/Tree03_Size3_NoLeaf/Tree03_Size3_body.png
  artifactKey: Guid(8ed73a6b252865e4ab833771f5f46491) Importer(815301076,1909f56bfc062723c751e8b465ee728b)
Start importing Assets/QuantumRaven/Art/Enviroment/Trees/Tree03/Tree03_Size3_NoLeaf/Tree03_Size3_body.png using Guid(8ed73a6b252865e4ab833771f5f46491) Importer(815301076,1909f56bfc062723c751e8b465ee728b)  -> (artifact id: '8b1a150ba8e8572e7890294b3cd3e87f') in 0.017898 seconds 
========================================================================
Received Import Request.
  Time since last request: 2.685872 seconds.
  path: Assets/QuantumRaven/Art/Enviroment/Trees/Tree03/Tree03_Size3_Red
  artifactKey: Guid(75e0ec18e3a88ca438dea7d426edd0ba) Importer(815301076,1909f56bfc062723c751e8b465ee728b)
Start importing Assets/QuantumRaven/Art/Enviroment/Trees/Tree03/Tree03_Size3_Red using Guid(75e0ec18e3a88ca438dea7d426edd0ba) Importer(815301076,1909f56bfc062723c751e8b465ee728b)  -> (artifact id: '66d989331bc418a4214fa8b990c57a79') in 0.001187 seconds 
========================================================================
Received Import Request.
  Time since last request: 0.091921 seconds.
  path: Assets/QuantumRaven/Art/Enviroment/Trees/Tree03/Tree03_Size3_Red/Tree03_body.png
  artifactKey: Guid(0ffc1c2dea1000b4bb6ac0265b790f1b) Importer(815301076,1909f56bfc062723c751e8b465ee728b)
Start importing Assets/QuantumRaven/Art/Enviroment/Trees/Tree03/Tree03_Size3_Red/Tree03_body.png using Guid(0ffc1c2dea1000b4bb6ac0265b790f1b) Importer(815301076,1909f56bfc062723c751e8b465ee728b)  -> (artifact id: '0ae0f7252b13768358e95eb998072f73') in 0.010028 seconds 
========================================================================
Received Import Request.
  Time since last request: 0.000015 seconds.
  path: Assets/QuantumRaven/Art/Enviroment/Trees/Tree03/Tree03_Size3_Red/Tree03_Size3_shadow.png
  artifactKey: Guid(c75be6ef09b3cb44f99d0978eccb8680) Importer(815301076,1909f56bfc062723c751e8b465ee728b)
Start importing Assets/QuantumRaven/Art/Enviroment/Trees/Tree03/Tree03_Size3_Red/Tree03_Size3_shadow.png using Guid(c75be6ef09b3cb44f99d0978eccb8680) Importer(815301076,1909f56bfc062723c751e8b465ee728b)  -> (artifact id: '749b1a226c8872a951faadc4ddb8150d') in 0.009580 seconds 
========================================================================
Received Import Request.
  Time since last request: 8.099376 seconds.
  path: Assets/QuantumRaven/Art/Enviroment/Trees/Tree03/Tree03_Size3_Red/Tree03_body.png
  artifactKey: Guid(0ffc1c2dea1000b4bb6ac0265b790f1b) Importer(815301076,1909f56bfc062723c751e8b465ee728b)
Start importing Assets/QuantumRaven/Art/Enviroment/Trees/Tree03/Tree03_Size3_Red/Tree03_body.png using Guid(0ffc1c2dea1000b4bb6ac0265b790f1b) Importer(815301076,1909f56bfc062723c751e8b465ee728b)  -> (artifact id: '2fd75e712f60acda61600edc04975408') in 0.021778 seconds 
========================================================================
Received Import Request.
  Time since last request: 0.000025 seconds.
  path: Assets/QuantumRaven/Art/Enviroment/Trees/Tree03/Tree03_Size3_Red/Tree03_Size3_body.png
  artifactKey: Guid(59593e2a972bf6842b5099c3e261a78a) Importer(815301076,1909f56bfc062723c751e8b465ee728b)
Start importing Assets/QuantumRaven/Art/Enviroment/Trees/Tree03/Tree03_Size3_Red/Tree03_Size3_body.png using Guid(59593e2a972bf6842b5099c3e261a78a) Importer(815301076,1909f56bfc062723c751e8b465ee728b)  -> (artifact id: '39203a25a76e292fdd558216d9aaae5e') in 0.044296 seconds 
========================================================================
Received Import Request.
  Time since last request: 1.714074 seconds.
  path: Assets/QuantumRaven/Art/Enviroment/Trees/Tree03/Tree03_Size3_Yellow
  artifactKey: Guid(fcb4a0f73611474458508f858c3d047e) Importer(815301076,1909f56bfc062723c751e8b465ee728b)
Start importing Assets/QuantumRaven/Art/Enviroment/Trees/Tree03/Tree03_Size3_Yellow using Guid(fcb4a0f73611474458508f858c3d047e) Importer(815301076,1909f56bfc062723c751e8b465ee728b)  -> (artifact id: 'dab6a3a2f9417932264ca83632d1bf7e') in 0.001273 seconds 
========================================================================
Received Import Request.
  Time since last request: 0.850291 seconds.
  path: Assets/QuantumRaven/Art/Enviroment/Trees/Tree03/Tree03_Size3_Yellow/Tree03_body.png
  artifactKey: Guid(1aa9a4fc97117cc45abc86504b5c6b7c) Importer(815301076,1909f56bfc062723c751e8b465ee728b)
Start importing Assets/QuantumRaven/Art/Enviroment/Trees/Tree03/Tree03_Size3_Yellow/Tree03_body.png using Guid(1aa9a4fc97117cc45abc86504b5c6b7c) Importer(815301076,1909f56bfc062723c751e8b465ee728b)  -> (artifact id: 'e6051350c2fcf2e10bafd067d12f75a8') in 0.015069 seconds 
========================================================================
Received Import Request.
  Time since last request: 0.000022 seconds.
  path: Assets/QuantumRaven/Art/Enviroment/Trees/Tree03/Tree03_Size3_Yellow/Tree03_Size3_body.png
  artifactKey: Guid(829ac41134f04344bbebf53d9fdc7965) Importer(815301076,1909f56bfc062723c751e8b465ee728b)
Start importing Assets/QuantumRaven/Art/Enviroment/Trees/Tree03/Tree03_Size3_Yellow/Tree03_Size3_body.png using Guid(829ac41134f04344bbebf53d9fdc7965) Importer(815301076,1909f56bfc062723c751e8b465ee728b)  -> (artifact id: 'a7eb9bb1eaa38bc1bf1f4fd65026743e') in 0.039416 seconds 
========================================================================
Received Import Request.
  Time since last request: 5.922568 seconds.
  path: Assets/QuantumRaven/Art/Enviroment/Trees/Tree03/Tree03_Size3_Yellow/Tree03_body.png
  artifactKey: Guid(1aa9a4fc97117cc45abc86504b5c6b7c) Importer(815301076,1909f56bfc062723c751e8b465ee728b)
Start importing Assets/QuantumRaven/Art/Enviroment/Trees/Tree03/Tree03_Size3_Yellow/Tree03_body.png using Guid(1aa9a4fc97117cc45abc86504b5c6b7c) Importer(815301076,1909f56bfc062723c751e8b465ee728b)  -> (artifact id: '66a31839c845d2726f10c7a5ebf3338b') in 0.017996 seconds 
========================================================================
Received Import Request.
  Time since last request: 0.000025 seconds.
  path: Assets/QuantumRaven/Art/Enviroment/Trees/Tree03/Tree03_Size3_Yellow/Tree03_Size3_tunk.png
  artifactKey: Guid(66de19c916591d04099508b9a83a1a32) Importer(815301076,1909f56bfc062723c751e8b465ee728b)
Start importing Assets/QuantumRaven/Art/Enviroment/Trees/Tree03/Tree03_Size3_Yellow/Tree03_Size3_tunk.png using Guid(66de19c916591d04099508b9a83a1a32) Importer(815301076,1909f56bfc062723c751e8b465ee728b)  -> (artifact id: 'e0809909c617686c6caea20c67a30baa') in 0.049490 seconds 
========================================================================
Received Import Request.
  Time since last request: 7.447225 seconds.
  path: Assets/Prefabs/UI
  artifactKey: Guid(d8d5e6d1c394739418700895dab42b3d) Importer(815301076,1909f56bfc062723c751e8b465ee728b)
Start importing Assets/Prefabs/UI using Guid(d8d5e6d1c394739418700895dab42b3d) Importer(815301076,1909f56bfc062723c751e8b465ee728b)  -> (artifact id: 'a945830f4c622edf66b2240e7517af0b') in 0.001223 seconds 
========================================================================
Received Import Request.
  Time since last request: 7.704211 seconds.
  path: Assets/Prefabs/Enviroment/Tree/Tree01/Tree01_Size4_Brown.prefab
  artifactKey: Guid(c80ee4262ab92b74db94cf6435abc042) Importer(815301076,1909f56bfc062723c751e8b465ee728b)
Start importing Assets/Prefabs/Enviroment/Tree/Tree01/Tree01_Size4_Brown.prefab using Guid(c80ee4262ab92b74db94cf6435abc042) Importer(815301076,1909f56bfc062723c751e8b465ee728b)  -> (artifact id: '1846fd884df0d525bffb91f838cddf2b') in 0.038643 seconds 
========================================================================
Received Import Request.
  Time since last request: 0.000019 seconds.
  path: Assets/Prefabs/Enviroment/Tree/Tree01/Tree01_Size4_Red.prefab
  artifactKey: Guid(893f162492e426a41900e0a688ae1c78) Importer(815301076,1909f56bfc062723c751e8b465ee728b)
Start importing Assets/Prefabs/Enviroment/Tree/Tree01/Tree01_Size4_Red.prefab using Guid(893f162492e426a41900e0a688ae1c78) Importer(815301076,1909f56bfc062723c751e8b465ee728b)  -> (artifact id: 'ab54ae700c69c6bf08025838e6406d5a') in 0.010543 seconds 
========================================================================
Received Import Request.
  Time since last request: 17.860320 seconds.
  path: Assets/Prefabs/Enviroment/Tree/Tree02/Tree02_Size03_Green01.prefab
  artifactKey: Guid(82abfc669cef7c34986bf8ee7aa50ffa) Importer(815301076,1909f56bfc062723c751e8b465ee728b)
Start importing Assets/Prefabs/Enviroment/Tree/Tree02/Tree02_Size03_Green01.prefab using Guid(82abfc669cef7c34986bf8ee7aa50ffa) Importer(815301076,1909f56bfc062723c751e8b465ee728b)  -> (artifact id: 'a8fa75f19a765070961d86ae5d52ad7c') in 0.011613 seconds 
========================================================================
Received Import Request.
  Time since last request: 0.000022 seconds.
  path: Assets/Prefabs/Enviroment/Tree/Tree02/Tree02_Size04_NoLeafs.prefab
  artifactKey: Guid(57d75d17224bf3e43895e0049938f025) Importer(815301076,1909f56bfc062723c751e8b465ee728b)
Start importing Assets/Prefabs/Enviroment/Tree/Tree02/Tree02_Size04_NoLeafs.prefab using Guid(57d75d17224bf3e43895e0049938f025) Importer(815301076,1909f56bfc062723c751e8b465ee728b)  -> (artifact id: '60f7badfb34e0b4315b8e30de00078a7') in 0.008533 seconds 
Editor requested this worker to shutdown with reason: Scaling down because of idle timeout
AssetImportWorker is now disconnected from the server
Process exiting
Exiting without the bug reporter. Application will terminate with return code 0