Using pre-set license
Built from '2021.3/china_unity/release' branch; Version is '2021.3.29f1c1 (0b77087ad835) revision 751368'; Using compiler version '192829333'; Build Type 'Release'
OS: 'Windows 11  (10.0.26200) 64bit Professional' Language: 'zh' Physical Memory: 32556 MB
BatchMode: 1, IsHumanControllingUs: 0, StartBugReporterOnCrash: 0, Is64bit: 1, IsPro: 1

COMMAND LINE ARGUMENTS:
C:\Program Files\Unity\Hub\Editor\2021.3.29f1c1\Editor\Unity.exe
-adb2
-batchMode
-noUpm
-name
AssetImportWorker8
-projectPath
D:/QuatumRaven/Code/Moonset-Valley
-logFile
Logs/AssetImportWorker8.log
-srvPort
65506
Successfully changed project path to: D:/QuatumRaven/Code/Moonset-Valley
D:/QuatumRaven/Code/Moonset-Valley
[UnityMemory] Configuration Parameters - Can be set up in boot.config
    "memorysetup-bucket-allocator-granularity=16"
    "memorysetup-bucket-allocator-bucket-count=8"
    "memorysetup-bucket-allocator-block-size=33554432"
    "memorysetup-bucket-allocator-block-count=8"
    "memorysetup-main-allocator-block-size=16777216"
    "memorysetup-thread-allocator-block-size=16777216"
    "memorysetup-gfx-main-allocator-block-size=16777216"
    "memorysetup-gfx-thread-allocator-block-size=16777216"
    "memorysetup-cache-allocator-block-size=4194304"
    "memorysetup-typetree-allocator-block-size=2097152"
    "memorysetup-profiler-bucket-allocator-granularity=16"
    "memorysetup-profiler-bucket-allocator-bucket-count=8"
    "memorysetup-profiler-bucket-allocator-block-size=33554432"
    "memorysetup-profiler-bucket-allocator-block-count=8"
    "memorysetup-profiler-allocator-block-size=16777216"
    "memorysetup-profiler-editor-allocator-block-size=1048576"
    "memorysetup-temp-allocator-size-main=16777216"
    "memorysetup-job-temp-allocator-block-size=2097152"
    "memorysetup-job-temp-allocator-block-size-background=1048576"
    "memorysetup-job-temp-allocator-reduction-small-platforms=262144"
    "memorysetup-temp-allocator-size-background-worker=32768"
    "memorysetup-temp-allocator-size-job-worker=262144"
    "memorysetup-temp-allocator-size-preload-manager=33554432"
    "memorysetup-temp-allocator-size-nav-mesh-worker=65536"
    "memorysetup-temp-allocator-size-audio-worker=65536"
    "memorysetup-temp-allocator-size-cloud-worker=32768"
    "memorysetup-temp-allocator-size-gi-baking-worker=262144"
    "memorysetup-temp-allocator-size-gfx=262144"
Player connection [40424] Host "[IP] 192.168.31.82 [Port] 0 [Flags] 2 [Guid] 4034460759 [EditorId] 4034460759 [Version] 1048832 [Id] WindowsEditor(7,HerseyHome) [Debug] 1 [PackageName] WindowsEditor [ProjectName] Editor" joined multi-casting on [225.0.0.222:54997]...

Player connection [40424] Host "[IP] 192.168.31.82 [Port] 0 [Flags] 2 [Guid] 4034460759 [EditorId] 4034460759 [Version] 1048832 [Id] WindowsEditor(7,HerseyHome) [Debug] 1 [PackageName] WindowsEditor [ProjectName] Editor" joined alternative multi-casting on [225.0.0.222:34997]...

AS: AutoStreaming module initializing.
Refreshing native plugins compatible for Editor in 48.93 ms, found 1 plugins.
Preloading 0 native plugins for Editor in 0.00 ms.
Initialize engine version: 2021.3.29f1c1 (0b77087ad835)
[Subsystems] Discovering subsystems at path C:/Program Files/Unity/Hub/Editor/2021.3.29f1c1/Editor/Data/Resources/UnitySubsystems
[Subsystems] Discovering subsystems at path D:/QuatumRaven/Code/Moonset-Valley/Assets
GfxDevice: creating device client; threaded=0; jobified=0
Direct3D:
    Version:  Direct3D 11.0 [level 11.1]
    Renderer: NVIDIA GeForce RTX 4060 Ti (ID=0x2803)
    Vendor:   NVIDIA
    VRAM:     7949 MB
    Driver:   32.0.16.1656
Initialize mono
Mono path[0] = 'C:/Program Files/Unity/Hub/Editor/2021.3.29f1c1/Editor/Data/Managed'
Mono path[1] = 'C:/Program Files/Unity/Hub/Editor/2021.3.29f1c1/Editor/Data/MonoBleedingEdge/lib/mono/unityjit-win32'
Mono config path = 'C:/Program Files/Unity/Hub/Editor/2021.3.29f1c1/Editor/Data/MonoBleedingEdge/etc'
Using monoOptions --debugger-agent=transport=dt_socket,embedding=1,server=y,suspend=n,address=127.0.0.1:56136
Begin MonoManager ReloadAssembly
Registering precompiled unity dll's ...
Register platform support module: C:/Program Files/Unity/Hub/Editor/2021.3.29f1c1/Editor/Data/PlaybackEngines/WindowsStandaloneSupport/UnityEditor.WindowsStandalone.Extensions.dll
Registered in 0.004587 seconds.
Native extension for WindowsStandalone target not found
Refreshing native plugins compatible for Editor in 45.50 ms, found 1 plugins.
Preloading 0 native plugins for Editor in 0.00 ms.
Mono: successfully reloaded assembly
- Completed reload, in  0.418 seconds
Domain Reload Profiling:
	ReloadAssembly (418ms)
		BeginReloadAssembly (59ms)
			ExecutionOrderSort (0ms)
			DisableScriptedObjects (0ms)
			BackupInstance (0ms)
			ReleaseScriptingObjects (0ms)
			CreateAndSetChildDomain (1ms)
		EndReloadAssembly (290ms)
			LoadAssemblies (56ms)
			RebuildTransferFunctionScriptingTraits (0ms)
			SetupTypeCache (68ms)
			ReleaseScriptCaches (0ms)
			RebuildScriptCaches (19ms)
			SetupLoadedEditorAssemblies (165ms)
				LogAssemblyErrors (0ms)
				InitializePlatformSupportModulesInManaged (6ms)
				SetLoadedEditorAssemblies (0ms)
				RefreshPlugins (46ms)
				BeforeProcessingInitializeOnLoad (1ms)
				ProcessInitializeOnLoadAttributes (79ms)
				ProcessInitializeOnLoadMethodAttributes (33ms)
				AfterProcessingInitializeOnLoad (0ms)
				EditorAssembliesLoaded (0ms)
			ExecutionOrderSort2 (0ms)
			AwakeInstancesAfterBackupRestoration (0ms)
Platform modules already initialized, skipping
Registering precompiled user dll's ...
Registered in 0.009461 seconds.
Begin MonoManager ReloadAssembly
Native extension for WindowsStandalone target not found
Refreshing native plugins compatible for Editor in 43.59 ms, found 1 plugins.
Preloading 0 native plugins for Editor in 0.00 ms.
Mono: successfully reloaded assembly
- Completed reload, in  0.636 seconds
Domain Reload Profiling:
	ReloadAssembly (637ms)
		BeginReloadAssembly (79ms)
			ExecutionOrderSort (0ms)
			DisableScriptedObjects (4ms)
			BackupInstance (0ms)
			ReleaseScriptingObjects (0ms)
			CreateAndSetChildDomain (11ms)
		EndReloadAssembly (479ms)
			LoadAssemblies (58ms)
			RebuildTransferFunctionScriptingTraits (0ms)
			SetupTypeCache (115ms)
			ReleaseScriptCaches (0ms)
			RebuildScriptCaches (34ms)
			SetupLoadedEditorAssemblies (240ms)
				LogAssemblyErrors (0ms)
				InitializePlatformSupportModulesInManaged (3ms)
				SetLoadedEditorAssemblies (0ms)
				RefreshPlugins (44ms)
				BeforeProcessingInitializeOnLoad (50ms)
				ProcessInitializeOnLoadAttributes (93ms)
				ProcessInitializeOnLoadMethodAttributes (42ms)
				AfterProcessingInitializeOnLoad (9ms)
				EditorAssembliesLoaded (0ms)
			ExecutionOrderSort2 (0ms)
			AwakeInstancesAfterBackupRestoration (4ms)
Platform modules already initialized, skipping
========================================================================
Worker process is ready to serve import requests
Launched and connected shader compiler UnityShaderCompiler.exe after 0.03 seconds
Refreshing native plugins compatible for Editor in 0.73 ms, found 1 plugins.
Preloading 0 native plugins for Editor in 0.00 ms.
Unloading 2167 Unused Serialized files (Serialized files now loaded: 0)
Unloading 51 unused Assets / (119.4 KB). Loaded Objects now: 2629.
Memory consumption went from 107.6 MB to 107.4 MB.
Total: 1.861500 ms (FindLiveObjects: 0.098400 ms CreateObjectMapping: 0.027600 ms MarkObjects: 1.664700 ms  DeleteObjects: 0.070200 ms)

AssetImportParameters requested are different than current active one (requested -> active):
  custom:video-decoder-ogg-theora: a1e56fd34408186e4bbccfd4996cb3dc -> 
  custom:container-muxer-webm: aa71ff27fc2769a1b78a27578f13a17b -> 
  custom:container-demuxer-webm: 4f35f7cbe854078d1ac9338744f61a02 -> 
  custom:video-encoder-webm-vp8: eb34c28f22e8b96e1ab97ce403110664 -> 
  custom:video-codec-MediaFoundation-h265: 746d11721c4dcdbdad8f713fa42b33f4 -> 
  custom:CustomObjectIndexerAttribute: bc11b3a6c3213fcdd17b65e7da85e133 -> 
  custom:audio-encoder-webm-vorbis: bf7c407c2cedff20999df2af8eb42d56 -> 
  custom:framework-win-MediaFoundation: 216162199b28c13a410421893ffa2e32 -> 
  custom:container-demuxer-ogg: 62fdf1f143b41e24485cea50d1cbac27 -> 
  custom:video-decoder-webm-vp8: 9c59270c3fd7afecdb556c50c9e8de78 -> 
  custom:audio-decoder-ogg-vorbis: bf7c407c2cedff20999df2af8eb42d56 -> 
========================================================================
Received Import Request.
  Time since last request: 91692.271871 seconds.
  path: Assets/Prefabs/Enviroment/Crop/bush01_3.prefab
  artifactKey: Guid(5d9963c1022ade444a8ac037c38189ff) Importer(815301076,1909f56bfc062723c751e8b465ee728b)
Start importing Assets/Prefabs/Enviroment/Crop/bush01_3.prefab using Guid(5d9963c1022ade444a8ac037c38189ff) Importer(815301076,1909f56bfc062723c751e8b465ee728b)  -> (artifact id: 'fa53b8d8ff78c352ec5073dab316e9aa') in 0.097790 seconds 
========================================================================
Received Import Request.
  Time since last request: 0.000041 seconds.
  path: Assets/Prefabs/Enviroment/Crop/bush03_3.prefab
  artifactKey: Guid(d16be05fd69ee8146b26ae6900649dc1) Importer(815301076,1909f56bfc062723c751e8b465ee728b)
Start importing Assets/Prefabs/Enviroment/Crop/bush03_3.prefab using Guid(d16be05fd69ee8146b26ae6900649dc1) Importer(815301076,1909f56bfc062723c751e8b465ee728b)  -> (artifact id: 'b647899ea937c40dfc3945e1538ac2b9') in 0.026143 seconds 
========================================================================
Received Import Request.
  Time since last request: 0.000033 seconds.
  path: Assets/Prefabs/Enviroment/Crop/bush03_4.prefab
  artifactKey: Guid(032e5601773dc4d47b9bbef7bf17c1d3) Importer(815301076,1909f56bfc062723c751e8b465ee728b)
Start importing Assets/Prefabs/Enviroment/Crop/bush03_4.prefab using Guid(032e5601773dc4d47b9bbef7bf17c1d3) Importer(815301076,1909f56bfc062723c751e8b465ee728b)  -> (artifact id: '8ca614aac1e83e57b8de9796591fece8') in 0.022834 seconds 
========================================================================
Received Import Request.
  Time since last request: 0.000021 seconds.
  path: Assets/Prefabs/Enviroment/Crop/bush04_5.prefab
  artifactKey: Guid(f6e13ceec02cf88419d524355efc9c41) Importer(815301076,1909f56bfc062723c751e8b465ee728b)
Start importing Assets/Prefabs/Enviroment/Crop/bush04_5.prefab using Guid(f6e13ceec02cf88419d524355efc9c41) Importer(815301076,1909f56bfc062723c751e8b465ee728b)  -> (artifact id: 'c07e4f94bec3b2bc37f66289c801570c') in 0.020849 seconds 
========================================================================
Received Import Request.
  Time since last request: 0.000018 seconds.
  path: Assets/Prefabs/Enviroment/Crop/bush02_3.prefab
  artifactKey: Guid(a1848d553759e32449cba965a60a2249) Importer(815301076,1909f56bfc062723c751e8b465ee728b)
Start importing Assets/Prefabs/Enviroment/Crop/bush02_3.prefab using Guid(a1848d553759e32449cba965a60a2249) Importer(815301076,1909f56bfc062723c751e8b465ee728b)  -> (artifact id: '36e6be6e8d448e8116f0ad1a2a36dca2') in 0.021640 seconds 
========================================================================
Received Import Request.
  Time since last request: 0.000017 seconds.
  path: Assets/Prefabs/Enviroment/Crop/bush04_4.prefab
  artifactKey: Guid(bcffe2cd4f948e546a7fd5ec51dfa321) Importer(815301076,1909f56bfc062723c751e8b465ee728b)
Start importing Assets/Prefabs/Enviroment/Crop/bush04_4.prefab using Guid(bcffe2cd4f948e546a7fd5ec51dfa321) Importer(815301076,1909f56bfc062723c751e8b465ee728b)  -> (artifact id: '351055a9d226155b7514f420b41fd6a5') in 0.020760 seconds 
========================================================================
Received Import Request.
  Time since last request: 0.000015 seconds.
  path: Assets/Prefabs/Enviroment/Crop/Rock01.prefab
  artifactKey: Guid(0b579ceac7f225641b68619b874f4c5f) Importer(815301076,1909f56bfc062723c751e8b465ee728b)
Start importing Assets/Prefabs/Enviroment/Crop/Rock01.prefab using Guid(0b579ceac7f225641b68619b874f4c5f) Importer(815301076,1909f56bfc062723c751e8b465ee728b)  -> (artifact id: '12408072148893c8afe681d77521e4c6') in 0.022187 seconds 
========================================================================
Received Import Request.
  Time since last request: 0.000016 seconds.
  path: Assets/Prefabs/Enviroment/Crop/bush05_4.prefab
  artifactKey: Guid(8d23f78feb5d7a9408e78ecc06d1043c) Importer(815301076,1909f56bfc062723c751e8b465ee728b)
Start importing Assets/Prefabs/Enviroment/Crop/bush05_4.prefab using Guid(8d23f78feb5d7a9408e78ecc06d1043c) Importer(815301076,1909f56bfc062723c751e8b465ee728b)  -> (artifact id: '2dcdb5cd308b16a29b28514acb3b9a7d') in 0.023086 seconds 
========================================================================
Received Import Request.
  Time since last request: 0.000019 seconds.
  path: Assets/Prefabs/Enviroment/Crop/bush05_5.prefab
  artifactKey: Guid(beef2fba6bd935c44a902c8506501231) Importer(815301076,1909f56bfc062723c751e8b465ee728b)
Start importing Assets/Prefabs/Enviroment/Crop/bush05_5.prefab using Guid(beef2fba6bd935c44a902c8506501231) Importer(815301076,1909f56bfc062723c751e8b465ee728b)  -> (artifact id: '3db5db958484bd0f55fe9272e5e5a50d') in 0.022411 seconds 
========================================================================
Received Import Request.
  Time since last request: 0.000016 seconds.
  path: Assets/Prefabs/Enviroment/Crop/bush02_2.prefab
  artifactKey: Guid(4de0f05280c70ac4f8a10ddbe3c73dd3) Importer(815301076,1909f56bfc062723c751e8b465ee728b)
Start importing Assets/Prefabs/Enviroment/Crop/bush02_2.prefab using Guid(4de0f05280c70ac4f8a10ddbe3c73dd3) Importer(815301076,1909f56bfc062723c751e8b465ee728b)  -> (artifact id: '7b014c8551d14bcb22ea20d8ad017b29') in 0.022446 seconds 
========================================================================
Received Import Request.
  Time since last request: 19.574314 seconds.
  path: Assets/Prefabs/Enviroment/Crop/bush01_3.prefab
  artifactKey: Guid(5d9963c1022ade444a8ac037c38189ff) Importer(815301076,1909f56bfc062723c751e8b465ee728b)
Start importing Assets/Prefabs/Enviroment/Crop/bush01_3.prefab using Guid(5d9963c1022ade444a8ac037c38189ff) Importer(815301076,1909f56bfc062723c751e8b465ee728b)  -> (artifact id: '464187b589eea833193c92e7c32443bd') in 0.007593 seconds 
========================================================================
Received Import Request.
  Time since last request: 0.000017 seconds.
  path: Assets/Prefabs/Enviroment/Crop/bush02_4.prefab
  artifactKey: Guid(1fb4f9be248c27947828b105d6fe739e) Importer(815301076,1909f56bfc062723c751e8b465ee728b)
Start importing Assets/Prefabs/Enviroment/Crop/bush02_4.prefab using Guid(1fb4f9be248c27947828b105d6fe739e) Importer(815301076,1909f56bfc062723c751e8b465ee728b)  -> (artifact id: 'e1944c3cb2ccd1887e0fdaf506ade69f') in 0.012067 seconds 
========================================================================
Received Import Request.
  Time since last request: 0.000021 seconds.
  path: Assets/Prefabs/Enviroment/Crop/Rock02.prefab
  artifactKey: Guid(c14629a46f7913e4ca9424b4b551284d) Importer(815301076,1909f56bfc062723c751e8b465ee728b)
Start importing Assets/Prefabs/Enviroment/Crop/Rock02.prefab using Guid(c14629a46f7913e4ca9424b4b551284d) Importer(815301076,1909f56bfc062723c751e8b465ee728b)  -> (artifact id: 'aff671124506004325eade71d820a9e6') in 0.010821 seconds 
========================================================================
Received Import Request.
  Time since last request: 0.000021 seconds.
  path: Assets/Prefabs/Enviroment/Crop/bush03_5.prefab
  artifactKey: Guid(e637bfe441ddf15478b1ba65195541d4) Importer(815301076,1909f56bfc062723c751e8b465ee728b)
Start importing Assets/Prefabs/Enviroment/Crop/bush03_5.prefab using Guid(e637bfe441ddf15478b1ba65195541d4) Importer(815301076,1909f56bfc062723c751e8b465ee728b)  -> (artifact id: '66f872f421bb35944841c9827240a6e0') in 0.009731 seconds 
========================================================================
Received Import Request.
  Time since last request: 0.000025 seconds.
  path: Assets/Prefabs/Enviroment/Crop/bush04_5.prefab
  artifactKey: Guid(f6e13ceec02cf88419d524355efc9c41) Importer(815301076,1909f56bfc062723c751e8b465ee728b)
Start importing Assets/Prefabs/Enviroment/Crop/bush04_5.prefab using Guid(f6e13ceec02cf88419d524355efc9c41) Importer(815301076,1909f56bfc062723c751e8b465ee728b)  -> (artifact id: '8fbca654059b66f83a86dd7d9de0625a') in 0.008709 seconds 
========================================================================
Received Import Request.
  Time since last request: 0.000017 seconds.
  path: Assets/Prefabs/Enviroment/Crop/bush02_3.prefab
  artifactKey: Guid(a1848d553759e32449cba965a60a2249) Importer(815301076,1909f56bfc062723c751e8b465ee728b)
Start importing Assets/Prefabs/Enviroment/Crop/bush02_3.prefab using Guid(a1848d553759e32449cba965a60a2249) Importer(815301076,1909f56bfc062723c751e8b465ee728b)  -> (artifact id: '1553341ba8dfe6a34ec0e624e1b8e4d0') in 0.010904 seconds 
========================================================================
Received Import Request.
  Time since last request: 0.000025 seconds.
  path: Assets/Prefabs/Enviroment/Crop/bush04_4.prefab
  artifactKey: Guid(bcffe2cd4f948e546a7fd5ec51dfa321) Importer(815301076,1909f56bfc062723c751e8b465ee728b)
Start importing Assets/Prefabs/Enviroment/Crop/bush04_4.prefab using Guid(bcffe2cd4f948e546a7fd5ec51dfa321) Importer(815301076,1909f56bfc062723c751e8b465ee728b)  -> (artifact id: 'b6e987b2e5dcd21ff5232dbe1d38291b') in 0.011640 seconds 
========================================================================
Received Import Request.
  Time since last request: 0.000018 seconds.
  path: Assets/Prefabs/Enviroment/Crop/Tree01_Size03_Trunk.prefab
  artifactKey: Guid(1de5df2493f0cb44babcf4276ed942bd) Importer(815301076,1909f56bfc062723c751e8b465ee728b)
Start importing Assets/Prefabs/Enviroment/Crop/Tree01_Size03_Trunk.prefab using Guid(1de5df2493f0cb44babcf4276ed942bd) Importer(815301076,1909f56bfc062723c751e8b465ee728b)  -> (artifact id: 'e0bd9158d19e91e4ba32382468eb9ee0') in 0.007450 seconds 
========================================================================
Received Import Request.
  Time since last request: 0.000016 seconds.
  path: Assets/Prefabs/Enviroment/Crop/bush05_5.prefab
  artifactKey: Guid(beef2fba6bd935c44a902c8506501231) Importer(815301076,1909f56bfc062723c751e8b465ee728b)
Start importing Assets/Prefabs/Enviroment/Crop/bush05_5.prefab using Guid(beef2fba6bd935c44a902c8506501231) Importer(815301076,1909f56bfc062723c751e8b465ee728b)  -> (artifact id: '31616dba193fac5ad170d5c02d71c62d') in 0.010299 seconds 
Editor requested this worker to shutdown with reason: Scaling down because of idle timeout
AssetImportWorker is now disconnected from the server
Process exiting
Exiting without the bug reporter. Application will terminate with return code 0