Using pre-set license
Built from '2021.3/china_unity/release' branch; Version is '2021.3.29f1c1 (0b77087ad835) revision 751368'; Using compiler version '192829333'; Build Type 'Release'
OS: 'Windows 11  (10.0.26200) 64bit Professional' Language: 'zh' Physical Memory: 32556 MB
BatchMode: 1, IsHumanControllingUs: 0, StartBugReporterOnCrash: 0, Is64bit: 1, IsPro: 1

COMMAND LINE ARGUMENTS:
C:\Program Files\Unity\Hub\Editor\2021.3.29f1c1\Editor\Unity.exe
-adb2
-batchMode
-noUpm
-name
AssetImportWorker0
-projectPath
D:/QuatumRaven/Code/Moonset-Valley
-logFile
Logs/AssetImportWorker0.log
-srvPort
65506
Successfully changed project path to: D:/QuatumRaven/Code/Moonset-Valley
D:/QuatumRaven/Code/Moonset-Valley
[UnityMemory] Configuration Parameters - Can be set up in boot.config
    "memorysetup-bucket-allocator-granularity=16"
    "memorysetup-bucket-allocator-bucket-count=8"
    "memorysetup-bucket-allocator-block-size=33554432"
    "memorysetup-bucket-allocator-block-count=8"
    "memorysetup-main-allocator-block-size=16777216"
    "memorysetup-thread-allocator-block-size=16777216"
    "memorysetup-gfx-main-allocator-block-size=16777216"
    "memorysetup-gfx-thread-allocator-block-size=16777216"
    "memorysetup-cache-allocator-block-size=4194304"
    "memorysetup-typetree-allocator-block-size=2097152"
    "memorysetup-profiler-bucket-allocator-granularity=16"
    "memorysetup-profiler-bucket-allocator-bucket-count=8"
    "memorysetup-profiler-bucket-allocator-block-size=33554432"
    "memorysetup-profiler-bucket-allocator-block-count=8"
    "memorysetup-profiler-allocator-block-size=16777216"
    "memorysetup-profiler-editor-allocator-block-size=1048576"
    "memorysetup-temp-allocator-size-main=16777216"
    "memorysetup-job-temp-allocator-block-size=2097152"
    "memorysetup-job-temp-allocator-block-size-background=1048576"
    "memorysetup-job-temp-allocator-reduction-small-platforms=262144"
    "memorysetup-temp-allocator-size-background-worker=32768"
    "memorysetup-temp-allocator-size-job-worker=262144"
    "memorysetup-temp-allocator-size-preload-manager=33554432"
    "memorysetup-temp-allocator-size-nav-mesh-worker=65536"
    "memorysetup-temp-allocator-size-audio-worker=65536"
    "memorysetup-temp-allocator-size-cloud-worker=32768"
    "memorysetup-temp-allocator-size-gi-baking-worker=262144"
    "memorysetup-temp-allocator-size-gfx=262144"
Player connection [16736] Host "[IP] 192.168.31.82 [Port] 0 [Flags] 2 [Guid] 4283156099 [EditorId] 4283156099 [Version] 1048832 [Id] WindowsEditor(7,HerseyHome) [Debug] 1 [PackageName] WindowsEditor [ProjectName] Editor" joined multi-casting on [225.0.0.222:54997]...

Player connection [16736] Host "[IP] 192.168.31.82 [Port] 0 [Flags] 2 [Guid] 4283156099 [EditorId] 4283156099 [Version] 1048832 [Id] WindowsEditor(7,HerseyHome) [Debug] 1 [PackageName] WindowsEditor [ProjectName] Editor" joined alternative multi-casting on [225.0.0.222:34997]...

AS: AutoStreaming module initializing.
Refreshing native plugins compatible for Editor in 42.51 ms, found 1 plugins.
Preloading 0 native plugins for Editor in 0.00 ms.
Initialize engine version: 2021.3.29f1c1 (0b77087ad835)
[Subsystems] Discovering subsystems at path C:/Program Files/Unity/Hub/Editor/2021.3.29f1c1/Editor/Data/Resources/UnitySubsystems
[Subsystems] Discovering subsystems at path D:/QuatumRaven/Code/Moonset-Valley/Assets
GfxDevice: creating device client; threaded=0; jobified=0
Direct3D:
    Version:  Direct3D 11.0 [level 11.1]
    Renderer: NVIDIA GeForce RTX 4060 Ti (ID=0x2803)
    Vendor:   NVIDIA
    VRAM:     7949 MB
    Driver:   32.0.16.1656
Initialize mono
Mono path[0] = 'C:/Program Files/Unity/Hub/Editor/2021.3.29f1c1/Editor/Data/Managed'
Mono path[1] = 'C:/Program Files/Unity/Hub/Editor/2021.3.29f1c1/Editor/Data/MonoBleedingEdge/lib/mono/unityjit-win32'
Mono config path = 'C:/Program Files/Unity/Hub/Editor/2021.3.29f1c1/Editor/Data/MonoBleedingEdge/etc'
Using monoOptions --debugger-agent=transport=dt_socket,embedding=1,server=y,suspend=n,address=127.0.0.1:56720
Begin MonoManager ReloadAssembly
Registering precompiled unity dll's ...
Register platform support module: C:/Program Files/Unity/Hub/Editor/2021.3.29f1c1/Editor/Data/PlaybackEngines/WindowsStandaloneSupport/UnityEditor.WindowsStandalone.Extensions.dll
Registered in 0.003920 seconds.
Native extension for WindowsStandalone target not found
Refreshing native plugins compatible for Editor in 37.04 ms, found 1 plugins.
Preloading 0 native plugins for Editor in 0.00 ms.
Mono: successfully reloaded assembly
- Completed reload, in  0.359 seconds
Domain Reload Profiling:
	ReloadAssembly (360ms)
		BeginReloadAssembly (57ms)
			ExecutionOrderSort (0ms)
			DisableScriptedObjects (0ms)
			BackupInstance (0ms)
			ReleaseScriptingObjects (0ms)
			CreateAndSetChildDomain (0ms)
		EndReloadAssembly (241ms)
			LoadAssemblies (54ms)
			RebuildTransferFunctionScriptingTraits (0ms)
			SetupTypeCache (57ms)
			ReleaseScriptCaches (0ms)
			RebuildScriptCaches (15ms)
			SetupLoadedEditorAssemblies (134ms)
				LogAssemblyErrors (0ms)
				InitializePlatformSupportModulesInManaged (5ms)
				SetLoadedEditorAssemblies (0ms)
				RefreshPlugins (37ms)
				BeforeProcessingInitializeOnLoad (1ms)
				ProcessInitializeOnLoadAttributes (64ms)
				ProcessInitializeOnLoadMethodAttributes (27ms)
				AfterProcessingInitializeOnLoad (0ms)
				EditorAssembliesLoaded (0ms)
			ExecutionOrderSort2 (0ms)
			AwakeInstancesAfterBackupRestoration (0ms)
Platform modules already initialized, skipping
Registering precompiled user dll's ...
Registered in 0.009029 seconds.
Begin MonoManager ReloadAssembly
Native extension for WindowsStandalone target not found
Refreshing native plugins compatible for Editor in 38.22 ms, found 1 plugins.
Preloading 0 native plugins for Editor in 0.00 ms.
Mono: successfully reloaded assembly
- Completed reload, in  0.560 seconds
Domain Reload Profiling:
	ReloadAssembly (560ms)
		BeginReloadAssembly (76ms)
			ExecutionOrderSort (0ms)
			DisableScriptedObjects (3ms)
			BackupInstance (0ms)
			ReleaseScriptingObjects (0ms)
			CreateAndSetChildDomain (11ms)
		EndReloadAssembly (416ms)
			LoadAssemblies (57ms)
			RebuildTransferFunctionScriptingTraits (0ms)
			SetupTypeCache (97ms)
			ReleaseScriptCaches (0ms)
			RebuildScriptCaches (28ms)
			SetupLoadedEditorAssemblies (214ms)
				LogAssemblyErrors (0ms)
				InitializePlatformSupportModulesInManaged (3ms)
				SetLoadedEditorAssemblies (0ms)
				RefreshPlugins (38ms)
				BeforeProcessingInitializeOnLoad (49ms)
				ProcessInitializeOnLoadAttributes (81ms)
				ProcessInitializeOnLoadMethodAttributes (34ms)
				AfterProcessingInitializeOnLoad (8ms)
				EditorAssembliesLoaded (0ms)
			ExecutionOrderSort2 (0ms)
			AwakeInstancesAfterBackupRestoration (4ms)
Platform modules already initialized, skipping
========================================================================
Worker process is ready to serve import requests
Launched and connected shader compiler UnityShaderCompiler.exe after 0.03 seconds
Refreshing native plugins compatible for Editor in 0.68 ms, found 1 plugins.
Preloading 0 native plugins for Editor in 0.00 ms.
Unloading 2167 Unused Serialized files (Serialized files now loaded: 0)
Unloading 51 unused Assets / (119.4 KB). Loaded Objects now: 2629.
Memory consumption went from 107.6 MB to 107.5 MB.
Total: 1.817300 ms (FindLiveObjects: 0.129900 ms CreateObjectMapping: 0.039800 ms MarkObjects: 1.577100 ms  DeleteObjects: 0.069600 ms)

AssetImportParameters requested are different than current active one (requested -> active):
  custom:video-decoder-ogg-theora: a1e56fd34408186e4bbccfd4996cb3dc -> 
  custom:container-muxer-webm: aa71ff27fc2769a1b78a27578f13a17b -> 
  custom:container-demuxer-webm: 4f35f7cbe854078d1ac9338744f61a02 -> 
  custom:video-encoder-webm-vp8: eb34c28f22e8b96e1ab97ce403110664 -> 
  custom:video-codec-MediaFoundation-h265: 746d11721c4dcdbdad8f713fa42b33f4 -> 
  custom:CustomObjectIndexerAttribute: bc11b3a6c3213fcdd17b65e7da85e133 -> 
  custom:audio-encoder-webm-vorbis: bf7c407c2cedff20999df2af8eb42d56 -> 
  custom:framework-win-MediaFoundation: 216162199b28c13a410421893ffa2e32 -> 
  custom:container-demuxer-ogg: 62fdf1f143b41e24485cea50d1cbac27 -> 
  custom:video-decoder-webm-vp8: 9c59270c3fd7afecdb556c50c9e8de78 -> 
  custom:audio-decoder-ogg-vorbis: bf7c407c2cedff20999df2af8eb42d56 -> 
========================================================================
Received Import Request.
  Time since last request: 34423.750656 seconds.
  path: Assets/Prefabs/Enviroment/Tree/Tree01/CanCrop/CropTree01_Size03_Green.prefab
  artifactKey: Guid(78b410c538b7b5a40ac343a31f878a5d) Importer(815301076,1909f56bfc062723c751e8b465ee728b)
Start importing Assets/Prefabs/Enviroment/Tree/Tree01/CanCrop/CropTree01_Size03_Green.prefab using Guid(78b410c538b7b5a40ac343a31f878a5d) Importer(815301076,1909f56bfc062723c751e8b465ee728b)  -> (artifact id: '3e34f37ee6a45964d00bf64622e843d0') in 0.088289 seconds 
========================================================================
Received Prepare
Registering precompiled user dll's ...
Registered in 0.010235 seconds.
Begin MonoManager ReloadAssembly
Native extension for WindowsStandalone target not found
Refreshing native plugins compatible for Editor in 0.64 ms, found 1 plugins.
Preloading 0 native plugins for Editor in 0.00 ms.
Mono: successfully reloaded assembly
- Completed reload, in  0.514 seconds
Domain Reload Profiling:
	ReloadAssembly (514ms)
		BeginReloadAssembly (87ms)
			ExecutionOrderSort (0ms)
			DisableScriptedObjects (4ms)
			BackupInstance (0ms)
			ReleaseScriptingObjects (0ms)
			CreateAndSetChildDomain (17ms)
		EndReloadAssembly (364ms)
			LoadAssemblies (56ms)
			RebuildTransferFunctionScriptingTraits (0ms)
			SetupTypeCache (95ms)
			ReleaseScriptCaches (1ms)
			RebuildScriptCaches (23ms)
			SetupLoadedEditorAssemblies (166ms)
				LogAssemblyErrors (0ms)
				InitializePlatformSupportModulesInManaged (4ms)
				SetLoadedEditorAssemblies (0ms)
				RefreshPlugins (1ms)
				BeforeProcessingInitializeOnLoad (39ms)
				ProcessInitializeOnLoadAttributes (80ms)
				ProcessInitializeOnLoadMethodAttributes (35ms)
				AfterProcessingInitializeOnLoad (8ms)
				EditorAssembliesLoaded (0ms)
			ExecutionOrderSort2 (0ms)
			AwakeInstancesAfterBackupRestoration (4ms)
Platform modules already initialized, skipping
Refreshing native plugins compatible for Editor in 1.55 ms, found 1 plugins.
Preloading 0 native plugins for Editor in 0.00 ms.
Unloading 2143 Unused Serialized files (Serialized files now loaded: 0)
Unloading 27 unused Assets / (92.6 KB). Loaded Objects now: 2652.
Memory consumption went from 108.7 MB to 108.6 MB.
Total: 1.940100 ms (FindLiveObjects: 0.126000 ms CreateObjectMapping: 0.032800 ms MarkObjects: 1.751800 ms  DeleteObjects: 0.028400 ms)

AssetImportParameters requested are different than current active one (requested -> active):
  custom:video-decoder-ogg-theora: a1e56fd34408186e4bbccfd4996cb3dc -> 
  custom:container-muxer-webm: aa71ff27fc2769a1b78a27578f13a17b -> 
  custom:container-demuxer-webm: 4f35f7cbe854078d1ac9338744f61a02 -> 
  custom:video-encoder-webm-vp8: eb34c28f22e8b96e1ab97ce403110664 -> 
  custom:video-codec-MediaFoundation-h265: 746d11721c4dcdbdad8f713fa42b33f4 -> 
  custom:CustomObjectIndexerAttribute: bc11b3a6c3213fcdd17b65e7da85e133 -> 
  custom:audio-encoder-webm-vorbis: bf7c407c2cedff20999df2af8eb42d56 -> 
  custom:framework-win-MediaFoundation: 216162199b28c13a410421893ffa2e32 -> 
  custom:container-demuxer-ogg: 62fdf1f143b41e24485cea50d1cbac27 -> 
  custom:video-decoder-webm-vp8: 9c59270c3fd7afecdb556c50c9e8de78 -> 
  custom:audio-decoder-ogg-vorbis: bf7c407c2cedff20999df2af8eb42d56 -> 
========================================================================
Received Import Request.
  Time since last request: 922.736061 seconds.
  path: Assets/QuantumRaven/Art/Intro
  artifactKey: Guid(de664aa2953c68f489174c694756c5d5) Importer(815301076,1909f56bfc062723c751e8b465ee728b)
Start importing Assets/QuantumRaven/Art/Intro using Guid(de664aa2953c68f489174c694756c5d5) Importer(815301076,1909f56bfc062723c751e8b465ee728b)  -> (artifact id: '038f37de492b1ee2541a5b7b4411882c') in 0.011996 seconds 
========================================================================
Received Import Request.
  Time since last request: 1.239382 seconds.
  path: Assets/QuantumRaven/Art/Lights
  artifactKey: Guid(bc4b7bdd77877764b8176ee33570fac6) Importer(815301076,1909f56bfc062723c751e8b465ee728b)
Start importing Assets/QuantumRaven/Art/Lights using Guid(bc4b7bdd77877764b8176ee33570fac6) Importer(815301076,1909f56bfc062723c751e8b465ee728b)  -> (artifact id: '37c8298324bdbc1d929ed846e0f68db9') in 0.006672 seconds 
========================================================================
Received Import Request.
  Time since last request: 3335.209521 seconds.
  path: Assets/QuantumRaven/Art/Enviroment/Trees/Tree02/Tree02_Size3_Color1
  artifactKey: Guid(85a4b904d7b16bc4d956807dcd419df5) Importer(815301076,1909f56bfc062723c751e8b465ee728b)
Start importing Assets/QuantumRaven/Art/Enviroment/Trees/Tree02/Tree02_Size3_Color1 using Guid(85a4b904d7b16bc4d956807dcd419df5) Importer(815301076,1909f56bfc062723c751e8b465ee728b)  -> (artifact id: '70f7173d406334e7712547562a82a861') in 0.006649 seconds 
========================================================================
Received Import Request.
  Time since last request: 5.390708 seconds.
  path: Assets/QuantumRaven/Art/Enviroment/Trees/Tree02/Tree02_Size3_Color2
  artifactKey: Guid(89f2c668603eff1478445f1da061465b) Importer(815301076,1909f56bfc062723c751e8b465ee728b)
Start importing Assets/QuantumRaven/Art/Enviroment/Trees/Tree02/Tree02_Size3_Color2 using Guid(89f2c668603eff1478445f1da061465b) Importer(815301076,1909f56bfc062723c751e8b465ee728b)  -> (artifact id: '2839fe4dfff4d7bff0ca31c8842bd081') in 0.006948 seconds 
========================================================================
Received Import Request.
  Time since last request: 778.527907 seconds.
  path: Assets/QuantumRaven/Art/Enviroment/Trees/Tree03/Tree03_Size3_Brown
  artifactKey: Guid(16466167ec0d34d46ab1529252ad84ce) Importer(815301076,1909f56bfc062723c751e8b465ee728b)
Start importing Assets/QuantumRaven/Art/Enviroment/Trees/Tree03/Tree03_Size3_Brown using Guid(16466167ec0d34d46ab1529252ad84ce) Importer(815301076,1909f56bfc062723c751e8b465ee728b)  -> (artifact id: '55a888969ebf6a3019a3381b0b242026') in 0.007117 seconds 
========================================================================
Received Import Request.
  Time since last request: 0.081298 seconds.
  path: Assets/QuantumRaven/Art/Enviroment/Trees/Tree03/Tree03_Size3_Brown/Tree03_body.png
  artifactKey: Guid(f11d060851e7bb14a9e61a619dc76b16) Importer(815301076,1909f56bfc062723c751e8b465ee728b)
Start importing Assets/QuantumRaven/Art/Enviroment/Trees/Tree03/Tree03_Size3_Brown/Tree03_body.png using Guid(f11d060851e7bb14a9e61a619dc76b16) Importer(815301076,1909f56bfc062723c751e8b465ee728b)  -> (artifact id: '7fe18f0c99d00a05d8b3732ab265b1c1') in 0.078944 seconds 
========================================================================
Received Import Request.
  Time since last request: 0.000021 seconds.
  path: Assets/QuantumRaven/Art/Enviroment/Trees/Tree03/Tree03_Size3_Brown/Tree03_Size3_shadow.png
  artifactKey: Guid(b9255afcec462d14bad2da67c61d775d) Importer(815301076,1909f56bfc062723c751e8b465ee728b)
Start importing Assets/QuantumRaven/Art/Enviroment/Trees/Tree03/Tree03_Size3_Brown/Tree03_Size3_shadow.png using Guid(b9255afcec462d14bad2da67c61d775d) Importer(815301076,1909f56bfc062723c751e8b465ee728b)  -> (artifact id: 'a45433d8a2a05c59cf7cfe1fad3e107e') in 0.017490 seconds 
========================================================================
Received Import Request.
  Time since last request: 0.000029 seconds.
  path: Assets/QuantumRaven/Art/Enviroment/Trees/Tree03/Tree03_Size3_Brown/Tree03_seed.png
  artifactKey: Guid(c8af6858af3776e4088fc33f0643fc6a) Importer(815301076,1909f56bfc062723c751e8b465ee728b)
Start importing Assets/QuantumRaven/Art/Enviroment/Trees/Tree03/Tree03_Size3_Brown/Tree03_seed.png using Guid(c8af6858af3776e4088fc33f0643fc6a) Importer(815301076,1909f56bfc062723c751e8b465ee728b)  -> (artifact id: '10d29410918b63861afdd68a90305ae7') in 0.021224 seconds 
========================================================================
Received Import Request.
  Time since last request: 0.000019 seconds.
  path: Assets/QuantumRaven/Art/Enviroment/Trees/Tree03/Tree03_Size3_Brown/Tree03_Size3_tunk.png
  artifactKey: Guid(150882bbfd8001e49b15990ec265ec54) Importer(815301076,1909f56bfc062723c751e8b465ee728b)
Start importing Assets/QuantumRaven/Art/Enviroment/Trees/Tree03/Tree03_Size3_Brown/Tree03_Size3_tunk.png using Guid(150882bbfd8001e49b15990ec265ec54) Importer(815301076,1909f56bfc062723c751e8b465ee728b)  -> (artifact id: 'ec29abe6f16e8640ce33a1d124303b0a') in 0.019741 seconds 
========================================================================
Received Import Request.
  Time since last request: 3.243107 seconds.
  path: Assets/QuantumRaven/Art/Enviroment/Trees/Tree03/Tree03_Size3_Green/Tree03_sapling.png
  artifactKey: Guid(5386fc7319bfa6644810027c58d13c1a) Importer(815301076,1909f56bfc062723c751e8b465ee728b)
Start importing Assets/QuantumRaven/Art/Enviroment/Trees/Tree03/Tree03_Size3_Green/Tree03_sapling.png using Guid(5386fc7319bfa6644810027c58d13c1a) Importer(815301076,1909f56bfc062723c751e8b465ee728b)  -> (artifact id: '9d59e2d5b8d35e927e7f3a2bba0681af') in 0.014220 seconds 
========================================================================
Received Import Request.
  Time since last request: 0.000020 seconds.
  path: Assets/QuantumRaven/Art/Enviroment/Trees/Tree03/Tree03_Size3_Green/Tree03_Size3_shadow.png
  artifactKey: Guid(62d30f84eec0e7b48b1776589fb76dd9) Importer(815301076,1909f56bfc062723c751e8b465ee728b)
Start importing Assets/QuantumRaven/Art/Enviroment/Trees/Tree03/Tree03_Size3_Green/Tree03_Size3_shadow.png using Guid(62d30f84eec0e7b48b1776589fb76dd9) Importer(815301076,1909f56bfc062723c751e8b465ee728b)  -> (artifact id: '0f52db3fc02a2d1c27fa93a6c433b614') in 0.009781 seconds 
========================================================================
Received Import Request.
  Time since last request: 0.000018 seconds.
  path: Assets/QuantumRaven/Art/Enviroment/Trees/Tree03/Tree03_Size3_Green/Tree03_Size3_body.png
  artifactKey: Guid(31e37e6e398225a4d96c43c23ef05a7e) Importer(815301076,1909f56bfc062723c751e8b465ee728b)
Start importing Assets/QuantumRaven/Art/Enviroment/Trees/Tree03/Tree03_Size3_Green/Tree03_Size3_body.png using Guid(31e37e6e398225a4d96c43c23ef05a7e) Importer(815301076,1909f56bfc062723c751e8b465ee728b)  -> (artifact id: '5a559f541422a2732e72ad9e6bac9a11') in 0.015465 seconds 
========================================================================
Received Import Request.
  Time since last request: 2.532032 seconds.
  path: Assets/QuantumRaven/Art/Enviroment/Trees/Tree03/Tree03_Size3_NoLeaf/Tree03_Size3_shadow.png
  artifactKey: Guid(39365d7c51be13143aa17b228e8080b4) Importer(815301076,1909f56bfc062723c751e8b465ee728b)
Start importing Assets/QuantumRaven/Art/Enviroment/Trees/Tree03/Tree03_Size3_NoLeaf/Tree03_Size3_shadow.png using Guid(39365d7c51be13143aa17b228e8080b4) Importer(815301076,1909f56bfc062723c751e8b465ee728b)  -> (artifact id: 'f957b4741a7f900c02d018e4d57bfceb') in 0.010253 seconds 
========================================================================
Received Import Request.
  Time since last request: 2.430742 seconds.
  path: Assets/QuantumRaven/Art/Enviroment/Trees/Tree03/Tree03_Size3_Red/Tree03_sapling.png
  artifactKey: Guid(d61b4df137b2a2a4abfa2b0d00a0dbaa) Importer(815301076,1909f56bfc062723c751e8b465ee728b)
Start importing Assets/QuantumRaven/Art/Enviroment/Trees/Tree03/Tree03_Size3_Red/Tree03_sapling.png using Guid(d61b4df137b2a2a4abfa2b0d00a0dbaa) Importer(815301076,1909f56bfc062723c751e8b465ee728b)  -> (artifact id: '705f97b776fe9471326b4539b590f2f5') in 0.012329 seconds 
========================================================================
Received Import Request.
  Time since last request: 0.000018 seconds.
  path: Assets/QuantumRaven/Art/Enviroment/Trees/Tree03/Tree03_Size3_Red/Tree03_Size3_shadow.png
  artifactKey: Guid(c75be6ef09b3cb44f99d0978eccb8680) Importer(815301076,1909f56bfc062723c751e8b465ee728b)
Start importing Assets/QuantumRaven/Art/Enviroment/Trees/Tree03/Tree03_Size3_Red/Tree03_Size3_shadow.png using Guid(c75be6ef09b3cb44f99d0978eccb8680) Importer(815301076,1909f56bfc062723c751e8b465ee728b)  -> (artifact id: 'd7d8d2cd84d100b37b951fc861fd4800') in 0.019444 seconds 
========================================================================
Received Import Request.
  Time since last request: 1.955228 seconds.
  path: Assets/QuantumRaven/Art/Enviroment/Trees/Tree03/Tree03_Size3_Yellow/Tree03_sapling.png
  artifactKey: Guid(1e519b3d7ddaaa64cb12947dc90f647e) Importer(815301076,1909f56bfc062723c751e8b465ee728b)
Start importing Assets/QuantumRaven/Art/Enviroment/Trees/Tree03/Tree03_Size3_Yellow/Tree03_sapling.png using Guid(1e519b3d7ddaaa64cb12947dc90f647e) Importer(815301076,1909f56bfc062723c751e8b465ee728b)  -> (artifact id: '8513355acb65610624d1c41a5721d346') in 0.012891 seconds 
========================================================================
Received Import Request.
  Time since last request: 0.000018 seconds.
  path: Assets/QuantumRaven/Art/Enviroment/Trees/Tree03/Tree03_Size3_Yellow/Tree03_Size3_tunk.png
  artifactKey: Guid(66de19c916591d04099508b9a83a1a32) Importer(815301076,1909f56bfc062723c751e8b465ee728b)
Start importing Assets/QuantumRaven/Art/Enviroment/Trees/Tree03/Tree03_Size3_Yellow/Tree03_Size3_tunk.png using Guid(66de19c916591d04099508b9a83a1a32) Importer(815301076,1909f56bfc062723c751e8b465ee728b)  -> (artifact id: 'eb846e5dc284b7f545dd1f2ceeb363be') in 0.034363 seconds 
Editor requested this worker to shutdown with reason: Scaling down because of idle timeout
AssetImportWorkerClient::OnTransportError - code=2 error=End of file
AssetImportWorker is now disconnected from the server
Process exiting
Exiting without the bug reporter. Application will terminate with return code 0