Using pre-set license
Built from '2021.3/china_unity/release' branch; Version is '2021.3.29f1c1 (0b77087ad835) revision 751368'; Using compiler version '192829333'; Build Type 'Release'
OS: 'Windows 11  (10.0.26200) 64bit Professional' Language: 'zh' Physical Memory: 32536 MB
BatchMode: 1, IsHumanControllingUs: 0, StartBugReporterOnCrash: 0, Is64bit: 1, IsPro: 1

COMMAND LINE ARGUMENTS:
C:\Program Files\Unity\Hub\Editor\2021.3.29f1c1\Editor\Unity.exe
-adb2
-batchMode
-noUpm
-name
AssetImportWorker7
-projectPath
E:/Hersey/CODE/Moonset-Valley
-logFile
Logs/AssetImportWorker7.log
-srvPort
57437
Successfully changed project path to: E:/Hersey/CODE/Moonset-Valley
E:/Hersey/CODE/Moonset-Valley
[UnityMemory] Configuration Parameters - Can be set up in boot.config
    "memorysetup-bucket-allocator-granularity=16"
    "memorysetup-bucket-allocator-bucket-count=8"
    "memorysetup-bucket-allocator-block-size=33554432"
    "memorysetup-bucket-allocator-block-count=8"
    "memorysetup-main-allocator-block-size=16777216"
    "memorysetup-thread-allocator-block-size=16777216"
    "memorysetup-gfx-main-allocator-block-size=16777216"
    "memorysetup-gfx-thread-allocator-block-size=16777216"
    "memorysetup-cache-allocator-block-size=4194304"
    "memorysetup-typetree-allocator-block-size=2097152"
    "memorysetup-profiler-bucket-allocator-granularity=16"
    "memorysetup-profiler-bucket-allocator-bucket-count=8"
    "memorysetup-profiler-bucket-allocator-block-size=33554432"
    "memorysetup-profiler-bucket-allocator-block-count=8"
    "memorysetup-profiler-allocator-block-size=16777216"
    "memorysetup-profiler-editor-allocator-block-size=1048576"
    "memorysetup-temp-allocator-size-main=16777216"
    "memorysetup-job-temp-allocator-block-size=2097152"
    "memorysetup-job-temp-allocator-block-size-background=1048576"
    "memorysetup-job-temp-allocator-reduction-small-platforms=262144"
    "memorysetup-temp-allocator-size-background-worker=32768"
    "memorysetup-temp-allocator-size-job-worker=262144"
    "memorysetup-temp-allocator-size-preload-manager=33554432"
    "memorysetup-temp-allocator-size-nav-mesh-worker=65536"
    "memorysetup-temp-allocator-size-audio-worker=65536"
    "memorysetup-temp-allocator-size-cloud-worker=32768"
    "memorysetup-temp-allocator-size-gi-baking-worker=262144"
    "memorysetup-temp-allocator-size-gfx=262144"
Player connection [28764] Host "[IP] 192.168.1.57 [Port] 0 [Flags] 2 [Guid] 591705514 [EditorId] 591705514 [Version] 1048832 [Id] WindowsEditor(7,DESKTOP-3N5T7D2) [Debug] 1 [PackageName] WindowsEditor [ProjectName] Editor" joined multi-casting on [225.0.0.222:54997]...

Player connection [28764] Host "[IP] 192.168.1.57 [Port] 0 [Flags] 2 [Guid] 591705514 [EditorId] 591705514 [Version] 1048832 [Id] WindowsEditor(7,DESKTOP-3N5T7D2) [Debug] 1 [PackageName] WindowsEditor [ProjectName] Editor" joined alternative multi-casting on [225.0.0.222:34997]...

AS: AutoStreaming module initializing.
Refreshing native plugins compatible for Editor in 59.90 ms, found 1 plugins.
Preloading 0 native plugins for Editor in 0.00 ms.
Initialize engine version: 2021.3.29f1c1 (0b77087ad835)
[Subsystems] Discovering subsystems at path C:/Program Files/Unity/Hub/Editor/2021.3.29f1c1/Editor/Data/Resources/UnitySubsystems
[Subsystems] Discovering subsystems at path E:/Hersey/CODE/Moonset-Valley/Assets
GfxDevice: creating device client; threaded=0; jobified=0
Direct3D:
    Version:  Direct3D 11.0 [level 11.1]
    Renderer: NVIDIA GeForce RTX 4060 (ID=0x2882)
    Vendor:   NVIDIA
    VRAM:     7957 MB
    Driver:   32.0.15.9186
Initialize mono
Mono path[0] = 'C:/Program Files/Unity/Hub/Editor/2021.3.29f1c1/Editor/Data/Managed'
Mono path[1] = 'C:/Program Files/Unity/Hub/Editor/2021.3.29f1c1/Editor/Data/MonoBleedingEdge/lib/mono/unityjit-win32'
Mono config path = 'C:/Program Files/Unity/Hub/Editor/2021.3.29f1c1/Editor/Data/MonoBleedingEdge/etc'
Using monoOptions --debugger-agent=transport=dt_socket,embedding=1,server=y,suspend=n,address=127.0.0.1:56848
Begin MonoManager ReloadAssembly
Registering precompiled unity dll's ...
Register platform support module: C:/Program Files/Unity/Hub/Editor/2021.3.29f1c1/Editor/Data/PlaybackEngines/WebGLSupport/UnityEditor.WebGL.Extensions.dll
Register platform support module: C:/Program Files/Unity/Hub/Editor/2021.3.29f1c1/Editor/Data/PlaybackEngines/WindowsStandaloneSupport/UnityEditor.WindowsStandalone.Extensions.dll
Registered in 0.004470 seconds.
Native extension for WindowsStandalone target not found
Native extension for WebGL target not found
Refreshing native plugins compatible for Editor in 50.37 ms, found 1 plugins.
Preloading 0 native plugins for Editor in 0.00 ms.
Mono: successfully reloaded assembly
- Completed reload, in  0.475 seconds
Domain Reload Profiling:
	ReloadAssembly (476ms)
		BeginReloadAssembly (68ms)
			ExecutionOrderSort (0ms)
			DisableScriptedObjects (0ms)
			BackupInstance (0ms)
			ReleaseScriptingObjects (0ms)
			CreateAndSetChildDomain (1ms)
		EndReloadAssembly (328ms)
			LoadAssemblies (65ms)
			RebuildTransferFunctionScriptingTraits (0ms)
			SetupTypeCache (80ms)
			ReleaseScriptCaches (0ms)
			RebuildScriptCaches (17ms)
			SetupLoadedEditorAssemblies (184ms)
				LogAssemblyErrors (0ms)
				InitializePlatformSupportModulesInManaged (6ms)
				SetLoadedEditorAssemblies (0ms)
				RefreshPlugins (50ms)
				BeforeProcessingInitializeOnLoad (1ms)
				ProcessInitializeOnLoadAttributes (89ms)
				ProcessInitializeOnLoadMethodAttributes (38ms)
				AfterProcessingInitializeOnLoad (0ms)
				EditorAssembliesLoaded (0ms)
			ExecutionOrderSort2 (0ms)
			AwakeInstancesAfterBackupRestoration (0ms)
Platform modules already initialized, skipping
Registering precompiled user dll's ...
Registered in 0.009134 seconds.
Begin MonoManager ReloadAssembly
Native extension for WindowsStandalone target not found
Native extension for WebGL target not found
Refreshing native plugins compatible for Editor in 56.78 ms, found 1 plugins.
Preloading 0 native plugins for Editor in 0.00 ms.
Mono: successfully reloaded assembly
- Completed reload, in  0.679 seconds
Domain Reload Profiling:
	ReloadAssembly (680ms)
		BeginReloadAssembly (90ms)
			ExecutionOrderSort (0ms)
			DisableScriptedObjects (4ms)
			BackupInstance (0ms)
			ReleaseScriptingObjects (0ms)
			CreateAndSetChildDomain (13ms)
		EndReloadAssembly (505ms)
			LoadAssemblies (65ms)
			RebuildTransferFunctionScriptingTraits (0ms)
			SetupTypeCache (116ms)
			ReleaseScriptCaches (0ms)
			RebuildScriptCaches (35ms)
			SetupLoadedEditorAssemblies (264ms)
				LogAssemblyErrors (0ms)
				InitializePlatformSupportModulesInManaged (4ms)
				SetLoadedEditorAssemblies (0ms)
				RefreshPlugins (57ms)
				BeforeProcessingInitializeOnLoad (52ms)
				ProcessInitializeOnLoadAttributes (99ms)
				ProcessInitializeOnLoadMethodAttributes (44ms)
				AfterProcessingInitializeOnLoad (7ms)
				EditorAssembliesLoaded (0ms)
			ExecutionOrderSort2 (0ms)
			AwakeInstancesAfterBackupRestoration (4ms)
Platform modules already initialized, skipping
========================================================================
Worker process is ready to serve import requests
Launched and connected shader compiler UnityShaderCompiler.exe after 0.04 seconds
Refreshing native plugins compatible for Editor in 0.64 ms, found 1 plugins.
Preloading 0 native plugins for Editor in 0.00 ms.
Unloading 2167 Unused Serialized files (Serialized files now loaded: 0)
Unloading 51 unused Assets / (119.3 KB). Loaded Objects now: 2629.
Memory consumption went from 111.8 MB to 111.7 MB.
Total: 1.984200 ms (FindLiveObjects: 0.109100 ms CreateObjectMapping: 0.041500 ms MarkObjects: 1.760800 ms  DeleteObjects: 0.071900 ms)

AssetImportParameters requested are different than current active one (requested -> active):
  custom:video-decoder-ogg-theora: a1e56fd34408186e4bbccfd4996cb3dc -> 
  custom:container-muxer-webm: aa71ff27fc2769a1b78a27578f13a17b -> 
  custom:container-demuxer-webm: 4f35f7cbe854078d1ac9338744f61a02 -> 
  custom:video-encoder-webm-vp8: eb34c28f22e8b96e1ab97ce403110664 -> 
  custom:CustomObjectIndexerAttribute: bc11b3a6c3213fcdd17b65e7da85e133 -> 
  custom:audio-encoder-webm-vorbis: bf7c407c2cedff20999df2af8eb42d56 -> 
  custom:framework-win-MediaFoundation: 216162199b28c13a410421893ffa2e32 -> 
  custom:container-demuxer-ogg: 62fdf1f143b41e24485cea50d1cbac27 -> 
  custom:video-decoder-webm-vp8: 9c59270c3fd7afecdb556c50c9e8de78 -> 
  custom:audio-decoder-ogg-vorbis: bf7c407c2cedff20999df2af8eb42d56 -> 
========================================================================
Received Import Request.
  Time since last request: 18800.668944 seconds.
  path: Assets/QuantumRaven/Art/Enviroment/Trees/Tree02/Tree02_Size3_Color2/Tree02_Sapling.png
  artifactKey: Guid(228a7ab715f45bb4fbfa8b14e2b7f006) Importer(815301076,1909f56bfc062723c751e8b465ee728b)
Start importing Assets/QuantumRaven/Art/Enviroment/Trees/Tree02/Tree02_Size3_Color2/Tree02_Sapling.png using Guid(228a7ab715f45bb4fbfa8b14e2b7f006) Importer(815301076,1909f56bfc062723c751e8b465ee728b)  -> (artifact id: '32df3e586d192ad90a5f70f025d5f5a6') in 0.110517 seconds 
========================================================================
Received Import Request.
  Time since last request: 238.823063 seconds.
  path: Assets/Prefabs/Enviroment/Crop/Tree02_Size3_Color2.prefab
  artifactKey: Guid(c450f356c6e007d49a60f07aa405f45d) Importer(815301076,1909f56bfc062723c751e8b465ee728b)
Start importing Assets/Prefabs/Enviroment/Crop/Tree02_Size3_Color2.prefab using Guid(c450f356c6e007d49a60f07aa405f45d) Importer(815301076,1909f56bfc062723c751e8b465ee728b)  -> (artifact id: 'fabc646fbbd1d2fa45368a043d61bb8d') in 0.045246 seconds 
========================================================================
Received Import Request.
  Time since last request: 0.000025 seconds.
  path: Assets/Prefabs/Enviroment/Crop/Tree02_Size3_Color4.prefab
  artifactKey: Guid(76e745442769e1047b83bececa10f3df) Importer(815301076,1909f56bfc062723c751e8b465ee728b)
Start importing Assets/Prefabs/Enviroment/Crop/Tree02_Size3_Color4.prefab using Guid(76e745442769e1047b83bececa10f3df) Importer(815301076,1909f56bfc062723c751e8b465ee728b)  -> (artifact id: '0c08e9cdd99f4c38e8773e240ad9f837') in 0.022429 seconds 
========================================================================
Received Import Request.
  Time since last request: 0.000030 seconds.
  path: Assets/Prefabs/Enviroment/Crop/Tree02_Size3_Color3.prefab
  artifactKey: Guid(8b7d1b2c7e8ba024bbf8aaae337f273d) Importer(815301076,1909f56bfc062723c751e8b465ee728b)
Start importing Assets/Prefabs/Enviroment/Crop/Tree02_Size3_Color3.prefab using Guid(8b7d1b2c7e8ba024bbf8aaae337f273d) Importer(815301076,1909f56bfc062723c751e8b465ee728b)  -> (artifact id: '58840ced904d6b6d7df45fbd70c72a6e') in 0.006951 seconds 
========================================================================
Received Import Request.
  Time since last request: 0.000017 seconds.
  path: Assets/Prefabs/Enviroment/Crop/Tree02_Size3_Color5.prefab
  artifactKey: Guid(ad4612cfa8bbdbc45b449dac0ca154a8) Importer(815301076,1909f56bfc062723c751e8b465ee728b)
Start importing Assets/Prefabs/Enviroment/Crop/Tree02_Size3_Color5.prefab using Guid(ad4612cfa8bbdbc45b449dac0ca154a8) Importer(815301076,1909f56bfc062723c751e8b465ee728b)  -> (artifact id: '0e5a22b1bf5f2f41826413f55ef72039') in 0.006176 seconds 
========================================================================
Received Import Request.
  Time since last request: 7.963689 seconds.
  path: Assets/Prefabs/Enviroment/Crop/bush01_4.prefab
  artifactKey: Guid(537fe2a110a1c9246942565c5473a657) Importer(815301076,1909f56bfc062723c751e8b465ee728b)
Start importing Assets/Prefabs/Enviroment/Crop/bush01_4.prefab using Guid(537fe2a110a1c9246942565c5473a657) Importer(815301076,1909f56bfc062723c751e8b465ee728b)  -> (artifact id: '5bddc64391c9a5573b9b448c981e1fc3') in 0.026089 seconds 
========================================================================
Received Import Request.
  Time since last request: 0.000022 seconds.
  path: Assets/Prefabs/Enviroment/Crop/bush02_4.prefab
  artifactKey: Guid(1fb4f9be248c27947828b105d6fe739e) Importer(815301076,1909f56bfc062723c751e8b465ee728b)
Start importing Assets/Prefabs/Enviroment/Crop/bush02_4.prefab using Guid(1fb4f9be248c27947828b105d6fe739e) Importer(815301076,1909f56bfc062723c751e8b465ee728b)  -> (artifact id: 'fb0d8cf9d566f2340f54fa65afd02eae') in 0.016283 seconds 
========================================================================
Received Import Request.
  Time since last request: 0.000015 seconds.
  path: Assets/Prefabs/Enviroment/Crop/Rock02.prefab
  artifactKey: Guid(c14629a46f7913e4ca9424b4b551284d) Importer(815301076,1909f56bfc062723c751e8b465ee728b)
Start importing Assets/Prefabs/Enviroment/Crop/Rock02.prefab using Guid(c14629a46f7913e4ca9424b4b551284d) Importer(815301076,1909f56bfc062723c751e8b465ee728b)  -> (artifact id: '6457ffcfa5187288509e88d707b0d99a') in 0.022763 seconds 
========================================================================
Received Import Request.
  Time since last request: 0.000019 seconds.
  path: Assets/Prefabs/Enviroment/Crop/bush03_5.prefab
  artifactKey: Guid(e637bfe441ddf15478b1ba65195541d4) Importer(815301076,1909f56bfc062723c751e8b465ee728b)
Start importing Assets/Prefabs/Enviroment/Crop/bush03_5.prefab using Guid(e637bfe441ddf15478b1ba65195541d4) Importer(815301076,1909f56bfc062723c751e8b465ee728b)  -> (artifact id: '760da9d1ff308ccceced8f8e65e254d6') in 0.009702 seconds 
========================================================================
Received Import Request.
  Time since last request: 0.000023 seconds.
  path: Assets/Prefabs/Enviroment/Crop/bush04_5.prefab
  artifactKey: Guid(f6e13ceec02cf88419d524355efc9c41) Importer(815301076,1909f56bfc062723c751e8b465ee728b)
Start importing Assets/Prefabs/Enviroment/Crop/bush04_5.prefab using Guid(f6e13ceec02cf88419d524355efc9c41) Importer(815301076,1909f56bfc062723c751e8b465ee728b)  -> (artifact id: 'eafabbedd9aa3c868f032ffc04356d0a') in 0.007670 seconds 
========================================================================
Received Import Request.
  Time since last request: 0.000022 seconds.
  path: Assets/Prefabs/Enviroment/Crop/bush02_3.prefab
  artifactKey: Guid(a1848d553759e32449cba965a60a2249) Importer(815301076,1909f56bfc062723c751e8b465ee728b)
Start importing Assets/Prefabs/Enviroment/Crop/bush02_3.prefab using Guid(a1848d553759e32449cba965a60a2249) Importer(815301076,1909f56bfc062723c751e8b465ee728b)  -> (artifact id: 'cb6193ad0b9ed4f739b94ce6f1a41592') in 0.006576 seconds 
========================================================================
Received Import Request.
  Time since last request: 0.000019 seconds.
  path: Assets/Prefabs/Enviroment/Crop/bush03_2.prefab
  artifactKey: Guid(3fb005f87d9cd104782d387c3d709421) Importer(815301076,1909f56bfc062723c751e8b465ee728b)
Start importing Assets/Prefabs/Enviroment/Crop/bush03_2.prefab using Guid(3fb005f87d9cd104782d387c3d709421) Importer(815301076,1909f56bfc062723c751e8b465ee728b)  -> (artifact id: '0246605d9dd2551791ae0772d66fd48d') in 0.006668 seconds 
========================================================================
Received Import Request.
  Time since last request: 0.000024 seconds.
  path: Assets/Prefabs/Enviroment/Crop/Tree01_Size03_Trunk.prefab
  artifactKey: Guid(1de5df2493f0cb44babcf4276ed942bd) Importer(815301076,1909f56bfc062723c751e8b465ee728b)
Start importing Assets/Prefabs/Enviroment/Crop/Tree01_Size03_Trunk.prefab using Guid(1de5df2493f0cb44babcf4276ed942bd) Importer(815301076,1909f56bfc062723c751e8b465ee728b)  -> (artifact id: '25bd57cc4484dd6ea8d824409fa806b8') in 0.009091 seconds 
========================================================================
Received Import Request.
  Time since last request: 0.000018 seconds.
  path: Assets/Prefabs/Enviroment/Crop/bush05_5.prefab
  artifactKey: Guid(beef2fba6bd935c44a902c8506501231) Importer(815301076,1909f56bfc062723c751e8b465ee728b)
Start importing Assets/Prefabs/Enviroment/Crop/bush05_5.prefab using Guid(beef2fba6bd935c44a902c8506501231) Importer(815301076,1909f56bfc062723c751e8b465ee728b)  -> (artifact id: '06b41ff18bdc941fe0ec708f75ccbf9d') in 0.007442 seconds 
========================================================================
Received Import Request.
  Time since last request: 9.692910 seconds.
  path: Assets/QuantumRaven/TileMap/Palette/Floor_Garden.prefab
  artifactKey: Guid(50f5e8ba6cd7b5f44b36ecdbc31674fb) Importer(815301076,1909f56bfc062723c751e8b465ee728b)
Start importing Assets/QuantumRaven/TileMap/Palette/Floor_Garden.prefab using Guid(50f5e8ba6cd7b5f44b36ecdbc31674fb) Importer(815301076,1909f56bfc062723c751e8b465ee728b)  -> (artifact id: '2612e502d8468a36a9ef6adb9d6d5b5c') in 1.493905 seconds 
Editor requested this worker to shutdown with reason: Scaling down because of idle timeout
AssetImportWorker is now disconnected from the server
Process exiting
Exiting without the bug reporter. Application will terminate with return code 0