Using pre-set license
Built from '2021.3/china_unity/release' branch; Version is '2021.3.29f1c1 (0b77087ad835) revision 751368'; Using compiler version '192829333'; Build Type 'Release'
OS: 'Windows 11  (10.0.26200) 64bit Professional' Language: 'zh' Physical Memory: 32556 MB
BatchMode: 1, IsHumanControllingUs: 0, StartBugReporterOnCrash: 0, Is64bit: 1, IsPro: 1

COMMAND LINE ARGUMENTS:
C:\Program Files\Unity\Hub\Editor\2021.3.29f1c1\Editor\Unity.exe
-adb2
-batchMode
-noUpm
-name
AssetImportWorker9
-projectPath
D:/QuatumRaven/Code/Moonset-Valley
-logFile
Logs/AssetImportWorker9.log
-srvPort
65506
Successfully changed project path to: D:/QuatumRaven/Code/Moonset-Valley
D:/QuatumRaven/Code/Moonset-Valley
[UnityMemory] Configuration Parameters - Can be set up in boot.config
    "memorysetup-bucket-allocator-granularity=16"
    "memorysetup-bucket-allocator-bucket-count=8"
    "memorysetup-bucket-allocator-block-size=33554432"
    "memorysetup-bucket-allocator-block-count=8"
    "memorysetup-main-allocator-block-size=16777216"
    "memorysetup-thread-allocator-block-size=16777216"
    "memorysetup-gfx-main-allocator-block-size=16777216"
    "memorysetup-gfx-thread-allocator-block-size=16777216"
    "memorysetup-cache-allocator-block-size=4194304"
    "memorysetup-typetree-allocator-block-size=2097152"
    "memorysetup-profiler-bucket-allocator-granularity=16"
    "memorysetup-profiler-bucket-allocator-bucket-count=8"
    "memorysetup-profiler-bucket-allocator-block-size=33554432"
    "memorysetup-profiler-bucket-allocator-block-count=8"
    "memorysetup-profiler-allocator-block-size=16777216"
    "memorysetup-profiler-editor-allocator-block-size=1048576"
    "memorysetup-temp-allocator-size-main=16777216"
    "memorysetup-job-temp-allocator-block-size=2097152"
    "memorysetup-job-temp-allocator-block-size-background=1048576"
    "memorysetup-job-temp-allocator-reduction-small-platforms=262144"
    "memorysetup-temp-allocator-size-background-worker=32768"
    "memorysetup-temp-allocator-size-job-worker=262144"
    "memorysetup-temp-allocator-size-preload-manager=33554432"
    "memorysetup-temp-allocator-size-nav-mesh-worker=65536"
    "memorysetup-temp-allocator-size-audio-worker=65536"
    "memorysetup-temp-allocator-size-cloud-worker=32768"
    "memorysetup-temp-allocator-size-gi-baking-worker=262144"
    "memorysetup-temp-allocator-size-gfx=262144"
Player connection [35272] Host "[IP] 192.168.31.82 [Port] 0 [Flags] 2 [Guid] 3823150807 [EditorId] 3823150807 [Version] 1048832 [Id] WindowsEditor(7,HerseyHome) [Debug] 1 [PackageName] WindowsEditor [ProjectName] Editor" joined multi-casting on [225.0.0.222:54997]...

Player connection [35272] Host "[IP] 192.168.31.82 [Port] 0 [Flags] 2 [Guid] 3823150807 [EditorId] 3823150807 [Version] 1048832 [Id] WindowsEditor(7,HerseyHome) [Debug] 1 [PackageName] WindowsEditor [ProjectName] Editor" joined alternative multi-casting on [225.0.0.222:34997]...

AS: AutoStreaming module initializing.
Refreshing native plugins compatible for Editor in 52.28 ms, found 1 plugins.
Preloading 0 native plugins for Editor in 0.00 ms.
Initialize engine version: 2021.3.29f1c1 (0b77087ad835)
[Subsystems] Discovering subsystems at path C:/Program Files/Unity/Hub/Editor/2021.3.29f1c1/Editor/Data/Resources/UnitySubsystems
[Subsystems] Discovering subsystems at path D:/QuatumRaven/Code/Moonset-Valley/Assets
GfxDevice: creating device client; threaded=0; jobified=0
Direct3D:
    Version:  Direct3D 11.0 [level 11.1]
    Renderer: NVIDIA GeForce RTX 4060 Ti (ID=0x2803)
    Vendor:   NVIDIA
    VRAM:     7949 MB
    Driver:   32.0.16.1656
Initialize mono
Mono path[0] = 'C:/Program Files/Unity/Hub/Editor/2021.3.29f1c1/Editor/Data/Managed'
Mono path[1] = 'C:/Program Files/Unity/Hub/Editor/2021.3.29f1c1/Editor/Data/MonoBleedingEdge/lib/mono/unityjit-win32'
Mono config path = 'C:/Program Files/Unity/Hub/Editor/2021.3.29f1c1/Editor/Data/MonoBleedingEdge/etc'
Using monoOptions --debugger-agent=transport=dt_socket,embedding=1,server=y,suspend=n,address=127.0.0.1:56344
Begin MonoManager ReloadAssembly
Registering precompiled unity dll's ...
Register platform support module: C:/Program Files/Unity/Hub/Editor/2021.3.29f1c1/Editor/Data/PlaybackEngines/WindowsStandaloneSupport/UnityEditor.WindowsStandalone.Extensions.dll
Registered in 0.004841 seconds.
Native extension for WindowsStandalone target not found
Refreshing native plugins compatible for Editor in 45.96 ms, found 1 plugins.
Preloading 0 native plugins for Editor in 0.00 ms.
Mono: successfully reloaded assembly
- Completed reload, in  0.432 seconds
Domain Reload Profiling:
	ReloadAssembly (433ms)
		BeginReloadAssembly (66ms)
			ExecutionOrderSort (0ms)
			DisableScriptedObjects (0ms)
			BackupInstance (0ms)
			ReleaseScriptingObjects (0ms)
			CreateAndSetChildDomain (0ms)
		EndReloadAssembly (293ms)
			LoadAssemblies (62ms)
			RebuildTransferFunctionScriptingTraits (0ms)
			SetupTypeCache (68ms)
			ReleaseScriptCaches (0ms)
			RebuildScriptCaches (19ms)
			SetupLoadedEditorAssemblies (166ms)
				LogAssemblyErrors (0ms)
				InitializePlatformSupportModulesInManaged (6ms)
				SetLoadedEditorAssemblies (0ms)
				RefreshPlugins (46ms)
				BeforeProcessingInitializeOnLoad (1ms)
				ProcessInitializeOnLoadAttributes (79ms)
				ProcessInitializeOnLoadMethodAttributes (34ms)
				AfterProcessingInitializeOnLoad (0ms)
				EditorAssembliesLoaded (0ms)
			ExecutionOrderSort2 (0ms)
			AwakeInstancesAfterBackupRestoration (0ms)
Platform modules already initialized, skipping
Registering precompiled user dll's ...
Registered in 0.009363 seconds.
Begin MonoManager ReloadAssembly
Native extension for WindowsStandalone target not found
Refreshing native plugins compatible for Editor in 46.70 ms, found 1 plugins.
Preloading 0 native plugins for Editor in 0.00 ms.
Mono: successfully reloaded assembly
- Completed reload, in  0.659 seconds
Domain Reload Profiling:
	ReloadAssembly (659ms)
		BeginReloadAssembly (91ms)
			ExecutionOrderSort (0ms)
			DisableScriptedObjects (4ms)
			BackupInstance (0ms)
			ReleaseScriptingObjects (0ms)
			CreateAndSetChildDomain (12ms)
		EndReloadAssembly (487ms)
			LoadAssemblies (66ms)
			RebuildTransferFunctionScriptingTraits (0ms)
			SetupTypeCache (111ms)
			ReleaseScriptCaches (0ms)
			RebuildScriptCaches (35ms)
			SetupLoadedEditorAssemblies (247ms)
				LogAssemblyErrors (0ms)
				InitializePlatformSupportModulesInManaged (3ms)
				SetLoadedEditorAssemblies (0ms)
				RefreshPlugins (47ms)
				BeforeProcessingInitializeOnLoad (50ms)
				ProcessInitializeOnLoadAttributes (97ms)
				ProcessInitializeOnLoadMethodAttributes (42ms)
				AfterProcessingInitializeOnLoad (8ms)
				EditorAssembliesLoaded (0ms)
			ExecutionOrderSort2 (0ms)
			AwakeInstancesAfterBackupRestoration (4ms)
Platform modules already initialized, skipping
========================================================================
Worker process is ready to serve import requests
Launched and connected shader compiler UnityShaderCompiler.exe after 0.03 seconds
Refreshing native plugins compatible for Editor in 0.69 ms, found 1 plugins.
Preloading 0 native plugins for Editor in 0.00 ms.
Unloading 2167 Unused Serialized files (Serialized files now loaded: 0)
Unloading 51 unused Assets / (119.4 KB). Loaded Objects now: 2629.
Memory consumption went from 107.6 MB to 107.4 MB.
Total: 1.955800 ms (FindLiveObjects: 0.102700 ms CreateObjectMapping: 0.025700 ms MarkObjects: 1.749800 ms  DeleteObjects: 0.076700 ms)

AssetImportParameters requested are different than current active one (requested -> active):
  custom:video-decoder-ogg-theora: a1e56fd34408186e4bbccfd4996cb3dc -> 
  custom:container-muxer-webm: aa71ff27fc2769a1b78a27578f13a17b -> 
  custom:container-demuxer-webm: 4f35f7cbe854078d1ac9338744f61a02 -> 
  custom:video-encoder-webm-vp8: eb34c28f22e8b96e1ab97ce403110664 -> 
  custom:video-codec-MediaFoundation-h265: 746d11721c4dcdbdad8f713fa42b33f4 -> 
  custom:CustomObjectIndexerAttribute: bc11b3a6c3213fcdd17b65e7da85e133 -> 
  custom:audio-encoder-webm-vorbis: bf7c407c2cedff20999df2af8eb42d56 -> 
  custom:framework-win-MediaFoundation: 216162199b28c13a410421893ffa2e32 -> 
  custom:container-demuxer-ogg: 62fdf1f143b41e24485cea50d1cbac27 -> 
  custom:video-decoder-webm-vp8: 9c59270c3fd7afecdb556c50c9e8de78 -> 
  custom:audio-decoder-ogg-vorbis: bf7c407c2cedff20999df2af8eb42d56 -> 
========================================================================
Received Import Request.
  Time since last request: 91712.171607 seconds.
  path: Assets/Prefabs/Enviroment/Crop/bush01_5.prefab
  artifactKey: Guid(522ace59596669040b4eeb640386aaff) Importer(815301076,1909f56bfc062723c751e8b465ee728b)
Start importing Assets/Prefabs/Enviroment/Crop/bush01_5.prefab using Guid(522ace59596669040b4eeb640386aaff) Importer(815301076,1909f56bfc062723c751e8b465ee728b)  -> (artifact id: 'eb41df8bba32ce05792f3177733e0be3') in 0.088799 seconds 
========================================================================
Received Import Request.
  Time since last request: 0.000055 seconds.
  path: Assets/Prefabs/Enviroment/Crop/bush05_4.prefab
  artifactKey: Guid(8d23f78feb5d7a9408e78ecc06d1043c) Importer(815301076,1909f56bfc062723c751e8b465ee728b)
Start importing Assets/Prefabs/Enviroment/Crop/bush05_4.prefab using Guid(8d23f78feb5d7a9408e78ecc06d1043c) Importer(815301076,1909f56bfc062723c751e8b465ee728b)  -> (artifact id: '9b9f9a1e28a378afaaa15f59cb64144e') in 0.011805 seconds 
========================================================================
Received Import Request.
  Time since last request: 0.000029 seconds.
  path: Assets/Prefabs/Enviroment/Crop/bush02_2.prefab
  artifactKey: Guid(4de0f05280c70ac4f8a10ddbe3c73dd3) Importer(815301076,1909f56bfc062723c751e8b465ee728b)
Start importing Assets/Prefabs/Enviroment/Crop/bush02_2.prefab using Guid(4de0f05280c70ac4f8a10ddbe3c73dd3) Importer(815301076,1909f56bfc062723c751e8b465ee728b)  -> (artifact id: '99165afaaacd0e5839cd42c6f106a38f') in 0.010661 seconds 
========================================================================
Received Prepare
Registering precompiled user dll's ...
Registered in 0.008014 seconds.
Begin MonoManager ReloadAssembly
Native extension for WindowsStandalone target not found
Refreshing native plugins compatible for Editor in 0.66 ms, found 1 plugins.
Preloading 0 native plugins for Editor in 0.00 ms.
Mono: successfully reloaded assembly
- Completed reload, in  0.528 seconds
Domain Reload Profiling:
	ReloadAssembly (529ms)
		BeginReloadAssembly (92ms)
			ExecutionOrderSort (0ms)
			DisableScriptedObjects (4ms)
			BackupInstance (0ms)
			ReleaseScriptingObjects (0ms)
			CreateAndSetChildDomain (18ms)
		EndReloadAssembly (375ms)
			LoadAssemblies (61ms)
			RebuildTransferFunctionScriptingTraits (0ms)
			SetupTypeCache (97ms)
			ReleaseScriptCaches (1ms)
			RebuildScriptCaches (26ms)
			SetupLoadedEditorAssemblies (168ms)
				LogAssemblyErrors (0ms)
				InitializePlatformSupportModulesInManaged (4ms)
				SetLoadedEditorAssemblies (0ms)
				RefreshPlugins (1ms)
				BeforeProcessingInitializeOnLoad (41ms)
				ProcessInitializeOnLoadAttributes (76ms)
				ProcessInitializeOnLoadMethodAttributes (34ms)
				AfterProcessingInitializeOnLoad (12ms)
				EditorAssembliesLoaded (0ms)
			ExecutionOrderSort2 (0ms)
			AwakeInstancesAfterBackupRestoration (5ms)
Platform modules already initialized, skipping
Refreshing native plugins compatible for Editor in 1.66 ms, found 1 plugins.
Preloading 0 native plugins for Editor in 0.00 ms.
Unloading 2143 Unused Serialized files (Serialized files now loaded: 0)
Unloading 27 unused Assets / (92.7 KB). Loaded Objects now: 2652.
Memory consumption went from 108.6 MB to 108.6 MB.
Total: 2.180700 ms (FindLiveObjects: 0.104200 ms CreateObjectMapping: 0.026100 ms MarkObjects: 2.009900 ms  DeleteObjects: 0.039300 ms)

AssetImportParameters requested are different than current active one (requested -> active):
  custom:video-decoder-ogg-theora: a1e56fd34408186e4bbccfd4996cb3dc -> 
  custom:container-muxer-webm: aa71ff27fc2769a1b78a27578f13a17b -> 
  custom:container-demuxer-webm: 4f35f7cbe854078d1ac9338744f61a02 -> 
  custom:video-encoder-webm-vp8: eb34c28f22e8b96e1ab97ce403110664 -> 
  custom:video-codec-MediaFoundation-h265: 746d11721c4dcdbdad8f713fa42b33f4 -> 
  custom:CustomObjectIndexerAttribute: bc11b3a6c3213fcdd17b65e7da85e133 -> 
  custom:audio-encoder-webm-vorbis: bf7c407c2cedff20999df2af8eb42d56 -> 
  custom:framework-win-MediaFoundation: 216162199b28c13a410421893ffa2e32 -> 
  custom:container-demuxer-ogg: 62fdf1f143b41e24485cea50d1cbac27 -> 
  custom:video-decoder-webm-vp8: 9c59270c3fd7afecdb556c50c9e8de78 -> 
  custom:audio-decoder-ogg-vorbis: bf7c407c2cedff20999df2af8eb42d56 -> 
========================================================================
Received Import Request.
  Time since last request: 178.803373 seconds.
  path: Assets/Prefabs/Enviroment/Crop/bush01_4.prefab
  artifactKey: Guid(537fe2a110a1c9246942565c5473a657) Importer(815301076,1909f56bfc062723c751e8b465ee728b)
Start importing Assets/Prefabs/Enviroment/Crop/bush01_4.prefab using Guid(537fe2a110a1c9246942565c5473a657) Importer(815301076,1909f56bfc062723c751e8b465ee728b)  -> (artifact id: '61a6afccdb15477b62d945f347b5e3b7') in 0.052608 seconds 
========================================================================
Received Prepare
Registering precompiled user dll's ...
Registered in 0.009281 seconds.
Begin MonoManager ReloadAssembly
Native extension for WindowsStandalone target not found
Refreshing native plugins compatible for Editor in 0.70 ms, found 1 plugins.
Preloading 0 native plugins for Editor in 0.00 ms.
Mono: successfully reloaded assembly
- Completed reload, in  0.533 seconds
Domain Reload Profiling:
	ReloadAssembly (533ms)
		BeginReloadAssembly (92ms)
			ExecutionOrderSort (0ms)
			DisableScriptedObjects (3ms)
			BackupInstance (0ms)
			ReleaseScriptingObjects (0ms)
			CreateAndSetChildDomain (19ms)
		EndReloadAssembly (378ms)
			LoadAssemblies (60ms)
			RebuildTransferFunctionScriptingTraits (0ms)
			SetupTypeCache (101ms)
			ReleaseScriptCaches (1ms)
			RebuildScriptCaches (24ms)
			SetupLoadedEditorAssemblies (175ms)
				LogAssemblyErrors (0ms)
				InitializePlatformSupportModulesInManaged (3ms)
				SetLoadedEditorAssemblies (0ms)
				RefreshPlugins (1ms)
				BeforeProcessingInitializeOnLoad (39ms)
				ProcessInitializeOnLoadAttributes (87ms)
				ProcessInitializeOnLoadMethodAttributes (35ms)
				AfterProcessingInitializeOnLoad (8ms)
				EditorAssembliesLoaded (0ms)
			ExecutionOrderSort2 (0ms)
			AwakeInstancesAfterBackupRestoration (4ms)
Platform modules already initialized, skipping
Refreshing native plugins compatible for Editor in 2.04 ms, found 1 plugins.
Preloading 0 native plugins for Editor in 0.00 ms.
Unloading 2143 Unused Serialized files (Serialized files now loaded: 0)
Unloading 27 unused Assets / (92.6 KB). Loaded Objects now: 2667.
Memory consumption went from 108.7 MB to 108.6 MB.
Total: 1.838500 ms (FindLiveObjects: 0.098800 ms CreateObjectMapping: 0.025500 ms MarkObjects: 1.683700 ms  DeleteObjects: 0.029600 ms)

AssetImportParameters requested are different than current active one (requested -> active):
  custom:video-decoder-ogg-theora: a1e56fd34408186e4bbccfd4996cb3dc -> 
  custom:container-muxer-webm: aa71ff27fc2769a1b78a27578f13a17b -> 
  custom:container-demuxer-webm: 4f35f7cbe854078d1ac9338744f61a02 -> 
  custom:video-encoder-webm-vp8: eb34c28f22e8b96e1ab97ce403110664 -> 
  custom:video-codec-MediaFoundation-h265: 746d11721c4dcdbdad8f713fa42b33f4 -> 
  custom:CustomObjectIndexerAttribute: bc11b3a6c3213fcdd17b65e7da85e133 -> 
  custom:audio-encoder-webm-vorbis: bf7c407c2cedff20999df2af8eb42d56 -> 
  custom:framework-win-MediaFoundation: 216162199b28c13a410421893ffa2e32 -> 
  custom:container-demuxer-ogg: 62fdf1f143b41e24485cea50d1cbac27 -> 
  custom:video-decoder-webm-vp8: 9c59270c3fd7afecdb556c50c9e8de78 -> 
  custom:audio-decoder-ogg-vorbis: bf7c407c2cedff20999df2af8eb42d56 -> 
========================================================================
Received Import Request.
  Time since last request: 128.267780 seconds.
  path: Assets/QuantumRaven/Art/Items/Toolkit/WorkTable/Alchemy_Table_49.png
  artifactKey: Guid(d3075a4c83adffa4cb4340a19610b303) Importer(815301076,1909f56bfc062723c751e8b465ee728b)
Start importing Assets/QuantumRaven/Art/Items/Toolkit/WorkTable/Alchemy_Table_49.png using Guid(d3075a4c83adffa4cb4340a19610b303) Importer(815301076,1909f56bfc062723c751e8b465ee728b)  -> (artifact id: '3afd0f49c8c8cab54e099073672ee3e7') in 0.061736 seconds 
========================================================================
Received Import Request.
  Time since last request: 0.000031 seconds.
  path: Assets/QuantumRaven/Art/Items/Toolkit/WorkTable/Alchemy_Table_54.png
  artifactKey: Guid(5d6ec2d1898ab734b8904f4701506f5a) Importer(815301076,1909f56bfc062723c751e8b465ee728b)
Start importing Assets/QuantumRaven/Art/Items/Toolkit/WorkTable/Alchemy_Table_54.png using Guid(5d6ec2d1898ab734b8904f4701506f5a) Importer(815301076,1909f56bfc062723c751e8b465ee728b)  -> (artifact id: '336088d915c546113322604a86943dfe') in 0.018818 seconds 
========================================================================
Received Import Request.
  Time since last request: 0.000026 seconds.
  path: Assets/QuantumRaven/Art/Items/Toolkit/WorkTable/Alchemy_Table_62.png
  artifactKey: Guid(da6e730ac0531224f99771c25827c2a1) Importer(815301076,1909f56bfc062723c751e8b465ee728b)
Start importing Assets/QuantumRaven/Art/Items/Toolkit/WorkTable/Alchemy_Table_62.png using Guid(da6e730ac0531224f99771c25827c2a1) Importer(815301076,1909f56bfc062723c751e8b465ee728b)  -> (artifact id: '64900cc6a91c838586e5d9730bf89ccb') in 0.020882 seconds 
========================================================================
Received Import Request.
  Time since last request: 0.000023 seconds.
  path: Assets/QuantumRaven/Art/Items/Toolkit/Anvil/Anvil_02.png
  artifactKey: Guid(c2885ab04e2938a4d8cce548aed64ce2) Importer(815301076,1909f56bfc062723c751e8b465ee728b)
Start importing Assets/QuantumRaven/Art/Items/Toolkit/Anvil/Anvil_02.png using Guid(c2885ab04e2938a4d8cce548aed64ce2) Importer(815301076,1909f56bfc062723c751e8b465ee728b)  -> (artifact id: 'cd6c4caead40ef18dafc9196077e78d4') in 0.021355 seconds 
========================================================================
Received Import Request.
  Time since last request: 0.000016 seconds.
  path: Assets/QuantumRaven/Art/Items/Toolkit/WorkTable/Alchemy_Table_57.png
  artifactKey: Guid(ebb12f7199e8b324d9229d66fef466dc) Importer(815301076,1909f56bfc062723c751e8b465ee728b)
Start importing Assets/QuantumRaven/Art/Items/Toolkit/WorkTable/Alchemy_Table_57.png using Guid(ebb12f7199e8b324d9229d66fef466dc) Importer(815301076,1909f56bfc062723c751e8b465ee728b)  -> (artifact id: 'b1b27b8f4fcb836a9b79b44f2ff7c29f') in 0.019702 seconds 
========================================================================
Received Import Request.
  Time since last request: 0.000017 seconds.
  path: Assets/QuantumRaven/Art/Items/Toolkit/WorkTable/Alchemy_Table_61.png
  artifactKey: Guid(ad6614e7527cb0f4da971d34f8afc710) Importer(815301076,1909f56bfc062723c751e8b465ee728b)
Start importing Assets/QuantumRaven/Art/Items/Toolkit/WorkTable/Alchemy_Table_61.png using Guid(ad6614e7527cb0f4da971d34f8afc710) Importer(815301076,1909f56bfc062723c751e8b465ee728b)  -> (artifact id: '194710adb5d84930fca420546d4210fa') in 0.017615 seconds 
========================================================================
Received Import Request.
  Time since last request: 0.000021 seconds.
  path: Assets/QuantumRaven/Art/Items/Toolkit/WorkTable/Alchemy_Table_51.png
  artifactKey: Guid(f6c8fed408326264088fa3b33e46485d) Importer(815301076,1909f56bfc062723c751e8b465ee728b)
Start importing Assets/QuantumRaven/Art/Items/Toolkit/WorkTable/Alchemy_Table_51.png using Guid(f6c8fed408326264088fa3b33e46485d) Importer(815301076,1909f56bfc062723c751e8b465ee728b)  -> (artifact id: '07ad094fae6e2c7699cb4ef35fbcd08e') in 0.020451 seconds 
========================================================================
Received Import Request.
  Time since last request: 0.000022 seconds.
  path: Assets/QuantumRaven/Art/Items/Toolkit/Anvil/Anvil_03.png
  artifactKey: Guid(58170739b9533d5419ebc972020a6e18) Importer(815301076,1909f56bfc062723c751e8b465ee728b)
Start importing Assets/QuantumRaven/Art/Items/Toolkit/Anvil/Anvil_03.png using Guid(58170739b9533d5419ebc972020a6e18) Importer(815301076,1909f56bfc062723c751e8b465ee728b)  -> (artifact id: '71d9d05d058b6ed01cfa10ed4a736253') in 0.019809 seconds 
========================================================================
Received Import Request.
  Time since last request: 0.210762 seconds.
  path: Assets/QuantumRaven/Art/Items/Toolkit/Anvil/Anvil_05.png
  artifactKey: Guid(d4dc1305e4e0ab04daaf83e666a5de19) Importer(815301076,1909f56bfc062723c751e8b465ee728b)
Start importing Assets/QuantumRaven/Art/Items/Toolkit/Anvil/Anvil_05.png using Guid(d4dc1305e4e0ab04daaf83e666a5de19) Importer(815301076,1909f56bfc062723c751e8b465ee728b)  -> (artifact id: 'fbafa0e900397ba7fa791be9a57f0191') in 0.019072 seconds 
========================================================================
Received Import Request.
  Time since last request: 0.000016 seconds.
  path: Assets/QuantumRaven/Art/Items/Toolkit/Anvil/Anvil_08.png
  artifactKey: Guid(78a7f120dd377d649870c4e3da768e39) Importer(815301076,1909f56bfc062723c751e8b465ee728b)
Start importing Assets/QuantumRaven/Art/Items/Toolkit/Anvil/Anvil_08.png using Guid(78a7f120dd377d649870c4e3da768e39) Importer(815301076,1909f56bfc062723c751e8b465ee728b)  -> (artifact id: 'c9870108112d4c8b7c304ea6960b00b5') in 0.019353 seconds 
========================================================================
Received Import Request.
  Time since last request: 0.000015 seconds.
  path: Assets/QuantumRaven/Art/Items/Toolkit/Anvil/Anvil_14.png
  artifactKey: Guid(a45d623cd2c2d1d488858b7dba0bed78) Importer(815301076,1909f56bfc062723c751e8b465ee728b)
Start importing Assets/QuantumRaven/Art/Items/Toolkit/Anvil/Anvil_14.png using Guid(a45d623cd2c2d1d488858b7dba0bed78) Importer(815301076,1909f56bfc062723c751e8b465ee728b)  -> (artifact id: 'd0f4886ef9a4d000d4a52ad004889372') in 0.018082 seconds 
========================================================================
Received Import Request.
  Time since last request: 0.000021 seconds.
  path: Assets/QuantumRaven/Art/Items/Toolkit/Anvil/Anvil_16.png
  artifactKey: Guid(2893d9fd3482f4945aaa25804b7036cc) Importer(815301076,1909f56bfc062723c751e8b465ee728b)
Start importing Assets/QuantumRaven/Art/Items/Toolkit/Anvil/Anvil_16.png using Guid(2893d9fd3482f4945aaa25804b7036cc) Importer(815301076,1909f56bfc062723c751e8b465ee728b)  -> (artifact id: 'aba6c9955852db3fcb58b9e3fdbbe1be') in 0.020653 seconds 
========================================================================
Received Import Request.
  Time since last request: 0.000016 seconds.
  path: Assets/QuantumRaven/Art/Items/Toolkit/Anvil/Anvil_26.png
  artifactKey: Guid(898ad5f5f73c2564e85f40af6f5625d7) Importer(815301076,1909f56bfc062723c751e8b465ee728b)
Start importing Assets/QuantumRaven/Art/Items/Toolkit/Anvil/Anvil_26.png using Guid(898ad5f5f73c2564e85f40af6f5625d7) Importer(815301076,1909f56bfc062723c751e8b465ee728b)  -> (artifact id: 'a059b5c278b6759f00860650c9298a10') in 0.023896 seconds 
========================================================================
Received Import Request.
  Time since last request: 0.000024 seconds.
  path: Assets/QuantumRaven/Art/Items/Toolkit/Anvil/Anvil_25.png
  artifactKey: Guid(fe3de0075db88c743ab184fac59644b2) Importer(815301076,1909f56bfc062723c751e8b465ee728b)
Start importing Assets/QuantumRaven/Art/Items/Toolkit/Anvil/Anvil_25.png using Guid(fe3de0075db88c743ab184fac59644b2) Importer(815301076,1909f56bfc062723c751e8b465ee728b)  -> (artifact id: '7d6318e8bd7814cdc79be0df723b84ca') in 0.018504 seconds 
========================================================================
Received Import Request.
  Time since last request: 0.000018 seconds.
  path: Assets/QuantumRaven/Art/Items/Toolkit/Anvil/Anvil_07.png
  artifactKey: Guid(804655cc9c7c6b040b8c726f1726b3a5) Importer(815301076,1909f56bfc062723c751e8b465ee728b)
Start importing Assets/QuantumRaven/Art/Items/Toolkit/Anvil/Anvil_07.png using Guid(804655cc9c7c6b040b8c726f1726b3a5) Importer(815301076,1909f56bfc062723c751e8b465ee728b)  -> (artifact id: 'f963253bcb43166385cbc484f24e9683') in 0.021082 seconds 
========================================================================
Received Import Request.
  Time since last request: 0.000017 seconds.
  path: Assets/QuantumRaven/Art/Items/Toolkit/Anvil/Anvil_11.png
  artifactKey: Guid(4ab88addfedcd234b8185b0158c6b4b0) Importer(815301076,1909f56bfc062723c751e8b465ee728b)
Start importing Assets/QuantumRaven/Art/Items/Toolkit/Anvil/Anvil_11.png using Guid(4ab88addfedcd234b8185b0158c6b4b0) Importer(815301076,1909f56bfc062723c751e8b465ee728b)  -> (artifact id: '9f35b896bf644935366f327733bc2653') in 0.020001 seconds 
========================================================================
Received Import Request.
  Time since last request: 0.000017 seconds.
  path: Assets/QuantumRaven/Art/Items/Toolkit/Anvil/Anvil_06.png
  artifactKey: Guid(ad88adc69bd1e19469882bb9066eed2b) Importer(815301076,1909f56bfc062723c751e8b465ee728b)
Start importing Assets/QuantumRaven/Art/Items/Toolkit/Anvil/Anvil_06.png using Guid(ad88adc69bd1e19469882bb9066eed2b) Importer(815301076,1909f56bfc062723c751e8b465ee728b)  -> (artifact id: '6935638b2e615993944e84227457a4f6') in 0.020128 seconds 
========================================================================
Received Import Request.
  Time since last request: 0.000014 seconds.
  path: Assets/QuantumRaven/Art/Items/Toolkit/Anvil/Anvil_10.png
  artifactKey: Guid(08d2bdacde620624fb466d0c49e048d8) Importer(815301076,1909f56bfc062723c751e8b465ee728b)
Start importing Assets/QuantumRaven/Art/Items/Toolkit/Anvil/Anvil_10.png using Guid(08d2bdacde620624fb466d0c49e048d8) Importer(815301076,1909f56bfc062723c751e8b465ee728b)  -> (artifact id: 'cc3ffb106359fef099f0c30f747390d9') in 0.022906 seconds 
========================================================================
Received Import Request.
  Time since last request: 0.000060 seconds.
  path: Assets/QuantumRaven/Art/Items/Toolkit/Anvil/Anvil_21.png
  artifactKey: Guid(6bc0cd46e703a26439167138bf714c4d) Importer(815301076,1909f56bfc062723c751e8b465ee728b)
Start importing Assets/QuantumRaven/Art/Items/Toolkit/Anvil/Anvil_21.png using Guid(6bc0cd46e703a26439167138bf714c4d) Importer(815301076,1909f56bfc062723c751e8b465ee728b)  -> (artifact id: '557d4c7cfed129301b9c1dab6d6d3f57') in 0.020919 seconds 
========================================================================
Received Import Request.
  Time since last request: 0.000018 seconds.
  path: Assets/QuantumRaven/Art/Items/Toolkit/Anvil/Anvil_20.png
  artifactKey: Guid(27a0973567ba637468877d69d417d394) Importer(815301076,1909f56bfc062723c751e8b465ee728b)
Start importing Assets/QuantumRaven/Art/Items/Toolkit/Anvil/Anvil_20.png using Guid(27a0973567ba637468877d69d417d394) Importer(815301076,1909f56bfc062723c751e8b465ee728b)  -> (artifact id: '450b46412a876d55c97ef10310282b7d') in 0.020414 seconds 
========================================================================
Received Import Request.
  Time since last request: 0.024477 seconds.
  path: Assets/QuantumRaven/Art/Items/Toolkit/Anvil/Anvil_29.png
  artifactKey: Guid(740d3d10017aa2b4493c381656b415bd) Importer(815301076,1909f56bfc062723c751e8b465ee728b)
Start importing Assets/QuantumRaven/Art/Items/Toolkit/Anvil/Anvil_29.png using Guid(740d3d10017aa2b4493c381656b415bd) Importer(815301076,1909f56bfc062723c751e8b465ee728b)  -> (artifact id: '4abf068b6321aa07592e078386ed0eed') in 0.019738 seconds 
========================================================================
Received Import Request.
  Time since last request: 0.000024 seconds.
  path: Assets/QuantumRaven/Art/Items/Toolkit/Anvil/Anvil_30.png
  artifactKey: Guid(debeb12f6d29bc24f98908816bdb8ceb) Importer(815301076,1909f56bfc062723c751e8b465ee728b)
Start importing Assets/QuantumRaven/Art/Items/Toolkit/Anvil/Anvil_30.png using Guid(debeb12f6d29bc24f98908816bdb8ceb) Importer(815301076,1909f56bfc062723c751e8b465ee728b)  -> (artifact id: 'cd3a29a80df92b05daadb75c4528243d') in 0.024357 seconds 
Editor requested this worker to shutdown with reason: Scaling down because of idle timeout
AssetImportWorker is now disconnected from the server
Process exiting
Exiting without the bug reporter. Application will terminate with return code 0