Using pre-set license
Built from '2021.3/china_unity/release' branch; Version is '2021.3.29f1c1 (0b77087ad835) revision 751368'; Using compiler version '192829333'; Build Type 'Release'
OS: 'Windows 11  (10.0.26200) 64bit Professional' Language: 'zh' Physical Memory: 32556 MB
BatchMode: 1, IsHumanControllingUs: 0, StartBugReporterOnCrash: 0, Is64bit: 1, IsPro: 1

COMMAND LINE ARGUMENTS:
C:\Program Files\Unity\Hub\Editor\2021.3.29f1c1\Editor\Unity.exe
-adb2
-batchMode
-noUpm
-name
AssetImportWorker5
-projectPath
D:/QuatumRaven/Code/Moonset-Valley
-logFile
Logs/AssetImportWorker5.log
-srvPort
58069
Successfully changed project path to: D:/QuatumRaven/Code/Moonset-Valley
D:/QuatumRaven/Code/Moonset-Valley
[UnityMemory] Configuration Parameters - Can be set up in boot.config
    "memorysetup-bucket-allocator-granularity=16"
    "memorysetup-bucket-allocator-bucket-count=8"
    "memorysetup-bucket-allocator-block-size=33554432"
    "memorysetup-bucket-allocator-block-count=8"
    "memorysetup-main-allocator-block-size=16777216"
    "memorysetup-thread-allocator-block-size=16777216"
    "memorysetup-gfx-main-allocator-block-size=16777216"
    "memorysetup-gfx-thread-allocator-block-size=16777216"
    "memorysetup-cache-allocator-block-size=4194304"
    "memorysetup-typetree-allocator-block-size=2097152"
    "memorysetup-profiler-bucket-allocator-granularity=16"
    "memorysetup-profiler-bucket-allocator-bucket-count=8"
    "memorysetup-profiler-bucket-allocator-block-size=33554432"
    "memorysetup-profiler-bucket-allocator-block-count=8"
    "memorysetup-profiler-allocator-block-size=16777216"
    "memorysetup-profiler-editor-allocator-block-size=1048576"
    "memorysetup-temp-allocator-size-main=16777216"
    "memorysetup-job-temp-allocator-block-size=2097152"
    "memorysetup-job-temp-allocator-block-size-background=1048576"
    "memorysetup-job-temp-allocator-reduction-small-platforms=262144"
    "memorysetup-temp-allocator-size-background-worker=32768"
    "memorysetup-temp-allocator-size-job-worker=262144"
    "memorysetup-temp-allocator-size-preload-manager=33554432"
    "memorysetup-temp-allocator-size-nav-mesh-worker=65536"
    "memorysetup-temp-allocator-size-audio-worker=65536"
    "memorysetup-temp-allocator-size-cloud-worker=32768"
    "memorysetup-temp-allocator-size-gi-baking-worker=262144"
    "memorysetup-temp-allocator-size-gfx=262144"
Player connection [23664] Host "[IP] 192.168.31.82 [Port] 0 [Flags] 2 [Guid] 2878100879 [EditorId] 2878100879 [Version] 1048832 [Id] WindowsEditor(7,HerseyHome) [Debug] 1 [PackageName] WindowsEditor [ProjectName] Editor" joined multi-casting on [225.0.0.222:54997]...

Player connection [23664] Host "[IP] 192.168.31.82 [Port] 0 [Flags] 2 [Guid] 2878100879 [EditorId] 2878100879 [Version] 1048832 [Id] WindowsEditor(7,HerseyHome) [Debug] 1 [PackageName] WindowsEditor [ProjectName] Editor" joined alternative multi-casting on [225.0.0.222:34997]...

AS: AutoStreaming module initializing.
Refreshing native plugins compatible for Editor in 42.13 ms, found 1 plugins.
Preloading 0 native plugins for Editor in 0.00 ms.
Initialize engine version: 2021.3.29f1c1 (0b77087ad835)
[Subsystems] Discovering subsystems at path C:/Program Files/Unity/Hub/Editor/2021.3.29f1c1/Editor/Data/Resources/UnitySubsystems
[Subsystems] Discovering subsystems at path D:/QuatumRaven/Code/Moonset-Valley/Assets
GfxDevice: creating device client; threaded=0; jobified=0
Direct3D:
    Version:  Direct3D 11.0 [level 11.1]
    Renderer: NVIDIA GeForce RTX 4060 Ti (ID=0x2803)
    Vendor:   NVIDIA
    VRAM:     7949 MB
    Driver:   32.0.16.1656
Initialize mono
Mono path[0] = 'C:/Program Files/Unity/Hub/Editor/2021.3.29f1c1/Editor/Data/Managed'
Mono path[1] = 'C:/Program Files/Unity/Hub/Editor/2021.3.29f1c1/Editor/Data/MonoBleedingEdge/lib/mono/unityjit-win32'
Mono config path = 'C:/Program Files/Unity/Hub/Editor/2021.3.29f1c1/Editor/Data/MonoBleedingEdge/etc'
Using monoOptions --debugger-agent=transport=dt_socket,embedding=1,server=y,suspend=n,address=127.0.0.1:56108
Begin MonoManager ReloadAssembly
Registering precompiled unity dll's ...
Register platform support module: C:/Program Files/Unity/Hub/Editor/2021.3.29f1c1/Editor/Data/PlaybackEngines/WindowsStandaloneSupport/UnityEditor.WindowsStandalone.Extensions.dll
Registered in 0.003622 seconds.
Native extension for WindowsStandalone target not found
Refreshing native plugins compatible for Editor in 38.98 ms, found 1 plugins.
Preloading 0 native plugins for Editor in 0.00 ms.
Mono: successfully reloaded assembly
- Completed reload, in  0.370 seconds
Domain Reload Profiling:
	ReloadAssembly (370ms)
		BeginReloadAssembly (59ms)
			ExecutionOrderSort (0ms)
			DisableScriptedObjects (0ms)
			BackupInstance (0ms)
			ReleaseScriptingObjects (0ms)
			CreateAndSetChildDomain (1ms)
		EndReloadAssembly (248ms)
			LoadAssemblies (57ms)
			RebuildTransferFunctionScriptingTraits (0ms)
			SetupTypeCache (57ms)
			ReleaseScriptCaches (0ms)
			RebuildScriptCaches (16ms)
			SetupLoadedEditorAssemblies (142ms)
				LogAssemblyErrors (0ms)
				InitializePlatformSupportModulesInManaged (5ms)
				SetLoadedEditorAssemblies (0ms)
				RefreshPlugins (39ms)
				BeforeProcessingInitializeOnLoad (1ms)
				ProcessInitializeOnLoadAttributes (70ms)
				ProcessInitializeOnLoadMethodAttributes (27ms)
				AfterProcessingInitializeOnLoad (0ms)
				EditorAssembliesLoaded (0ms)
			ExecutionOrderSort2 (0ms)
			AwakeInstancesAfterBackupRestoration (0ms)
Platform modules already initialized, skipping
Registering precompiled user dll's ...
Registered in 0.008727 seconds.
Begin MonoManager ReloadAssembly
Native extension for WindowsStandalone target not found
Refreshing native plugins compatible for Editor in 36.73 ms, found 1 plugins.
Preloading 0 native plugins for Editor in 0.00 ms.
Mono: successfully reloaded assembly
- Completed reload, in  0.565 seconds
Domain Reload Profiling:
	ReloadAssembly (566ms)
		BeginReloadAssembly (77ms)
			ExecutionOrderSort (0ms)
			DisableScriptedObjects (3ms)
			BackupInstance (0ms)
			ReleaseScriptingObjects (0ms)
			CreateAndSetChildDomain (11ms)
		EndReloadAssembly (416ms)
			LoadAssemblies (60ms)
			RebuildTransferFunctionScriptingTraits (0ms)
			SetupTypeCache (101ms)
			ReleaseScriptCaches (0ms)
			RebuildScriptCaches (29ms)
			SetupLoadedEditorAssemblies (207ms)
				LogAssemblyErrors (0ms)
				InitializePlatformSupportModulesInManaged (3ms)
				SetLoadedEditorAssemblies (0ms)
				RefreshPlugins (37ms)
				BeforeProcessingInitializeOnLoad (43ms)
				ProcessInitializeOnLoadAttributes (84ms)
				ProcessInitializeOnLoadMethodAttributes (33ms)
				AfterProcessingInitializeOnLoad (7ms)
				EditorAssembliesLoaded (0ms)
			ExecutionOrderSort2 (0ms)
			AwakeInstancesAfterBackupRestoration (3ms)
Platform modules already initialized, skipping
========================================================================
Worker process is ready to serve import requests
Launched and connected shader compiler UnityShaderCompiler.exe after 0.03 seconds
Refreshing native plugins compatible for Editor in 0.65 ms, found 1 plugins.
Preloading 0 native plugins for Editor in 0.00 ms.
Unloading 2167 Unused Serialized files (Serialized files now loaded: 0)
Unloading 51 unused Assets / (119.4 KB). Loaded Objects now: 2629.
Memory consumption went from 107.6 MB to 107.4 MB.
Total: 1.833900 ms (FindLiveObjects: 0.090200 ms CreateObjectMapping: 0.027400 ms MarkObjects: 1.654300 ms  DeleteObjects: 0.060500 ms)

AssetImportParameters requested are different than current active one (requested -> active):
  custom:video-decoder-ogg-theora: a1e56fd34408186e4bbccfd4996cb3dc -> 
  custom:container-muxer-webm: aa71ff27fc2769a1b78a27578f13a17b -> 
  custom:container-demuxer-webm: 4f35f7cbe854078d1ac9338744f61a02 -> 
  custom:video-encoder-webm-vp8: eb34c28f22e8b96e1ab97ce403110664 -> 
  custom:video-codec-MediaFoundation-h265: 746d11721c4dcdbdad8f713fa42b33f4 -> 
  custom:CustomObjectIndexerAttribute: bc11b3a6c3213fcdd17b65e7da85e133 -> 
  custom:audio-encoder-webm-vorbis: bf7c407c2cedff20999df2af8eb42d56 -> 
  custom:framework-win-MediaFoundation: 216162199b28c13a410421893ffa2e32 -> 
  custom:container-demuxer-ogg: 62fdf1f143b41e24485cea50d1cbac27 -> 
  custom:video-decoder-webm-vp8: 9c59270c3fd7afecdb556c50c9e8de78 -> 
  custom:audio-decoder-ogg-vorbis: bf7c407c2cedff20999df2af8eb42d56 -> 
========================================================================
Received Import Request.
  Time since last request: 24680.981589 seconds.
  path: Assets/QuantumRaven/Art/Enviroment/Trees/Tree01/Size5/Tree01_Size5_NoLeaf.png
  artifactKey: Guid(b680ef83114fa8b4abd7576e2ba9260c) Importer(815301076,1909f56bfc062723c751e8b465ee728b)
Start importing Assets/QuantumRaven/Art/Enviroment/Trees/Tree01/Size5/Tree01_Size5_NoLeaf.png using Guid(b680ef83114fa8b4abd7576e2ba9260c) Importer(815301076,1909f56bfc062723c751e8b465ee728b)  -> (artifact id: 'fcae85267121a1c8870915d1e64249b4') in 0.098134 seconds 
========================================================================
Received Import Request.
  Time since last request: 21.552650 seconds.
  path: Assets/Prefabs/Enviroment/Tree/Tree01/Tree01_Size04_NoLeafs.prefab
  artifactKey: Guid(7d51419fc79dc7c4bae3cc013f08cdc9) Importer(815301076,1909f56bfc062723c751e8b465ee728b)
Start importing Assets/Prefabs/Enviroment/Tree/Tree01/Tree01_Size04_NoLeafs.prefab using Guid(7d51419fc79dc7c4bae3cc013f08cdc9) Importer(815301076,1909f56bfc062723c751e8b465ee728b)  -> (artifact id: 'affc851cba281c63ce12cd03590005d4') in 0.047970 seconds 
========================================================================
Received Import Request.
  Time since last request: 4.402139 seconds.
  path: Assets/Prefabs/Enviroment/Crop/bush01_4.prefab
  artifactKey: Guid(537fe2a110a1c9246942565c5473a657) Importer(815301076,1909f56bfc062723c751e8b465ee728b)
Start importing Assets/Prefabs/Enviroment/Crop/bush01_4.prefab using Guid(537fe2a110a1c9246942565c5473a657) Importer(815301076,1909f56bfc062723c751e8b465ee728b)  -> (artifact id: '87367d2e3de87d1429d2cf19d09db2d9') in 0.011508 seconds 
========================================================================
Received Import Request.
  Time since last request: 0.000020 seconds.
  path: Assets/Prefabs/Enviroment/Crop/Rock02.prefab
  artifactKey: Guid(c14629a46f7913e4ca9424b4b551284d) Importer(815301076,1909f56bfc062723c751e8b465ee728b)
Start importing Assets/Prefabs/Enviroment/Crop/Rock02.prefab using Guid(c14629a46f7913e4ca9424b4b551284d) Importer(815301076,1909f56bfc062723c751e8b465ee728b)  -> (artifact id: 'abcd289253feb226c9400902c3c5e661') in 0.018090 seconds 
========================================================================
Received Import Request.
  Time since last request: 0.000023 seconds.
  path: Assets/Prefabs/Enviroment/Crop/bush03_5.prefab
  artifactKey: Guid(e637bfe441ddf15478b1ba65195541d4) Importer(815301076,1909f56bfc062723c751e8b465ee728b)
Start importing Assets/Prefabs/Enviroment/Crop/bush03_5.prefab using Guid(e637bfe441ddf15478b1ba65195541d4) Importer(815301076,1909f56bfc062723c751e8b465ee728b)  -> (artifact id: '570d36fd1d94648693177693aa3ce28c') in 0.013637 seconds 
========================================================================
Received Import Request.
  Time since last request: 0.000017 seconds.
  path: Assets/Prefabs/Enviroment/Crop/bush01_5.prefab
  artifactKey: Guid(522ace59596669040b4eeb640386aaff) Importer(815301076,1909f56bfc062723c751e8b465ee728b)
Start importing Assets/Prefabs/Enviroment/Crop/bush01_5.prefab using Guid(522ace59596669040b4eeb640386aaff) Importer(815301076,1909f56bfc062723c751e8b465ee728b)  -> (artifact id: '30e8335f36185fd2c82929d66ba577d7') in 0.015510 seconds 
========================================================================
Received Import Request.
  Time since last request: 0.000024 seconds.
  path: Assets/Prefabs/Enviroment/Crop/bush03_2.prefab
  artifactKey: Guid(3fb005f87d9cd104782d387c3d709421) Importer(815301076,1909f56bfc062723c751e8b465ee728b)
Start importing Assets/Prefabs/Enviroment/Crop/bush03_2.prefab using Guid(3fb005f87d9cd104782d387c3d709421) Importer(815301076,1909f56bfc062723c751e8b465ee728b)  -> (artifact id: '2cb43393c431efd97ee8adaca5923cb6') in 0.012262 seconds 
========================================================================
Received Import Request.
  Time since last request: 0.000016 seconds.
  path: Assets/Prefabs/Enviroment/Crop/Tree01_Size03_Trunk.prefab
  artifactKey: Guid(1de5df2493f0cb44babcf4276ed942bd) Importer(815301076,1909f56bfc062723c751e8b465ee728b)
Start importing Assets/Prefabs/Enviroment/Crop/Tree01_Size03_Trunk.prefab using Guid(1de5df2493f0cb44babcf4276ed942bd) Importer(815301076,1909f56bfc062723c751e8b465ee728b)  -> (artifact id: '8d8fffa5d6470bb4edc52795a23e5f14') in 0.014297 seconds 
========================================================================
Received Import Request.
  Time since last request: 0.000017 seconds.
  path: Assets/Prefabs/Enviroment/Crop/bush05_5.prefab
  artifactKey: Guid(beef2fba6bd935c44a902c8506501231) Importer(815301076,1909f56bfc062723c751e8b465ee728b)
Start importing Assets/Prefabs/Enviroment/Crop/bush05_5.prefab using Guid(beef2fba6bd935c44a902c8506501231) Importer(815301076,1909f56bfc062723c751e8b465ee728b)  -> (artifact id: '9ea0b85d0a50deaff88381458a462e32') in 0.013803 seconds 
========================================================================
Received Import Request.
  Time since last request: 15.455818 seconds.
  path: Assets/Prefabs/Enviroment/Tree/Tree01/CanCrop/CropTree01_Size03_Red.prefab
  artifactKey: Guid(3a0e001337977664b948aed5380aee6b) Importer(815301076,1909f56bfc062723c751e8b465ee728b)
Start importing Assets/Prefabs/Enviroment/Tree/Tree01/CanCrop/CropTree01_Size03_Red.prefab using Guid(3a0e001337977664b948aed5380aee6b) Importer(815301076,1909f56bfc062723c751e8b465ee728b)  -> (artifact id: '405a50a8c4befd96b9cc7cb18b6efed0') in 0.015368 seconds 
========================================================================
Received Import Request.
  Time since last request: 0.000017 seconds.
  path: Assets/Prefabs/Enviroment/Tree/Tree01/CanCrop/CropTree01_Size03_Yellow.prefab
  artifactKey: Guid(6e3df8af372171144ad710febb5f81ab) Importer(815301076,1909f56bfc062723c751e8b465ee728b)
Start importing Assets/Prefabs/Enviroment/Tree/Tree01/CanCrop/CropTree01_Size03_Yellow.prefab using Guid(6e3df8af372171144ad710febb5f81ab) Importer(815301076,1909f56bfc062723c751e8b465ee728b)  -> (artifact id: 'df9035ff888abad86e0bdaea36fb9ee6') in 0.014640 seconds 
========================================================================
Received Import Request.
  Time since last request: 50.190276 seconds.
  path: Assets/QuantumRaven/Art/Items/Toolkit/Anvil/Anvil_36.png
  artifactKey: Guid(e9c626f17c1e7c3498ae8830247bdcda) Importer(815301076,1909f56bfc062723c751e8b465ee728b)
Start importing Assets/QuantumRaven/Art/Items/Toolkit/Anvil/Anvil_36.png using Guid(e9c626f17c1e7c3498ae8830247bdcda) Importer(815301076,1909f56bfc062723c751e8b465ee728b)  -> (artifact id: '4820c109321ca30f597bb4e2db1241dd') in 0.059042 seconds 
========================================================================
Received Import Request.
  Time since last request: 0.000016 seconds.
  path: Assets/QuantumRaven/Art/Enviroment/Props/Bushs/Bush1_size4.png
  artifactKey: Guid(4e45204674054e9439d3146476bae954) Importer(815301076,1909f56bfc062723c751e8b465ee728b)
Start importing Assets/QuantumRaven/Art/Enviroment/Props/Bushs/Bush1_size4.png using Guid(4e45204674054e9439d3146476bae954) Importer(815301076,1909f56bfc062723c751e8b465ee728b)  -> (artifact id: 'f4bfa709b762ec52df30e32e2ee8853b') in 0.041143 seconds 
========================================================================
Received Import Request.
  Time since last request: 0.000018 seconds.
  path: Assets/QuantumRaven/Art/Enviroment/Props/Bushs/Bush4_size2.png
  artifactKey: Guid(7998069c669a7934182a518350b0d6b5) Importer(815301076,1909f56bfc062723c751e8b465ee728b)
Start importing Assets/QuantumRaven/Art/Enviroment/Props/Bushs/Bush4_size2.png using Guid(7998069c669a7934182a518350b0d6b5) Importer(815301076,1909f56bfc062723c751e8b465ee728b)  -> (artifact id: 'ee21796b3d704e6b871b250446fd53cc') in 0.015583 seconds 
========================================================================
Received Import Request.
  Time since last request: 0.000058 seconds.
  path: Assets/QuantumRaven/Art/Enviroment/Props/Bushs/Bush2_size4.png
  artifactKey: Guid(ace0072935b832c4ba3e76a62d0c5780) Importer(815301076,1909f56bfc062723c751e8b465ee728b)
Start importing Assets/QuantumRaven/Art/Enviroment/Props/Bushs/Bush2_size4.png using Guid(ace0072935b832c4ba3e76a62d0c5780) Importer(815301076,1909f56bfc062723c751e8b465ee728b)  -> (artifact id: 'e2a93c94cbb9d730bf0575373ab2b09a') in 0.013785 seconds 
========================================================================
Received Import Request.
  Time since last request: 0.000041 seconds.
  path: Assets/QuantumRaven/Art/Enviroment/Props/Bushs/Bush4_size5.png
  artifactKey: Guid(b1c0dad868484654bb0a8ea237867bad) Importer(815301076,1909f56bfc062723c751e8b465ee728b)
Start importing Assets/QuantumRaven/Art/Enviroment/Props/Bushs/Bush4_size5.png using Guid(b1c0dad868484654bb0a8ea237867bad) Importer(815301076,1909f56bfc062723c751e8b465ee728b)  -> (artifact id: '69f83b0cbcbe87071d40547bd897547d') in 0.013675 seconds 
========================================================================
Received Import Request.
  Time since last request: 0.000023 seconds.
  path: Assets/QuantumRaven/Art/Enviroment/Props/Bushs/Bush3_size4.png
  artifactKey: Guid(9256b9754f8765044b924db500217953) Importer(815301076,1909f56bfc062723c751e8b465ee728b)
Start importing Assets/QuantumRaven/Art/Enviroment/Props/Bushs/Bush3_size4.png using Guid(9256b9754f8765044b924db500217953) Importer(815301076,1909f56bfc062723c751e8b465ee728b)  -> (artifact id: '90b3994d9661da47ebc3295dd2415554') in 0.013585 seconds 
========================================================================
Received Import Request.
  Time since last request: 0.000025 seconds.
  path: Assets/QuantumRaven/Art/Enviroment/Props/Bushs/Bush1_size5.png
  artifactKey: Guid(51acc5652ea3c3149bb3b92360814f28) Importer(815301076,1909f56bfc062723c751e8b465ee728b)
Start importing Assets/QuantumRaven/Art/Enviroment/Props/Bushs/Bush1_size5.png using Guid(51acc5652ea3c3149bb3b92360814f28) Importer(815301076,1909f56bfc062723c751e8b465ee728b)  -> (artifact id: '9274eb15893f37f4490792734f28f9e4') in 0.014804 seconds 
========================================================================
Received Import Request.
  Time since last request: 0.000022 seconds.
  path: Assets/QuantumRaven/Art/Enviroment/Props/Bushs/Bush4_size3.png
  artifactKey: Guid(4fa0a69c8cfac794b91f1fd846b65aed) Importer(815301076,1909f56bfc062723c751e8b465ee728b)
Start importing Assets/QuantumRaven/Art/Enviroment/Props/Bushs/Bush4_size3.png using Guid(4fa0a69c8cfac794b91f1fd846b65aed) Importer(815301076,1909f56bfc062723c751e8b465ee728b)  -> (artifact id: '04868301341df8b3edd7691317e0241d') in 0.016785 seconds 
========================================================================
Received Import Request.
  Time since last request: 0.000018 seconds.
  path: Assets/QuantumRaven/Art/Enviroment/Props/Bushs/Bush2_size5.png
  artifactKey: Guid(553f822bdb28714479115c66a6586435) Importer(815301076,1909f56bfc062723c751e8b465ee728b)
Start importing Assets/QuantumRaven/Art/Enviroment/Props/Bushs/Bush2_size5.png using Guid(553f822bdb28714479115c66a6586435) Importer(815301076,1909f56bfc062723c751e8b465ee728b)  -> (artifact id: 'a91d61569cf2c6c32dd52d79440cf831') in 0.013961 seconds 
========================================================================
Received Import Request.
  Time since last request: 2.372071 seconds.
  path: Assets/QuantumRaven/Art/Enviroment/Props/Trees/Tree_01_brown/Tree_sapling_01.png
  artifactKey: Guid(5aa621fb557ffaf4fbd6170e0467f594) Importer(815301076,1909f56bfc062723c751e8b465ee728b)
Start importing Assets/QuantumRaven/Art/Enviroment/Props/Trees/Tree_01_brown/Tree_sapling_01.png using Guid(5aa621fb557ffaf4fbd6170e0467f594) Importer(815301076,1909f56bfc062723c751e8b465ee728b)  -> (artifact id: 'ad94aa203be8f9a17c59af876894bff0') in 0.024815 seconds 
========================================================================
Received Import Request.
  Time since last request: 49.507289 seconds.
  path: Assets/QuantumRaven/Art/Items/Toolkit/WorkTable/Alchemy_Table_03.png
  artifactKey: Guid(48639ecd4b3e6b64ba78ad6deea29ad6) Importer(815301076,1909f56bfc062723c751e8b465ee728b)
Start importing Assets/QuantumRaven/Art/Items/Toolkit/WorkTable/Alchemy_Table_03.png using Guid(48639ecd4b3e6b64ba78ad6deea29ad6) Importer(815301076,1909f56bfc062723c751e8b465ee728b)  -> (artifact id: 'caca0d39c3610d7458a4eb250b81f431') in 0.054440 seconds 
========================================================================
Received Import Request.
  Time since last request: 0.000021 seconds.
  path: Assets/QuantumRaven/Art/Items/Toolkit/WorkTable/Alchemy_Table_06.png
  artifactKey: Guid(13c00229188a754429bf5fb03d76a6c0) Importer(815301076,1909f56bfc062723c751e8b465ee728b)
Start importing Assets/QuantumRaven/Art/Items/Toolkit/WorkTable/Alchemy_Table_06.png using Guid(13c00229188a754429bf5fb03d76a6c0) Importer(815301076,1909f56bfc062723c751e8b465ee728b)  -> (artifact id: 'c6aea2f7243f18796dad001bde721ded') in 0.020340 seconds 
========================================================================
Received Import Request.
  Time since last request: 0.000017 seconds.
  path: Assets/QuantumRaven/Art/Items/Toolkit/WorkTable/Alchemy_Table_05.png
  artifactKey: Guid(ce3cc6c77551c3e4fa4b48d5a3d5ca1a) Importer(815301076,1909f56bfc062723c751e8b465ee728b)
Start importing Assets/QuantumRaven/Art/Items/Toolkit/WorkTable/Alchemy_Table_05.png using Guid(ce3cc6c77551c3e4fa4b48d5a3d5ca1a) Importer(815301076,1909f56bfc062723c751e8b465ee728b)  -> (artifact id: '2f0ebf0048295e0abb9b95535f6edc5f') in 0.019666 seconds 
========================================================================
Received Import Request.
  Time since last request: 0.000026 seconds.
  path: Assets/QuantumRaven/Art/Items/Toolkit/WorkTable/Alchemy_Table_11.png
  artifactKey: Guid(91d36f039e967fe42a04188031a09142) Importer(815301076,1909f56bfc062723c751e8b465ee728b)
Start importing Assets/QuantumRaven/Art/Items/Toolkit/WorkTable/Alchemy_Table_11.png using Guid(91d36f039e967fe42a04188031a09142) Importer(815301076,1909f56bfc062723c751e8b465ee728b)  -> (artifact id: 'f47680995273d7f39e4b74a7a5b6d554') in 0.021083 seconds 
========================================================================
Received Import Request.
  Time since last request: 0.000026 seconds.
  path: Assets/QuantumRaven/Art/Items/Toolkit/WorkTable/Alchemy_Table_44.png
  artifactKey: Guid(ff43a60259667b34ca23ba733a5e29ea) Importer(815301076,1909f56bfc062723c751e8b465ee728b)
Start importing Assets/QuantumRaven/Art/Items/Toolkit/WorkTable/Alchemy_Table_44.png using Guid(ff43a60259667b34ca23ba733a5e29ea) Importer(815301076,1909f56bfc062723c751e8b465ee728b)  -> (artifact id: '8c73c061d7293b4ff51b0ab9bf85eed9') in 0.019901 seconds 
========================================================================
Received Import Request.
  Time since last request: 0.000017 seconds.
  path: Assets/QuantumRaven/Art/Items/Toolkit/WorkTable/Alchemy_Table_39.png
  artifactKey: Guid(b66d968425ac143408cfbe8142e6be77) Importer(815301076,1909f56bfc062723c751e8b465ee728b)
Start importing Assets/QuantumRaven/Art/Items/Toolkit/WorkTable/Alchemy_Table_39.png using Guid(b66d968425ac143408cfbe8142e6be77) Importer(815301076,1909f56bfc062723c751e8b465ee728b)  -> (artifact id: '936aab5dd2f757d1d6bcc01f940f134c') in 0.020490 seconds 
========================================================================
Received Import Request.
  Time since last request: 0.000020 seconds.
  path: Assets/QuantumRaven/Art/Items/Toolkit/WorkTable/Alchemy_Table_28.png
  artifactKey: Guid(ad07b1bdd9d298f4ba6d0565a7b8b534) Importer(815301076,1909f56bfc062723c751e8b465ee728b)
Start importing Assets/QuantumRaven/Art/Items/Toolkit/WorkTable/Alchemy_Table_28.png using Guid(ad07b1bdd9d298f4ba6d0565a7b8b534) Importer(815301076,1909f56bfc062723c751e8b465ee728b)  -> (artifact id: '07ed4b240a3156a48e4e69e8b97461c6') in 0.021159 seconds 
========================================================================
Received Import Request.
  Time since last request: 0.000017 seconds.
  path: Assets/QuantumRaven/Art/Items/Toolkit/WorkTable/Alchemy_Table_08.png
  artifactKey: Guid(006d8fe6ed95c9640ba73229c59a917d) Importer(815301076,1909f56bfc062723c751e8b465ee728b)
Start importing Assets/QuantumRaven/Art/Items/Toolkit/WorkTable/Alchemy_Table_08.png using Guid(006d8fe6ed95c9640ba73229c59a917d) Importer(815301076,1909f56bfc062723c751e8b465ee728b)  -> (artifact id: 'b0b21f6a65a8bec98e32b649e6c903f8') in 0.018962 seconds 
========================================================================
Received Import Request.
  Time since last request: 0.000015 seconds.
  path: Assets/QuantumRaven/Art/Items/Toolkit/WorkTable/Alchemy_Table_15.png
  artifactKey: Guid(2f6f2a3fb76392347b6d929778becddb) Importer(815301076,1909f56bfc062723c751e8b465ee728b)
Start importing Assets/QuantumRaven/Art/Items/Toolkit/WorkTable/Alchemy_Table_15.png using Guid(2f6f2a3fb76392347b6d929778becddb) Importer(815301076,1909f56bfc062723c751e8b465ee728b)  -> (artifact id: '0cfb833dcb16c7605bb11454e0580aaa') in 0.018679 seconds 
========================================================================
Received Import Request.
  Time since last request: 0.000025 seconds.
  path: Assets/QuantumRaven/Art/Items/Toolkit/WorkTable/Alchemy_Table_36.png
  artifactKey: Guid(7351ff41f403eda458e4415c5fc349ca) Importer(815301076,1909f56bfc062723c751e8b465ee728b)
Start importing Assets/QuantumRaven/Art/Items/Toolkit/WorkTable/Alchemy_Table_36.png using Guid(7351ff41f403eda458e4415c5fc349ca) Importer(815301076,1909f56bfc062723c751e8b465ee728b)  -> (artifact id: '325313ad1eae6f5db2fe96b035f94870') in 0.019917 seconds 
========================================================================
Received Import Request.
  Time since last request: 0.000023 seconds.
  path: Assets/QuantumRaven/Art/Items/Toolkit/WorkTable/Alchemy_Table_18.png
  artifactKey: Guid(0b56b4da80453774b81444358f155fc0) Importer(815301076,1909f56bfc062723c751e8b465ee728b)
Start importing Assets/QuantumRaven/Art/Items/Toolkit/WorkTable/Alchemy_Table_18.png using Guid(0b56b4da80453774b81444358f155fc0) Importer(815301076,1909f56bfc062723c751e8b465ee728b)  -> (artifact id: '705321768d4f84999a8169fd8bd3ee79') in 0.020130 seconds 
========================================================================
Received Import Request.
  Time since last request: 0.000019 seconds.
  path: Assets/QuantumRaven/Art/Items/Toolkit/WorkTable/Alchemy_Table_13.png
  artifactKey: Guid(2040198971885724f8127fbbd0428ea5) Importer(815301076,1909f56bfc062723c751e8b465ee728b)
Start importing Assets/QuantumRaven/Art/Items/Toolkit/WorkTable/Alchemy_Table_13.png using Guid(2040198971885724f8127fbbd0428ea5) Importer(815301076,1909f56bfc062723c751e8b465ee728b)  -> (artifact id: 'd58812a01217948730c629d185e6ec9b') in 0.021709 seconds 
========================================================================
Received Prepare
Registering precompiled user dll's ...
Registered in 0.010238 seconds.
Begin MonoManager ReloadAssembly
Native extension for WindowsStandalone target not found
Refreshing native plugins compatible for Editor in 0.65 ms, found 1 plugins.
Preloading 0 native plugins for Editor in 0.00 ms.
Mono: successfully reloaded assembly
- Completed reload, in  0.517 seconds
Domain Reload Profiling:
	ReloadAssembly (517ms)
		BeginReloadAssembly (92ms)
			ExecutionOrderSort (0ms)
			DisableScriptedObjects (4ms)
			BackupInstance (0ms)
			ReleaseScriptingObjects (0ms)
			CreateAndSetChildDomain (19ms)
		EndReloadAssembly (364ms)
			LoadAssemblies (59ms)
			RebuildTransferFunctionScriptingTraits (0ms)
			SetupTypeCache (94ms)
			ReleaseScriptCaches (1ms)
			RebuildScriptCaches (23ms)
			SetupLoadedEditorAssemblies (167ms)
				LogAssemblyErrors (0ms)
				InitializePlatformSupportModulesInManaged (3ms)
				SetLoadedEditorAssemblies (0ms)
				RefreshPlugins (1ms)
				BeforeProcessingInitializeOnLoad (39ms)
				ProcessInitializeOnLoadAttributes (81ms)
				ProcessInitializeOnLoadMethodAttributes (35ms)
				AfterProcessingInitializeOnLoad (8ms)
				EditorAssembliesLoaded (0ms)
			ExecutionOrderSort2 (0ms)
			AwakeInstancesAfterBackupRestoration (5ms)
Platform modules already initialized, skipping
Refreshing native plugins compatible for Editor in 2.01 ms, found 1 plugins.
Preloading 0 native plugins for Editor in 0.00 ms.
Unloading 2143 Unused Serialized files (Serialized files now loaded: 0)
Unloading 27 unused Assets / (92.7 KB). Loaded Objects now: 2664.
Memory consumption went from 108.7 MB to 108.6 MB.
Total: 2.041700 ms (FindLiveObjects: 0.097700 ms CreateObjectMapping: 0.027400 ms MarkObjects: 1.888700 ms  DeleteObjects: 0.027300 ms)

AssetImportParameters requested are different than current active one (requested -> active):
  custom:video-decoder-ogg-theora: a1e56fd34408186e4bbccfd4996cb3dc -> 
  custom:container-muxer-webm: aa71ff27fc2769a1b78a27578f13a17b -> 
  custom:container-demuxer-webm: 4f35f7cbe854078d1ac9338744f61a02 -> 
  custom:video-encoder-webm-vp8: eb34c28f22e8b96e1ab97ce403110664 -> 
  custom:video-codec-MediaFoundation-h265: 746d11721c4dcdbdad8f713fa42b33f4 -> 
  custom:CustomObjectIndexerAttribute: bc11b3a6c3213fcdd17b65e7da85e133 -> 
  custom:audio-encoder-webm-vorbis: bf7c407c2cedff20999df2af8eb42d56 -> 
  custom:framework-win-MediaFoundation: 216162199b28c13a410421893ffa2e32 -> 
  custom:container-demuxer-ogg: 62fdf1f143b41e24485cea50d1cbac27 -> 
  custom:video-decoder-webm-vp8: 9c59270c3fd7afecdb556c50c9e8de78 -> 
  custom:audio-decoder-ogg-vorbis: bf7c407c2cedff20999df2af8eb42d56 -> 
========================================================================
Received Prepare
Registering precompiled user dll's ...
Registered in 0.008455 seconds.
Begin MonoManager ReloadAssembly
Native extension for WindowsStandalone target not found
Refreshing native plugins compatible for Editor in 0.66 ms, found 1 plugins.
Preloading 0 native plugins for Editor in 0.00 ms.
Mono: successfully reloaded assembly
- Completed reload, in  0.519 seconds
Domain Reload Profiling:
	ReloadAssembly (520ms)
		BeginReloadAssembly (91ms)
			ExecutionOrderSort (0ms)
			DisableScriptedObjects (3ms)
			BackupInstance (0ms)
			ReleaseScriptingObjects (0ms)
			CreateAndSetChildDomain (19ms)
		EndReloadAssembly (364ms)
			LoadAssemblies (58ms)
			RebuildTransferFunctionScriptingTraits (0ms)
			SetupTypeCache (92ms)
			ReleaseScriptCaches (1ms)
			RebuildScriptCaches (23ms)
			SetupLoadedEditorAssemblies (169ms)
				LogAssemblyErrors (0ms)
				InitializePlatformSupportModulesInManaged (3ms)
				SetLoadedEditorAssemblies (0ms)
				RefreshPlugins (1ms)
				BeforeProcessingInitializeOnLoad (41ms)
				ProcessInitializeOnLoadAttributes (75ms)
				ProcessInitializeOnLoadMethodAttributes (38ms)
				AfterProcessingInitializeOnLoad (10ms)
				EditorAssembliesLoaded (0ms)
			ExecutionOrderSort2 (0ms)
			AwakeInstancesAfterBackupRestoration (4ms)
Platform modules already initialized, skipping
Refreshing native plugins compatible for Editor in 1.75 ms, found 1 plugins.
Preloading 0 native plugins for Editor in 0.00 ms.
Unloading 2143 Unused Serialized files (Serialized files now loaded: 0)
Unloading 27 unused Assets / (92.7 KB). Loaded Objects now: 2679.
Memory consumption went from 108.7 MB to 108.6 MB.
Total: 1.992100 ms (FindLiveObjects: 0.101400 ms CreateObjectMapping: 0.026600 ms MarkObjects: 1.836400 ms  DeleteObjects: 0.026900 ms)

AssetImportParameters requested are different than current active one (requested -> active):
  custom:video-decoder-ogg-theora: a1e56fd34408186e4bbccfd4996cb3dc -> 
  custom:container-muxer-webm: aa71ff27fc2769a1b78a27578f13a17b -> 
  custom:container-demuxer-webm: 4f35f7cbe854078d1ac9338744f61a02 -> 
  custom:video-encoder-webm-vp8: eb34c28f22e8b96e1ab97ce403110664 -> 
  custom:video-codec-MediaFoundation-h265: 746d11721c4dcdbdad8f713fa42b33f4 -> 
  custom:CustomObjectIndexerAttribute: bc11b3a6c3213fcdd17b65e7da85e133 -> 
  custom:audio-encoder-webm-vorbis: bf7c407c2cedff20999df2af8eb42d56 -> 
  custom:framework-win-MediaFoundation: 216162199b28c13a410421893ffa2e32 -> 
  custom:container-demuxer-ogg: 62fdf1f143b41e24485cea50d1cbac27 -> 
  custom:video-decoder-webm-vp8: 9c59270c3fd7afecdb556c50c9e8de78 -> 
  custom:audio-decoder-ogg-vorbis: bf7c407c2cedff20999df2af8eb42d56 -> 
========================================================================
Received Import Request.
  Time since last request: 801.236630 seconds.
  path: Assets/QuantumRaven/Art/Enviroment/Props/Trees/Tree_01_red/Tree_sapling_01.png
  artifactKey: Guid(8e318fda29c632a49a40a41f9121c2f7) Importer(815301076,1909f56bfc062723c751e8b465ee728b)
Start importing Assets/QuantumRaven/Art/Enviroment/Props/Trees/Tree_01_red/Tree_sapling_01.png using Guid(8e318fda29c632a49a40a41f9121c2f7) Importer(815301076,1909f56bfc062723c751e8b465ee728b)  -> (artifact id: '1b365b2f79ea81d032f5661ec3c5f75c') in 0.054600 seconds 
========================================================================
Received Import Request.
  Time since last request: 0.000024 seconds.
  path: Assets/QuantumRaven/Art/Enviroment/Props/Trees/Tree_01_green/Tree_trunk_01.png
  artifactKey: Guid(5367f67ce1955674f876f31b5c59af2d) Importer(815301076,1909f56bfc062723c751e8b465ee728b)
Start importing Assets/QuantumRaven/Art/Enviroment/Props/Trees/Tree_01_green/Tree_trunk_01.png using Guid(5367f67ce1955674f876f31b5c59af2d) Importer(815301076,1909f56bfc062723c751e8b465ee728b)  -> (artifact id: '3080c7b81a663d164a3f390857db7570') in 0.010425 seconds 
========================================================================
Received Import Request.
  Time since last request: 0.000021 seconds.
  path: Assets/QuantumRaven/Art/Enviroment/Props/Trees/Tree_01_brown/Tree_seed_01.png
  artifactKey: Guid(57b2a53cfb8cfda49995b55683131ece) Importer(815301076,1909f56bfc062723c751e8b465ee728b)
Start importing Assets/QuantumRaven/Art/Enviroment/Props/Trees/Tree_01_brown/Tree_seed_01.png using Guid(57b2a53cfb8cfda49995b55683131ece) Importer(815301076,1909f56bfc062723c751e8b465ee728b)  -> (artifact id: 'b840e3588a8c4ccb464e5794e7e43ce4') in 0.023603 seconds 
Editor requested this worker to shutdown with reason: Scaling down because of idle timeout
AssetImportWorker is now disconnected from the server
Process exiting
Exiting without the bug reporter. Application will terminate with return code 0